Archive member included to satisfy reference by file (symbol)

/home/odemki/Programs/programs/STM32IDE/1/en.en-st-stm32cubeide_1-5-0_8698_20201117_1050_amd64_sh/makeself_dir_5QpOGP/y/plugins/com.st.stm32cube.ide.mcu.externaltools.gnu-tools-for-stm32.9-2020-q2-update.linux64_1.5.0.202011040924/tools/bin/../lib/gcc/arm-none-eabi/9.3.1/../../../../arm-none-eabi/lib/thumb/v7e-m+fp/hard/libc_nano.a(lib_a-errno.o)
                              Core/Src/syscalls.o (__errno)
/home/odemki/Programs/programs/STM32IDE/1/en.en-st-stm32cubeide_1-5-0_8698_20201117_1050_amd64_sh/makeself_dir_5QpOGP/y/plugins/com.st.stm32cube.ide.mcu.externaltools.gnu-tools-for-stm32.9-2020-q2-update.linux64_1.5.0.202011040924/tools/bin/../lib/gcc/arm-none-eabi/9.3.1/../../../../arm-none-eabi/lib/thumb/v7e-m+fp/hard/libc_nano.a(lib_a-exit.o)
                              /home/odemki/Programs/programs/STM32IDE/1/en.en-st-stm32cubeide_1-5-0_8698_20201117_1050_amd64_sh/makeself_dir_5QpOGP/y/plugins/com.st.stm32cube.ide.mcu.externaltools.gnu-tools-for-stm32.9-2020-q2-update.linux64_1.5.0.202011040924/tools/bin/../lib/gcc/arm-none-eabi/9.3.1/../../../../arm-none-eabi/lib/thumb/v7e-m+fp/hard/crt0.o (exit)
/home/odemki/Programs/programs/STM32IDE/1/en.en-st-stm32cubeide_1-5-0_8698_20201117_1050_amd64_sh/makeself_dir_5QpOGP/y/plugins/com.st.stm32cube.ide.mcu.externaltools.gnu-tools-for-stm32.9-2020-q2-update.linux64_1.5.0.202011040924/tools/bin/../lib/gcc/arm-none-eabi/9.3.1/../../../../arm-none-eabi/lib/thumb/v7e-m+fp/hard/libc_nano.a(lib_a-impure.o)
                              /home/odemki/Programs/programs/STM32IDE/1/en.en-st-stm32cubeide_1-5-0_8698_20201117_1050_amd64_sh/makeself_dir_5QpOGP/y/plugins/com.st.stm32cube.ide.mcu.externaltools.gnu-tools-for-stm32.9-2020-q2-update.linux64_1.5.0.202011040924/tools/bin/../lib/gcc/arm-none-eabi/9.3.1/../../../../arm-none-eabi/lib/thumb/v7e-m+fp/hard/libc_nano.a(lib_a-exit.o) (_global_impure_ptr)
/home/odemki/Programs/programs/STM32IDE/1/en.en-st-stm32cubeide_1-5-0_8698_20201117_1050_amd64_sh/makeself_dir_5QpOGP/y/plugins/com.st.stm32cube.ide.mcu.externaltools.gnu-tools-for-stm32.9-2020-q2-update.linux64_1.5.0.202011040924/tools/bin/../lib/gcc/arm-none-eabi/9.3.1/../../../../arm-none-eabi/lib/thumb/v7e-m+fp/hard/libc_nano.a(lib_a-init.o)
                              /home/odemki/Programs/programs/STM32IDE/1/en.en-st-stm32cubeide_1-5-0_8698_20201117_1050_amd64_sh/makeself_dir_5QpOGP/y/plugins/com.st.stm32cube.ide.mcu.externaltools.gnu-tools-for-stm32.9-2020-q2-update.linux64_1.5.0.202011040924/tools/bin/../lib/gcc/arm-none-eabi/9.3.1/../../../../arm-none-eabi/lib/thumb/v7e-m+fp/hard/crt0.o (__libc_init_array)
/home/odemki/Programs/programs/STM32IDE/1/en.en-st-stm32cubeide_1-5-0_8698_20201117_1050_amd64_sh/makeself_dir_5QpOGP/y/plugins/com.st.stm32cube.ide.mcu.externaltools.gnu-tools-for-stm32.9-2020-q2-update.linux64_1.5.0.202011040924/tools/bin/../lib/gcc/arm-none-eabi/9.3.1/../../../../arm-none-eabi/lib/thumb/v7e-m+fp/hard/libc_nano.a(lib_a-malloc.o)
                              Core/Src/sensors/main_sensor_file.o (malloc)
/home/odemki/Programs/programs/STM32IDE/1/en.en-st-stm32cubeide_1-5-0_8698_20201117_1050_amd64_sh/makeself_dir_5QpOGP/y/plugins/com.st.stm32cube.ide.mcu.externaltools.gnu-tools-for-stm32.9-2020-q2-update.linux64_1.5.0.202011040924/tools/bin/../lib/gcc/arm-none-eabi/9.3.1/../../../../arm-none-eabi/lib/thumb/v7e-m+fp/hard/libc_nano.a(lib_a-memcpy-stub.o)
                              Core/Src/sensors/main_sensor_file.o (memcpy)
/home/odemki/Programs/programs/STM32IDE/1/en.en-st-stm32cubeide_1-5-0_8698_20201117_1050_amd64_sh/makeself_dir_5QpOGP/y/plugins/com.st.stm32cube.ide.mcu.externaltools.gnu-tools-for-stm32.9-2020-q2-update.linux64_1.5.0.202011040924/tools/bin/../lib/gcc/arm-none-eabi/9.3.1/../../../../arm-none-eabi/lib/thumb/v7e-m+fp/hard/libc_nano.a(lib_a-memset.o)
                              /home/odemki/Programs/programs/STM32IDE/1/en.en-st-stm32cubeide_1-5-0_8698_20201117_1050_amd64_sh/makeself_dir_5QpOGP/y/plugins/com.st.stm32cube.ide.mcu.externaltools.gnu-tools-for-stm32.9-2020-q2-update.linux64_1.5.0.202011040924/tools/bin/../lib/gcc/arm-none-eabi/9.3.1/../../../../arm-none-eabi/lib/thumb/v7e-m+fp/hard/crt0.o (memset)
/home/odemki/Programs/programs/STM32IDE/1/en.en-st-stm32cubeide_1-5-0_8698_20201117_1050_amd64_sh/makeself_dir_5QpOGP/y/plugins/com.st.stm32cube.ide.mcu.externaltools.gnu-tools-for-stm32.9-2020-q2-update.linux64_1.5.0.202011040924/tools/bin/../lib/gcc/arm-none-eabi/9.3.1/../../../../arm-none-eabi/lib/thumb/v7e-m+fp/hard/libc_nano.a(lib_a-nano-freer.o)
                              /home/odemki/Programs/programs/STM32IDE/1/en.en-st-stm32cubeide_1-5-0_8698_20201117_1050_amd64_sh/makeself_dir_5QpOGP/y/plugins/com.st.stm32cube.ide.mcu.externaltools.gnu-tools-for-stm32.9-2020-q2-update.linux64_1.5.0.202011040924/tools/bin/../lib/gcc/arm-none-eabi/9.3.1/../../../../arm-none-eabi/lib/thumb/v7e-m+fp/hard/libc_nano.a(lib_a-malloc.o) (_free_r)
[...]
Memory Configuration

Name             Origin             Length             Attributes
CCMRAM           0x0000000010000000 0x0000000000010000 xrw
RAM              0x0000000020000000 0x0000000000020000 xrw
FLASH            0x0000000008000000 0x0000000000100000 xr
*default*        0x0000000000000000 0xffffffffffffffff

Linker script and memory map

LOAD /home/odemki/Programs/programs/STM32IDE/1/en.en-st-stm32cubeide_1-5-0_8698_20201117_1050_amd64_sh/makeself_dir_5QpOGP/y/plugins/com.st.stm32cube.ide.mcu.externaltools.gnu-tools-for-stm32.9-2020-q2-update.linux64_1.5.0.202011040924/tools/bin/../lib/gcc/arm-none-eabi/9.3.1/thumb/v7e-m+fp/hard/crti.o
LOAD /home/odemki/Programs/programs/STM32IDE/1/en.en-st-stm32cubeide_1-5-0_8698_20201117_1050_amd64_sh/makeself_dir_5QpOGP/y/plugins/com.st.stm32cube.ide.mcu.externaltools.gnu-tools-for-stm32.9-2020-q2-update.linux64_1.5.0.202011040924/tools/bin/../lib/gcc/arm-none-eabi/9.3.1/thumb/v7e-m+fp/hard/crtbegin.o
LOAD /home/odemki/Programs/programs/STM32IDE/1/en.en-st-stm32cubeide_1-5-0_8698_20201117_1050_amd64_sh/makeself_dir_5QpOGP/y/plugins/com.st.stm32cube.ide.mcu.externaltools.gnu-tools-for-stm32.9-2020-q2-update.linux64_1.5.0.202011040924/tools/bin/../lib/gcc/arm-none-eabi/9.3.1/../../../../arm-none-eabi/lib/thumb/v7e-m+fp/hard/crt0.o
LOAD Core/Src/keyboard.o
LOAD Core/Src/main.o
LOAD Core/Src/stm32f4xx_hal_msp.o
LOAD Core/Src/stm32f4xx_it.o
LOAD Core/Src/syscalls.o
LOAD Core/Src/sysmem.o
LOAD Core/Src/system_stm32f4xx.o
LOAD Core/Src/screens/lcd/ILI9341_GFX.o
LOAD Core/Src/screens/lcd/ILI9341_STM32_Driver.o
LOAD Core/Src/screens/lcd/ILI9341_Touchscreen.o
LOAD Core/Src/screens/lcd/LCD.o
LOAD Core/Src/screens/oled/fonts.o
LOAD Core/Src/screens/oled/gfx.o
LOAD Core/Src/screens/oled/oled.o
LOAD Core/Src/sensors/bme280.o
LOAD Core/Src/sensors/hmc5883l.o
LOAD Core/Src/sensors/i2c_scanner.o
LOAD Core/Src/sensors/main_sensor_file.o
LOAD Core/Src/sensors/mpu6050.o
LOAD Core/Startup/startup_stm32f407vgtx.o
LOAD Drivers/STM32F4xx_HAL_Driver/Src/stm32f4xx_hal.o
LOAD Drivers/STM32F4xx_HAL_Driver/Src/stm32f4xx_hal_cortex.o
LOAD Drivers/STM32F4xx_HAL_Driver/Src/stm32f4xx_hal_dma.o
LOAD Drivers/STM32F4xx_HAL_Driver/Src/stm32f4xx_hal_dma_ex.o
LOAD Drivers/STM32F4xx_HAL_Driver/Src/stm32f4xx_hal_exti.o
LOAD Drivers/STM32F4xx_HAL_Driver/Src/stm32f4xx_hal_flash.o
LOAD Drivers/STM32F4xx_HAL_Driver/Src/stm32f4xx_hal_flash_ex.o
LOAD Drivers/STM32F4xx_HAL_Driver/Src/stm32f4xx_hal_flash_ramfunc.o
LOAD Drivers/STM32F4xx_HAL_Driver/Src/stm32f4xx_hal_gpio.o
LOAD Drivers/STM32F4xx_HAL_Driver/Src/stm32f4xx_hal_hcd.o
LOAD Drivers/STM32F4xx_HAL_Driver/Src/stm32f4xx_hal_i2c.o
LOAD Drivers/STM32F4xx_HAL_Driver/Src/stm32f4xx_hal_i2c_ex.o
LOAD Drivers/STM32F4xx_HAL_Driver/Src/stm32f4xx_hal_i2s.o
LOAD Drivers/STM32F4xx_HAL_Driver/Src/stm32f4xx_hal_i2s_ex.o
LOAD Drivers/STM32F4xx_HAL_Driver/Src/stm32f4xx_hal_pwr.o
LOAD Drivers/STM32F4xx_HAL_Driver/Src/stm32f4xx_hal_pwr_ex.o
LOAD Drivers/STM32F4xx_HAL_Driver/Src/stm32f4xx_hal_rcc.o
LOAD Drivers/STM32F4xx_HAL_Driver/Src/stm32f4xx_hal_rcc_ex.o
LOAD Drivers/STM32F4xx_HAL_Driver/Src/stm32f4xx_hal_rng.o
LOAD Drivers/STM32F4xx_HAL_Driver/Src/stm32f4xx_hal_spi.o
LOAD Drivers/STM32F4xx_HAL_Driver/Src/stm32f4xx_hal_tim.o
LOAD Drivers/STM32F4xx_HAL_Driver/Src/stm32f4xx_hal_tim_ex.o
LOAD Drivers/STM32F4xx_HAL_Driver/Src/stm32f4xx_ll_usb.o
LOAD Middlewares/ST/STM32_USB_Host_Library/Class/CDC/Src/usbh_cdc.o
LOAD Middlewares/ST/STM32_USB_Host_Library/Core/Src/usbh_core.o
LOAD Middlewares/ST/STM32_USB_Host_Library/Core/Src/usbh_ctlreq.o
LOAD Middlewares/ST/STM32_USB_Host_Library/Core/Src/usbh_ioreq.o
LOAD Middlewares/ST/STM32_USB_Host_Library/Core/Src/usbh_pipes.o
LOAD USB_HOST/App/usb_host.o
LOAD USB_HOST/Target/usbh_conf.o
LOAD USB_HOST/Target/usbh_platform.o
START GROUP
LOAD /home/odemki/Programs/programs/STM32IDE/1/en.en-st-stm32cubeide_1-5-0_8698_20201117_1050_amd64_sh/makeself_dir_5QpOGP/y/plugins/com.st.stm32cube.ide.mcu.externaltools.gnu-tools-for-stm32.9-2020-q2-update.linux64_1.5.0.202011040924/tools/bin/../lib/gcc/arm-none-eabi/9.3.1/../../../../arm-none-eabi/lib/thumb/v7e-m+fp/hard/libc_nano.a
LOAD /home/odemki/Programs/programs/STM32IDE/1/en.en-st-stm32cubeide_1-5-0_8698_20201117_1050_amd64_sh/makeself_dir_5QpOGP/y/plugins/com.st.stm32cube.ide.mcu.externaltools.gnu-tools-for-stm32.9-2020-q2-update.linux64_1.5.0.202011040924/tools/bin/../lib/gcc/arm-none-eabi/9.3.1/../../../../arm-none-eabi/lib/thumb/v7e-m+fp/hard/libm.a
END GROUP
START GROUP
LOAD /home/odemki/Programs/programs/STM32IDE/1/en.en-st-stm32cubeide_1-5-0_8698_20201117_1050_amd64_sh/makeself_dir_5QpOGP/y/plugins/com.st.stm32cube.ide.mcu.externaltools.gnu-tools-for-stm32.9-2020-q2-update.linux64_1.5.0.202011040924/tools/bin/../lib/gcc/arm-none-eabi/9.3.1/thumb/v7e-m+fp/hard/libgcc.a
LOAD /home/odemki/Programs/programs/STM32IDE/1/en.en-st-stm32cubeide_1-5-0_8698_20201117_1050_amd64_sh/makeself_dir_5QpOGP/y/plugins/com.st.stm32cube.ide.mcu.externaltools.gnu-tools-for-stm32.9-2020-q2-update.linux64_1.5.0.202011040924/tools/bin/../lib/gcc/arm-none-eabi/9.3.1/../../../../arm-none-eabi/lib/thumb/v7e-m+fp/hard/libc_nano.a
END GROUP
START GROUP
LOAD /home/odemki/Programs/programs/STM32IDE/1/en.en-st-stm32cubeide_1-5-0_8698_20201117_1050_amd64_sh/makeself_dir_5QpOGP/y/plugins/com.st.stm32cube.ide.mcu.externaltools.gnu-tools-for-stm32.9-2020-q2-update.linux64_1.5.0.202011040924/tools/bin/../lib/gcc/arm-none-eabi/9.3.1/thumb/v7e-m+fp/hard/libgcc.a
LOAD /home/odemki/Programs/programs/STM32IDE/1/en.en-st-stm32cubeide_1-5-0_8698_20201117_1050_amd64_sh/makeself_dir_5QpOGP/y/plugins/com.st.stm32cube.ide.mcu.externaltools.gnu-tools-for-stm32.9-2020-q2-update.linux64_1.5.0.202011040924/tools/bin/../lib/gcc/arm-none-eabi/9.3.1/../../../../arm-none-eabi/lib/thumb/v7e-m+fp/hard/libc_nano.a
LOAD /home/odemki/Programs/programs/STM32IDE/1/en.en-st-stm32cubeide_1-5-0_8698_20201117_1050_amd64_sh/makeself_dir_5QpOGP/y/plugins/com.st.stm32cube.ide.mcu.externaltools.gnu-tools-for-stm32.9-2020-q2-update.linux64_1.5.0.202011040924/tools/bin/../lib/gcc/arm-none-eabi/9.3.1/../../../../arm-none-eabi/lib/thumb/v7e-m+fp/hard/libnosys.a
END GROUP
START GROUP
LOAD /home/odemki/Programs/programs/STM32IDE/1/en.en-st-stm32cubeide_1-5-0_8698_20201117_1050_amd64_sh/makeself_dir_5QpOGP/y/plugins/com.st.stm32cube.ide.mcu.externaltools.gnu-tools-for-stm32.9-2020-q2-update.linux64_1.5.0.202011040924/tools/bin/../lib/gcc/arm-none-eabi/9.3.1/thumb/v7e-m+fp/hard/libgcc.a
LOAD /home/odemki/Programs/programs/STM32IDE/1/en.en-st-stm32cubeide_1-5-0_8698_20201117_1050_amd64_sh/makeself_dir_5QpOGP/y/plugins/com.st.stm32cube.ide.mcu.externaltools.gnu-tools-for-stm32.9-2020-q2-update.linux64_1.5.0.202011040924/tools/bin/../lib/gcc/arm-none-eabi/9.3.1/../../../../arm-none-eabi/lib/thumb/v7e-m+fp/hard/libc_nano.a
LOAD /home/odemki/Programs/programs/STM32IDE/1/en.en-st-stm32cubeide_1-5-0_8698_20201117_1050_amd64_sh/makeself_dir_5QpOGP/y/plugins/com.st.stm32cube.ide.mcu.externaltools.gnu-tools-for-stm32.9-2020-q2-update.linux64_1.5.0.202011040924/tools/bin/../lib/gcc/arm-none-eabi/9.3.1/../../../../arm-none-eabi/lib/thumb/v7e-m+fp/hard/libnosys.a
END GROUP
LOAD /home/odemki/Programs/programs/STM32IDE/1/en.en-st-stm32cubeide_1-5-0_8698_20201117_1050_amd64_sh/makeself_dir_5QpOGP/y/plugins/com.st.stm32cube.ide.mcu.externaltools.gnu-tools-for-stm32.9-2020-q2-update.linux64_1.5.0.202011040924/tools/bin/../lib/gcc/arm-none-eabi/9.3.1/thumb/v7e-m+fp/hard/crtend.o
LOAD /home/odemki/Programs/programs/STM32IDE/1/en.en-st-stm32cubeide_1-5-0_8698_20201117_1050_amd64_sh/makeself_dir_5QpOGP/y/plugins/com.st.stm32cube.ide.mcu.externaltools.gnu-tools-for-stm32.9-2020-q2-update.linux64_1.5.0.202011040924/tools/bin/../lib/gcc/arm-none-eabi/9.3.1/thumb/v7e-m+fp/hard/crtn.o
                0x0000000020020000                _estack = (ORIGIN (RAM) + LENGTH (RAM))
                0x0000000000000200                _Min_Heap_Size = 0x200
                0x0000000000000400                _Min_Stack_Size = 0x400

.isr_vector     0x0000000008000000      0x188
                0x0000000008000000                . = ALIGN (0x4)
 *(.isr_vector)
 .isr_vector    0x0000000008000000      0x188 Core/Startup/startup_stm32f407vgtx.o
                0x0000000008000000                g_pfnVectors
                0x0000000008000188                . = ALIGN (0x4)

.text           0x0000000008000188     0xed64
                0x0000000008000188                . = ALIGN (0x4)
 *(.text)
 .text          0x0000000008000188       0x40 /home/odemki/Programs/programs/STM32IDE/1/en.en-st-stm32cubeide_1-5-0_8698_20201117_1050_amd64_sh/makeself_dir_5QpOGP/y/plugins/com.st.stm32cube.ide.mcu.externaltools.gnu-tools-for-stm32.9-2020-q2-update.linux64_1.5.0.202011040924/tools/bin/../lib/gcc/arm-none-eabi/9.3.1/thumb/v7e-m+fp/hard/crtbegin.o
 .text          0x00000000080001c8      0x378 /home/odemki/Programs/programs/STM32IDE/1/en.en-st-stm32cubeide_1-5-0_8698_20201117_1050_amd64_sh/makeself_dir_5QpOGP/y/plugins/com.st.stm32cube.ide.mcu.externaltools.gnu-tools-for-stm32.9-2020-q2-update.linux64_1.5.0.202011040924/tools/bin/../lib/gcc/arm-none-eabi/9.3.1/thumb/v7e-m+fp/hard/libgcc.a(_arm_addsubdf3.o)
                0x00000000080001c8                __aeabi_drsub
                0x00000000080001d0                __aeabi_dsub
                0x00000000080001d0                __subdf3
                0x00000000080001d4                __adddf3
                0x00000000080001d4                __aeabi_dadd
                0x000000000800044c                __aeabi_ui2d
                0x000000000800044c                __floatunsidf
                0x000000000800046c                __floatsidf
                0x000000000800046c                __aeabi_i2d
                0x0000000008000490                __extendsfdf2
                0x0000000008000490                __aeabi_f2d
                0x00000000080004d4                __aeabi_ul2d
                0x00000000080004d4                __floatundidf
                0x00000000080004e4                __floatdidf
                0x00000000080004e4                __aeabi_l2d
 .text          0x0000000008000540      0x424 /home/odemki/Programs/programs/STM32IDE/1/en.en-st-stm32cubeide_1-5-0_8698_20201117_1050_amd64_sh/makeself_dir_5QpOGP/y/plugins/com.st.stm32cube.ide.mcu.externaltools.gnu-tools-for-stm32.9-2020-q2-update.linux64_1.5.0.202011040924/tools/bin/../lib/gcc/arm-none-eabi/9.3.1/thumb/v7e-m+fp/hard/libgcc.a(_arm_muldivdf3.o)
                0x0000000008000540                __aeabi_dmul
                0x0000000008000540                __muldf3
                0x0000000008000794                __aeabi_ddiv
                0x0000000008000794                __divdf3
 .text          0x0000000008000964      0x110 /home/odemki/Programs/programs/STM32IDE/1/en.en-st-stm32cubeide_1-5-0_8698_20201117_1050_amd64_sh/makeself_dir_5QpOGP/y/plugins/com.st.stm32cube.ide.mcu.externaltools.gnu-tools-for-stm32.9-2020-q2-update.linux64_1.5.0.202011040924/tools/bin/../lib/gcc/arm-none-eabi/9.3.1/thumb/v7e-m+fp/hard/libgcc.a(_arm_cmpdf2.o)
                0x0000000008000964                __gtdf2
                0x0000000008000964                __gedf2
                0x000000000800096c                __ltdf2
                0x000000000800096c                __ledf2
                0x0000000008000974                __cmpdf2
                0x0000000008000974                __eqdf2
                0x0000000008000974                __nedf2
                0x00000000080009f0                __aeabi_cdrcmple
                0x0000000008000a00                __aeabi_cdcmple
                0x0000000008000a00                __aeabi_cdcmpeq
                0x0000000008000a10                __aeabi_dcmpeq
                0x0000000008000a24                __aeabi_dcmplt
                0x0000000008000a38                __aeabi_dcmple
                0x0000000008000a4c                __aeabi_dcmpge
                0x0000000008000a60                __aeabi_dcmpgt
 .text          0x0000000008000a74       0x50 /home/odemki/Programs/programs/STM32IDE/1/en.en-st-stm32cubeide_1-5-0_8698_20201117_1050_amd64_sh/makeself_dir_5QpOGP/y/plugins/com.st.stm32cube.ide.mcu.externaltools.gnu-tools-for-stm32.9-2020-q2-update.linux64_1.5.0.202011040924/tools/bin/../lib/gcc/arm-none-eabi/9.3.1/thumb/v7e-m+fp/hard/libgcc.a(_arm_fixdfsi.o)
                0x0000000008000a74                __fixdfsi
                0x0000000008000a74                __aeabi_d2iz
 .text          0x0000000008000ac4       0xa0 /home/odemki/Programs/programs/STM32IDE/1/en.en-st-stm32cubeide_1-5-0_8698_20201117_1050_amd64_sh/makeself_dir_5QpOGP/y/plugins/com.st.stm32cube.ide.mcu.externaltools.gnu-tools-for-stm32.9-2020-q2-update.linux64_1.5.0.202011040924/tools/bin/../lib/gcc/arm-none-eabi/9.3.1/thumb/v7e-m+fp/hard/libgcc.a(_arm_truncdfsf2.o)
                0x0000000008000ac4                __aeabi_d2f
                0x0000000008000ac4                __truncdfsf2
 .text          0x0000000008000b64       0x30 /home/odemki/Programs/programs/STM32IDE/1/en.en-st-stm32cubeide_1-5-0_8698_20201117_1050_amd64_sh/makeself_dir_5QpOGP/y/plugins/com.st.stm32cube.ide.mcu.externaltools.gnu-tools-for-stm32.9-2020-q2-update.linux64_1.5.0.202011040924/tools/bin/../lib/gcc/arm-none-eabi/9.3.1/thumb/v7e-m+fp/hard/libgcc.a(_aeabi_uldivmod.o)
                0x0000000008000b64                __aeabi_uldivmod
 .text          0x0000000008000b94      0x2c4 /home/odemki/Programs/programs/STM32IDE/1/en.en-st-stm32cubeide_1-5-0_8698_20201117_1050_amd64_sh/makeself_dir_5QpOGP/y/plugins/com.st.stm32cube.ide.mcu.externaltools.gnu-tools-for-stm32.9-2020-q2-update.linux64_1.5.0.202011040924/tools/bin/../lib/gcc/arm-none-eabi/9.3.1/thumb/v7e-m+fp/hard/libgcc.a(_udivmoddi4.o)
                0x0000000008000b94                __udivmoddi4
 .text          0x0000000008000e58        0x4 /home/odemki/Programs/programs/STM32IDE/1/en.en-st-stm32cubeide_1-5-0_8698_20201117_1050_amd64_sh/makeself_dir_5QpOGP/y/plugins/com.st.stm32cube.ide.mcu.externaltools.gnu-tools-for-stm32.9-2020-q2-update.linux64_1.5.0.202011040924/tools/bin/../lib/gcc/arm-none-eabi/9.3.1/thumb/v7e-m+fp/hard/libgcc.a(_dvmd_tls.o)
                0x0000000008000e58                __aeabi_ldiv0
                0x0000000008000e58                __aeabi_idiv0
 *(.text*)
 .text.read_digits
                0x0000000008000e5c       0xb4 Core/Src/keyboard.o
                0x0000000008000e5c                read_digits
 .text.read_one_digit_from_keyboard
                0x0000000008000f10      0x35c Core/Src/keyboard.o
                0x0000000008000f10                read_one_digit_from_keyboard
 .text.main     0x000000000800126c       0x90 Core/Src/main.o
                0x000000000800126c                main
 .text.SystemClock_Config
                0x00000000080012fc      0x104 Core/Src/main.o
                0x00000000080012fc                SystemClock_Config
 .text.MX_NVIC_Init
                0x0000000008001400       0x18 Core/Src/main.o
 .text.MX_I2C2_Init
                0x0000000008001418       0x5c Core/Src/main.o
 .text.MX_I2C3_Init
                0x0000000008001474       0x5c Core/Src/main.o
 .text.MX_I2S3_Init
                0x00000000080014d0       0x60 Core/Src/main.o
 .text.MX_RNG_Init
                0x0000000008001530       0x28 Core/Src/main.o
 .text.MX_SPI1_Init
                0x0000000008001558       0x6c Core/Src/main.o
 .text.MX_SPI2_Init
                0x00000000080015c4       0x6c Core/Src/main.o
 .text.MX_TIM1_Init
                0x0000000008001630       0xb0 Core/Src/main.o
 .text.MX_TIM2_Init
                0x00000000080016e0       0x9c Core/Src/main.o
 .text.MX_TIM3_Init
                0x000000000800177c       0xe8 Core/Src/main.o
 .text.MX_GPIO_Init
                0x0000000008001864      0x2d0 Core/Src/main.o
 .text.Error_Handler
                0x0000000008001b34        0xa Core/Src/main.o
                0x0000000008001b34                Error_Handler
 *fill*         0x0000000008001b3e        0x2 
 .text.HAL_MspInit
                0x0000000008001b40       0x60 Core/Src/stm32f4xx_hal_msp.o
                0x0000000008001b40                HAL_MspInit
 .text.HAL_I2C_MspInit
                0x0000000008001ba0      0x140 Core/Src/stm32f4xx_hal_msp.o
                0x0000000008001ba0                HAL_I2C_MspInit
 .text.HAL_I2S_MspInit
                0x0000000008001ce0       0xd0 Core/Src/stm32f4xx_hal_msp.o
                0x0000000008001ce0                HAL_I2S_MspInit
 .text.HAL_RNG_MspInit
                0x0000000008001db0       0x44 Core/Src/stm32f4xx_hal_msp.o
                0x0000000008001db0                HAL_RNG_MspInit
 .text.HAL_SPI_MspInit
                0x0000000008001df4      0x13c Core/Src/stm32f4xx_hal_msp.o
                0x0000000008001df4                HAL_SPI_MspInit
 .text.HAL_TIM_Encoder_MspInit
                0x0000000008001f30       0x90 Core/Src/stm32f4xx_hal_msp.o
                0x0000000008001f30                HAL_TIM_Encoder_MspInit
 .text.HAL_TIM_Base_MspInit
                0x0000000008001fc0       0x78 Core/Src/stm32f4xx_hal_msp.o
                0x0000000008001fc0                HAL_TIM_Base_MspInit
 .text.NMI_Handler
                0x0000000008002038        0x6 Core/Src/stm32f4xx_it.o
                0x0000000008002038                NMI_Handler
 .text.HardFault_Handler
                0x000000000800203e        0x6 Core/Src/stm32f4xx_it.o
                0x000000000800203e                HardFault_Handler
 .text.MemManage_Handler
                0x0000000008002044        0x6 Core/Src/stm32f4xx_it.o
                0x0000000008002044                MemManage_Handler
 .text.BusFault_Handler
                0x000000000800204a        0x6 Core/Src/stm32f4xx_it.o
                0x000000000800204a                BusFault_Handler
 .text.UsageFault_Handler
                0x0000000008002050        0x6 Core/Src/stm32f4xx_it.o
                0x0000000008002050                UsageFault_Handler
 .text.SVC_Handler
                0x0000000008002056        0xe Core/Src/stm32f4xx_it.o
                0x0000000008002056                SVC_Handler
 .text.DebugMon_Handler
                0x0000000008002064        0xe Core/Src/stm32f4xx_it.o
                0x0000000008002064                DebugMon_Handler
 .text.PendSV_Handler
                0x0000000008002072        0xe Core/Src/stm32f4xx_it.o
                0x0000000008002072                PendSV_Handler
 .text.SysTick_Handler
                0x0000000008002080        0xc Core/Src/stm32f4xx_it.o
                0x0000000008002080                SysTick_Handler
 .text.RCC_IRQHandler
                0x000000000800208c        0xe Core/Src/stm32f4xx_it.o
                0x000000000800208c                RCC_IRQHandler
 *fill*         0x000000000800209a        0x2 
 .text.TIM2_IRQHandler
                0x000000000800209c       0x88 Core/Src/stm32f4xx_it.o
                0x000000000800209c                TIM2_IRQHandler
 .text.TIM3_IRQHandler
                0x0000000008002124       0x24 Core/Src/stm32f4xx_it.o
                0x0000000008002124                TIM3_IRQHandler
 .text.OTG_FS_IRQHandler
                0x0000000008002148       0x14 Core/Src/stm32f4xx_it.o
                0x0000000008002148                OTG_FS_IRQHandler
 .text._sbrk    0x000000000800215c       0x6c Core/Src/sysmem.o
                0x000000000800215c                _sbrk
 .text.SystemInit
                0x00000000080021c8       0x24 Core/Src/system_stm32f4xx.o
                0x00000000080021c8                SystemInit
 .text.ILI9341_Draw_Filled_Circle
                0x00000000080021ec      0x110 Core/Src/screens/lcd/ILI9341_GFX.o
                0x00000000080021ec                ILI9341_Draw_Filled_Circle
 .text.ILI9341_Draw_Char
                0x00000000080022fc      0x12c Core/Src/screens/lcd/ILI9341_GFX.o
                0x00000000080022fc                ILI9341_Draw_Char
 .text.ILI9341_Draw_Text
                0x0000000008002428       0x5c Core/Src/screens/lcd/ILI9341_GFX.o
                0x0000000008002428                ILI9341_Draw_Text
 .text.ILI9341_SPI_Init
                0x0000000008002484       0x18 Core/Src/screens/lcd/ILI9341_STM32_Driver.o
                0x0000000008002484                ILI9341_SPI_Init
 .text.ILI9341_SPI_Send
                0x000000000800249c       0x24 Core/Src/screens/lcd/ILI9341_STM32_Driver.o
                0x000000000800249c                ILI9341_SPI_Send
 .text.ILI9341_Write_Command
                0x00000000080024c0       0x3c Core/Src/screens/lcd/ILI9341_STM32_Driver.o
                0x00000000080024c0                ILI9341_Write_Command
 .text.ILI9341_Write_Data
                0x00000000080024fc       0x3c Core/Src/screens/lcd/ILI9341_STM32_Driver.o
                0x00000000080024fc                ILI9341_Write_Data
 .text.ILI9341_Set_Address
                0x0000000008002538       0x98 Core/Src/screens/lcd/ILI9341_STM32_Driver.o
                0x0000000008002538                ILI9341_Set_Address
 .text.ILI9341_Reset
                0x00000000080025d0       0x38 Core/Src/screens/lcd/ILI9341_STM32_Driver.o
                0x00000000080025d0                ILI9341_Reset
 .text.ILI9341_Set_Rotation
                0x0000000008002608       0xa4 Core/Src/screens/lcd/ILI9341_STM32_Driver.o
                0x0000000008002608                ILI9341_Set_Rotation
 .text.ILI9341_Enable
                0x00000000080026ac       0x18 Core/Src/screens/lcd/ILI9341_STM32_Driver.o
                0x00000000080026ac                ILI9341_Enable
 .text.ILI9341_Init
                0x00000000080026c4      0x220 Core/Src/screens/lcd/ILI9341_STM32_Driver.o
                0x00000000080026c4                ILI9341_Init
 .text.ILI9341_Draw_Colour_Burst
                0x00000000080028e4      0x12c Core/Src/screens/lcd/ILI9341_STM32_Driver.o
                0x00000000080028e4                ILI9341_Draw_Colour_Burst
 .text.ILI9341_Fill_Screen
                0x0000000008002a10       0x4c Core/Src/screens/lcd/ILI9341_STM32_Driver.o
                0x0000000008002a10                ILI9341_Fill_Screen
 .text.ILI9341_Draw_Pixel
                0x0000000008002a5c      0x190 Core/Src/screens/lcd/ILI9341_STM32_Driver.o
                0x0000000008002a5c                ILI9341_Draw_Pixel
 .text.ILI9341_Draw_Rectangle
                0x0000000008002bec       0xb8 Core/Src/screens/lcd/ILI9341_STM32_Driver.o
                0x0000000008002bec                ILI9341_Draw_Rectangle
 .text.menu     0x0000000008002ca4       0xe0 Core/Src/screens/lcd/LCD.o
                0x0000000008002ca4                menu
 .text.print_all_top_menu
                0x0000000008002d84      0x24c Core/Src/screens/lcd/LCD.o
                0x0000000008002d84                print_all_top_menu
 .text.print_all_menu_1_menus
                0x0000000008002fd0      0x214 Core/Src/screens/lcd/LCD.o
                0x0000000008002fd0                print_all_menu_1_menus
 .text.print_all_menu_1_1_menus
                0x00000000080031e4      0x214 Core/Src/screens/lcd/LCD.o
                0x00000000080031e4                print_all_menu_1_1_menus
 .text.tongle_green_led
                0x00000000080033f8       0x18 Core/Src/screens/lcd/LCD.o
                0x00000000080033f8                tongle_green_led
 .text.RED_LED_ON
                0x0000000008003410       0x18 Core/Src/screens/lcd/LCD.o
                0x0000000008003410                RED_LED_ON
 .text.RED_LED_OFF
                0x0000000008003428       0x18 Core/Src/screens/lcd/LCD.o
                0x0000000008003428                RED_LED_OFF
 .text.Level1Item3_Enter
                0x0000000008003440      0x118 Core/Src/screens/lcd/LCD.o
 .text.getPressKey
                0x0000000008003558      0x130 Core/Src/screens/lcd/LCD.o
 .text.Generic_Write
                0x0000000008003688       0x48 Core/Src/screens/lcd/LCD.o
 .text.Menu_GetCurrentMenu
                0x00000000080036d0       0x18 Core/Src/screens/lcd/LCD.o
                0x00000000080036d0                Menu_GetCurrentMenu
 .text.Menu_Navigate
                0x00000000080036e8       0x5c Core/Src/screens/lcd/LCD.o
                0x00000000080036e8                Menu_Navigate
 .text.Menu_SetGenericWriteCallback
                0x0000000008003744       0x28 Core/Src/screens/lcd/LCD.o
                0x0000000008003744                Menu_SetGenericWriteCallback
 .text.Menu_EnterCurrentItem
                0x000000000800376c       0x3c Core/Src/screens/lcd/LCD.o
                0x000000000800376c                Menu_EnterCurrentItem
 .text.speed_test_LCD
                0x00000000080037a8       0x94 Core/Src/screens/lcd/LCD.o
                0x00000000080037a8                speed_test_LCD
 .text.bme280_init
                0x000000000800383c       0x96 Core/Src/sensors/bme280.o
                0x000000000800383c                bme280_init
 .text.bme280_get_regs
                0x00000000080038d2       0x60 Core/Src/sensors/bme280.o
                0x00000000080038d2                bme280_get_regs
 .text.bme280_set_regs
                0x0000000008003932       0xee Core/Src/sensors/bme280.o
                0x0000000008003932                bme280_set_regs
 .text.bme280_set_sensor_settings
                0x0000000008003a20       0xaa Core/Src/sensors/bme280.o
                0x0000000008003a20                bme280_set_sensor_settings
 .text.bme280_set_sensor_mode
                0x0000000008003aca       0x68 Core/Src/sensors/bme280.o
                0x0000000008003aca                bme280_set_sensor_mode
 .text.bme280_get_sensor_mode
                0x0000000008003b32       0x46 Core/Src/sensors/bme280.o
                0x0000000008003b32                bme280_get_sensor_mode
 .text.bme280_soft_reset
                0x0000000008003b78       0x4a Core/Src/sensors/bme280.o
                0x0000000008003b78                bme280_soft_reset
 .text.bme280_get_sensor_data
                0x0000000008003bc2       0x92 Core/Src/sensors/bme280.o
                0x0000000008003bc2                bme280_get_sensor_data
 .text.bme280_parse_sensor_data
                0x0000000008003c54       0x8c Core/Src/sensors/bme280.o
                0x0000000008003c54                bme280_parse_sensor_data
 .text.bme280_compensate_data
                0x0000000008003ce0       0xc2 Core/Src/sensors/bme280.o
                0x0000000008003ce0                bme280_compensate_data
 .text.set_osr_settings
                0x0000000008003da2       0x4e Core/Src/sensors/bme280.o
 .text.set_osr_humidity_settings
                0x0000000008003df0       0x74 Core/Src/sensors/bme280.o
 .text.set_osr_press_temp_settings
                0x0000000008003e64       0x78 Core/Src/sensors/bme280.o
 .text.set_filter_standby_settings
                0x0000000008003edc       0x78 Core/Src/sensors/bme280.o
 .text.fill_filter_settings
                0x0000000008003f54       0x3a Core/Src/sensors/bme280.o
 .text.fill_standby_settings
                0x0000000008003f8e       0x34 Core/Src/sensors/bme280.o
 .text.fill_osr_press_settings
                0x0000000008003fc2       0x3a Core/Src/sensors/bme280.o
 .text.fill_osr_temp_settings
                0x0000000008003ffc       0x34 Core/Src/sensors/bme280.o
 .text.parse_device_settings
                0x0000000008004030       0x68 Core/Src/sensors/bme280.o
 .text.write_power_mode
                0x0000000008004098       0x66 Core/Src/sensors/bme280.o
 .text.put_device_to_sleep
                0x00000000080040fe       0x60 Core/Src/sensors/bme280.o
 .text.reload_device_settings
                0x000000000800415e       0x3a Core/Src/sensors/bme280.o
 .text.compensate_temperature
                0x0000000008004198      0x1a4 Core/Src/sensors/bme280.o
 *fill*         0x000000000800433c        0x4 
 .text.compensate_pressure
                0x0000000008004340      0x3a0 Core/Src/sensors/bme280.o
 .text.compensate_humidity
                0x00000000080046e0      0x240 Core/Src/sensors/bme280.o
 .text.get_calib_data
                0x0000000008004920       0x8a Core/Src/sensors/bme280.o
 .text.interleave_reg_addr
                0x00000000080049aa       0x58 Core/Src/sensors/bme280.o
 .text.parse_temp_press_calib_data
                0x0000000008004a02      0x15e Core/Src/sensors/bme280.o
 .text.parse_humidity_calib_data
                0x0000000008004b60       0x9c Core/Src/sensors/bme280.o
 .text.are_settings_changed
                0x0000000008004bfc       0x38 Core/Src/sensors/bme280.o
 .text.null_ptr_check
                0x0000000008004c34       0x40 Core/Src/sensors/bme280.o
 .text.user_i2c_read
                0x0000000008004c74       0x70 Core/Src/sensors/main_sensor_file.o
                0x0000000008004c74                user_i2c_read
 .text.user_delay_ms
                0x0000000008004ce4       0x16 Core/Src/sensors/main_sensor_file.o
                0x0000000008004ce4                user_delay_ms
 *fill*         0x0000000008004cfa        0x2 
 .text.user_i2c_write
                0x0000000008004cfc       0x78 Core/Src/sensors/main_sensor_file.o
                0x0000000008004cfc                user_i2c_write
 .text.detect_all_sensors_and_init
                0x0000000008004d74       0x38 Core/Src/sensors/main_sensor_file.o
                0x0000000008004d74                detect_all_sensors_and_init
 .text.measure  0x0000000008004dac        0xc Core/Src/sensors/main_sensor_file.o
                0x0000000008004dac                measure
 .text.init_bme280
                0x0000000008004db8       0x94 Core/Src/sensors/main_sensor_file.o
                0x0000000008004db8                init_bme280
 .text.bme280_measure
                0x0000000008004e4c       0x70 Core/Src/sensors/main_sensor_file.o
                0x0000000008004e4c                bme280_measure
 .text.detect_bme280
                0x0000000008004ebc       0x6c Core/Src/sensors/main_sensor_file.o
                0x0000000008004ebc                detect_bme280
 .text.detect_mpu6050
                0x0000000008004f28      0x104 Core/Src/sensors/main_sensor_file.o
                0x0000000008004f28                detect_mpu6050
 .text.denect_hmc5883l
                0x000000000800502c       0x5c Core/Src/sensors/main_sensor_file.o
                0x000000000800502c                denect_hmc5883l
 .text.detect_ms5611
                0x0000000008005088       0x5c Core/Src/sensors/main_sensor_file.o
                0x0000000008005088                detect_ms5611
 .text.detect_apds9960
                0x00000000080050e4       0x6c Core/Src/sensors/main_sensor_file.o
                0x00000000080050e4                detect_apds9960
 .text.detect_oled_screen
                0x0000000008005150       0x4c Core/Src/sensors/main_sensor_file.o
                0x0000000008005150                detect_oled_screen
 .text.detect_ds3231
                0x000000000800519c       0x5c Core/Src/sensors/main_sensor_file.o
                0x000000000800519c                detect_ds3231
 .text.Reset_Handler
                0x00000000080051f8       0x50 Core/Startup/startup_stm32f407vgtx.o
                0x00000000080051f8                Reset_Handler
 .text.Default_Handler
                0x0000000008005248        0x2 Core/Startup/startup_stm32f407vgtx.o
                0x0000000008005248                RTC_Alarm_IRQHandler
                0x0000000008005248                HASH_RNG_IRQHandler
                0x0000000008005248                EXTI2_IRQHandler
                0x0000000008005248                TIM8_CC_IRQHandler
                0x0000000008005248                TIM1_CC_IRQHandler
                0x0000000008005248                DMA2_Stream5_IRQHandler
                0x0000000008005248                DMA1_Stream5_IRQHandler
                0x0000000008005248                PVD_IRQHandler
                0x0000000008005248                SDIO_IRQHandler
                0x0000000008005248                TAMP_STAMP_IRQHandler
                0x0000000008005248                CAN2_RX1_IRQHandler
                0x0000000008005248                EXTI3_IRQHandler
                0x0000000008005248                TIM8_TRG_COM_TIM14_IRQHandler
                0x0000000008005248                TIM1_UP_TIM10_IRQHandler
                0x0000000008005248                TIM8_UP_TIM13_IRQHandler
                0x0000000008005248                I2C3_ER_IRQHandler
                0x0000000008005248                EXTI0_IRQHandler
                0x0000000008005248                I2C2_EV_IRQHandler
                0x0000000008005248                DMA1_Stream2_IRQHandler
                0x0000000008005248                CAN1_RX0_IRQHandler
                0x0000000008005248                FPU_IRQHandler
                0x0000000008005248                OTG_HS_WKUP_IRQHandler
                0x0000000008005248                CAN2_SCE_IRQHandler
                0x0000000008005248                DMA2_Stream2_IRQHandler
                0x0000000008005248                SPI1_IRQHandler
                0x0000000008005248                TIM6_DAC_IRQHandler
                0x0000000008005248                TIM1_BRK_TIM9_IRQHandler
                0x0000000008005248                DCMI_IRQHandler
                0x0000000008005248                CAN2_RX0_IRQHandler
                0x0000000008005248                DMA2_Stream3_IRQHandler
                0x0000000008005248                USART6_IRQHandler
                0x0000000008005248                USART3_IRQHandler
                0x0000000008005248                CAN1_RX1_IRQHandler
                0x0000000008005248                UART5_IRQHandler
                0x0000000008005248                DMA2_Stream0_IRQHandler
                0x0000000008005248                TIM4_IRQHandler
                0x0000000008005248                I2C1_EV_IRQHandler
                0x0000000008005248                DMA1_Stream6_IRQHandler
                0x0000000008005248                DMA1_Stream1_IRQHandler
                0x0000000008005248                UART4_IRQHandler
                0x0000000008005248                TIM8_BRK_TIM12_IRQHandler
                0x0000000008005248                Default_Handler
                0x0000000008005248                EXTI15_10_IRQHandler
                0x0000000008005248                ADC_IRQHandler
                0x0000000008005248                DMA1_Stream7_IRQHandler
                0x0000000008005248                TIM7_IRQHandler
                0x0000000008005248                CAN2_TX_IRQHandler
                0x0000000008005248                TIM5_IRQHandler
                0x0000000008005248                DMA2_Stream7_IRQHandler
                0x0000000008005248                I2C3_EV_IRQHandler
                0x0000000008005248                EXTI9_5_IRQHandler
                0x0000000008005248                RTC_WKUP_IRQHandler
                0x0000000008005248                ETH_WKUP_IRQHandler
                0x0000000008005248                SPI2_IRQHandler
                0x0000000008005248                OTG_HS_EP1_IN_IRQHandler
                0x0000000008005248                DMA1_Stream0_IRQHandler
                0x0000000008005248                CAN1_TX_IRQHandler
                0x0000000008005248                EXTI4_IRQHandler
                0x0000000008005248                FSMC_IRQHandler
                0x0000000008005248                ETH_IRQHandler
                0x0000000008005248                OTG_HS_EP1_OUT_IRQHandler
                0x0000000008005248                WWDG_IRQHandler
                0x0000000008005248                OTG_FS_WKUP_IRQHandler
                0x0000000008005248                TIM1_TRG_COM_TIM11_IRQHandler
                0x0000000008005248                OTG_HS_IRQHandler
                0x0000000008005248                EXTI1_IRQHandler
                0x0000000008005248                USART2_IRQHandler
                0x0000000008005248                I2C2_ER_IRQHandler
                0x0000000008005248                DMA2_Stream1_IRQHandler
                0x0000000008005248                CAN1_SCE_IRQHandler
                0x0000000008005248                FLASH_IRQHandler
                0x0000000008005248                DMA2_Stream4_IRQHandler
                0x0000000008005248                USART1_IRQHandler
                0x0000000008005248                SPI3_IRQHandler
                0x0000000008005248                DMA1_Stream4_IRQHandler
                0x0000000008005248                I2C1_ER_IRQHandler
                0x0000000008005248                DMA2_Stream6_IRQHandler
                0x0000000008005248                DMA1_Stream3_IRQHandler
 *fill*         0x000000000800524a        0x2 
 .text.HAL_Init
                0x000000000800524c       0x44 Drivers/STM32F4xx_HAL_Driver/Src/stm32f4xx_hal.o
                0x000000000800524c                HAL_Init
 .text.HAL_InitTick
                0x0000000008005290       0x60 Drivers/STM32F4xx_HAL_Driver/Src/stm32f4xx_hal.o
                0x0000000008005290                HAL_InitTick
 .text.HAL_IncTick
                0x00000000080052f0       0x28 Drivers/STM32F4xx_HAL_Driver/Src/stm32f4xx_hal.o
                0x00000000080052f0                HAL_IncTick
 .text.HAL_GetTick
                0x0000000008005318       0x18 Drivers/STM32F4xx_HAL_Driver/Src/stm32f4xx_hal.o
                0x0000000008005318                HAL_GetTick
 .text.HAL_Delay
                0x0000000008005330       0x48 Drivers/STM32F4xx_HAL_Driver/Src/stm32f4xx_hal.o
                0x0000000008005330                HAL_Delay
 .text.__NVIC_SetPriorityGrouping
                0x0000000008005378       0x48 Drivers/STM32F4xx_HAL_Driver/Src/stm32f4xx_hal_cortex.o
 .text.__NVIC_GetPriorityGrouping
                0x00000000080053c0       0x1c Drivers/STM32F4xx_HAL_Driver/Src/stm32f4xx_hal_cortex.o
 .text.__NVIC_EnableIRQ
                0x00000000080053dc       0x3c Drivers/STM32F4xx_HAL_Driver/Src/stm32f4xx_hal_cortex.o
 .text.__NVIC_SetPriority
                0x0000000008005418       0x54 Drivers/STM32F4xx_HAL_Driver/Src/stm32f4xx_hal_cortex.o
 .text.NVIC_EncodePriority
                0x000000000800546c       0x66 Drivers/STM32F4xx_HAL_Driver/Src/stm32f4xx_hal_cortex.o
 *fill*         0x00000000080054d2        0x2 
 .text.SysTick_Config
                0x00000000080054d4       0x44 Drivers/STM32F4xx_HAL_Driver/Src/stm32f4xx_hal_cortex.o
 .text.HAL_NVIC_SetPriorityGrouping
                0x0000000008005518       0x16 Drivers/STM32F4xx_HAL_Driver/Src/stm32f4xx_hal_cortex.o
                0x0000000008005518                HAL_NVIC_SetPriorityGrouping
 .text.HAL_NVIC_SetPriority
                0x000000000800552e       0x38 Drivers/STM32F4xx_HAL_Driver/Src/stm32f4xx_hal_cortex.o
                0x000000000800552e                HAL_NVIC_SetPriority
 .text.HAL_NVIC_EnableIRQ
                0x0000000008005566       0x1c Drivers/STM32F4xx_HAL_Driver/Src/stm32f4xx_hal_cortex.o
                0x0000000008005566                HAL_NVIC_EnableIRQ
 .text.HAL_SYSTICK_Config
                0x0000000008005582       0x18 Drivers/STM32F4xx_HAL_Driver/Src/stm32f4xx_hal_cortex.o
                0x0000000008005582                HAL_SYSTICK_Config
 *fill*         0x000000000800559a        0x2 
 .text.HAL_GPIO_Init
                0x000000000800559c      0x338 Drivers/STM32F4xx_HAL_Driver/Src/stm32f4xx_hal_gpio.o
                0x000000000800559c                HAL_GPIO_Init
 .text.HAL_GPIO_ReadPin
                0x00000000080058d4       0x30 Drivers/STM32F4xx_HAL_Driver/Src/stm32f4xx_hal_gpio.o
                0x00000000080058d4                HAL_GPIO_ReadPin
 .text.HAL_GPIO_WritePin
                0x0000000008005904       0x32 Drivers/STM32F4xx_HAL_Driver/Src/stm32f4xx_hal_gpio.o
                0x0000000008005904                HAL_GPIO_WritePin
 .text.HAL_GPIO_TogglePin
                0x0000000008005936       0x34 Drivers/STM32F4xx_HAL_Driver/Src/stm32f4xx_hal_gpio.o
                0x0000000008005936                HAL_GPIO_TogglePin
 .text.HAL_HCD_Init
                0x000000000800596a       0xc4 Drivers/STM32F4xx_HAL_Driver/Src/stm32f4xx_hal_hcd.o
                0x000000000800596a                HAL_HCD_Init
 .text.HAL_HCD_HC_Init
                0x0000000008005a2e      0x11e Drivers/STM32F4xx_HAL_Driver/Src/stm32f4xx_hal_hcd.o
                0x0000000008005a2e                HAL_HCD_HC_Init
 .text.HAL_HCD_HC_Halt
                0x0000000008005b4c       0x46 Drivers/STM32F4xx_HAL_Driver/Src/stm32f4xx_hal_hcd.o
                0x0000000008005b4c                HAL_HCD_HC_Halt
 *fill*         0x0000000008005b92        0x2 
 .text.HAL_HCD_HC_SubmitRequest
                0x0000000008005b94      0x2ac Drivers/STM32F4xx_HAL_Driver/Src/stm32f4xx_hal_hcd.o
                0x0000000008005b94                HAL_HCD_HC_SubmitRequest
 .text.HAL_HCD_IRQHandler
                0x0000000008005e40      0x208 Drivers/STM32F4xx_HAL_Driver/Src/stm32f4xx_hal_hcd.o
                0x0000000008005e40                HAL_HCD_IRQHandler
 .text.HAL_HCD_Start
                0x0000000008006048       0x46 Drivers/STM32F4xx_HAL_Driver/Src/stm32f4xx_hal_hcd.o
                0x0000000008006048                HAL_HCD_Start
 .text.HAL_HCD_Stop
                0x000000000800608e       0x3a Drivers/STM32F4xx_HAL_Driver/Src/stm32f4xx_hal_hcd.o
                0x000000000800608e                HAL_HCD_Stop
 .text.HAL_HCD_ResetPort
                0x00000000080060c8       0x1c Drivers/STM32F4xx_HAL_Driver/Src/stm32f4xx_hal_hcd.o
                0x00000000080060c8                HAL_HCD_ResetPort
 .text.HAL_HCD_HC_GetURBState
                0x00000000080060e4       0x28 Drivers/STM32F4xx_HAL_Driver/Src/stm32f4xx_hal_hcd.o
                0x00000000080060e4                HAL_HCD_HC_GetURBState
 .text.HAL_HCD_HC_GetXferCount
                0x000000000800610c       0x28 Drivers/STM32F4xx_HAL_Driver/Src/stm32f4xx_hal_hcd.o
                0x000000000800610c                HAL_HCD_HC_GetXferCount
 .text.HAL_HCD_GetCurrentFrame
                0x0000000008006134       0x1c Drivers/STM32F4xx_HAL_Driver/Src/stm32f4xx_hal_hcd.o
                0x0000000008006134                HAL_HCD_GetCurrentFrame
 .text.HAL_HCD_GetCurrentSpeed
                0x0000000008006150       0x1c Drivers/STM32F4xx_HAL_Driver/Src/stm32f4xx_hal_hcd.o
                0x0000000008006150                HAL_HCD_GetCurrentSpeed
 .text.HCD_HC_IN_IRQHandler
                0x000000000800616c      0x844 Drivers/STM32F4xx_HAL_Driver/Src/stm32f4xx_hal_hcd.o
 .text.HCD_HC_OUT_IRQHandler
                0x00000000080069b0      0x7fa Drivers/STM32F4xx_HAL_Driver/Src/stm32f4xx_hal_hcd.o
 .text.HCD_RXQLVL_IRQHandler
                0x00000000080071aa      0x1a4 Drivers/STM32F4xx_HAL_Driver/Src/stm32f4xx_hal_hcd.o
 .text.HCD_Port_IRQHandler
                0x000000000800734e       0xe6 Drivers/STM32F4xx_HAL_Driver/Src/stm32f4xx_hal_hcd.o
 .text.HAL_I2C_Init
                0x0000000008007434      0x288 Drivers/STM32F4xx_HAL_Driver/Src/stm32f4xx_hal_i2c.o
                0x0000000008007434                HAL_I2C_Init
 .text.HAL_I2C_Master_Transmit
                0x00000000080076bc      0x1fc Drivers/STM32F4xx_HAL_Driver/Src/stm32f4xx_hal_i2c.o
                0x00000000080076bc                HAL_I2C_Master_Transmit
 .text.HAL_I2C_Master_Receive
                0x00000000080078b8      0x44c Drivers/STM32F4xx_HAL_Driver/Src/stm32f4xx_hal_i2c.o
                0x00000000080078b8                HAL_I2C_Master_Receive
 .text.HAL_I2C_Mem_Write
                0x0000000008007d04      0x1f4 Drivers/STM32F4xx_HAL_Driver/Src/stm32f4xx_hal_i2c.o
                0x0000000008007d04                HAL_I2C_Mem_Write
 .text.HAL_I2C_Mem_Read
                0x0000000008007ef8      0x44c Drivers/STM32F4xx_HAL_Driver/Src/stm32f4xx_hal_i2c.o
                0x0000000008007ef8                HAL_I2C_Mem_Read
 .text.I2C_MasterRequestWrite
                0x0000000008008344      0x104 Drivers/STM32F4xx_HAL_Driver/Src/stm32f4xx_hal_i2c.o
 .text.I2C_MasterRequestRead
                0x0000000008008448      0x19c Drivers/STM32F4xx_HAL_Driver/Src/stm32f4xx_hal_i2c.o
 .text.I2C_RequestMemoryWrite
                0x00000000080085e4      0x12c Drivers/STM32F4xx_HAL_Driver/Src/stm32f4xx_hal_i2c.o
 .text.I2C_RequestMemoryRead
                0x0000000008008710      0x1d0 Drivers/STM32F4xx_HAL_Driver/Src/stm32f4xx_hal_i2c.o
 .text.I2C_WaitOnFlagUntilTimeout
                0x00000000080088e0       0xae Drivers/STM32F4xx_HAL_Driver/Src/stm32f4xx_hal_i2c.o
 .text.I2C_WaitOnMasterAddressFlagUntilTimeout
                0x000000000800898e       0xfe Drivers/STM32F4xx_HAL_Driver/Src/stm32f4xx_hal_i2c.o
 .text.I2C_WaitOnTXEFlagUntilTimeout
                0x0000000008008a8c       0x82 Drivers/STM32F4xx_HAL_Driver/Src/stm32f4xx_hal_i2c.o
 .text.I2C_WaitOnBTFFlagUntilTimeout
                0x0000000008008b0e       0x82 Drivers/STM32F4xx_HAL_Driver/Src/stm32f4xx_hal_i2c.o
 .text.I2C_WaitOnRXNEFlagUntilTimeout
                0x0000000008008b90       0xac Drivers/STM32F4xx_HAL_Driver/Src/stm32f4xx_hal_i2c.o
 .text.I2C_IsAcknowledgeFailed
                0x0000000008008c3c       0x5e Drivers/STM32F4xx_HAL_Driver/Src/stm32f4xx_hal_i2c.o
 *fill*         0x0000000008008c9a        0x2 
 .text.HAL_I2S_Init
                0x0000000008008c9c      0x280 Drivers/STM32F4xx_HAL_Driver/Src/stm32f4xx_hal_i2s.o
                0x0000000008008c9c                HAL_I2S_Init
 .text.HAL_I2S_TxCpltCallback
                0x0000000008008f1c       0x14 Drivers/STM32F4xx_HAL_Driver/Src/stm32f4xx_hal_i2s.o
                0x0000000008008f1c                HAL_I2S_TxCpltCallback
 .text.HAL_I2S_RxCpltCallback
                0x0000000008008f30       0x14 Drivers/STM32F4xx_HAL_Driver/Src/stm32f4xx_hal_i2s.o
                0x0000000008008f30                HAL_I2S_RxCpltCallback
 .text.HAL_I2S_ErrorCallback
                0x0000000008008f44       0x14 Drivers/STM32F4xx_HAL_Driver/Src/stm32f4xx_hal_i2s.o
                0x0000000008008f44                HAL_I2S_ErrorCallback
 .text.I2S_Transmit_IT
                0x0000000008008f58       0x5c Drivers/STM32F4xx_HAL_Driver/Src/stm32f4xx_hal_i2s.o
 .text.I2S_Receive_IT
                0x0000000008008fb4       0x5e Drivers/STM32F4xx_HAL_Driver/Src/stm32f4xx_hal_i2s.o
 .text.I2S_IRQHandler
                0x0000000008009012      0x114 Drivers/STM32F4xx_HAL_Driver/Src/stm32f4xx_hal_i2s.o
 *fill*         0x0000000008009126        0x2 
 .text.HAL_I2SEx_FullDuplex_IRQHandler
                0x0000000008009128      0x2a8 Drivers/STM32F4xx_HAL_Driver/Src/stm32f4xx_hal_i2s_ex.o
                0x0000000008009128                HAL_I2SEx_FullDuplex_IRQHandler
 .text.HAL_I2SEx_TxRxCpltCallback
                0x00000000080093d0       0x14 Drivers/STM32F4xx_HAL_Driver/Src/stm32f4xx_hal_i2s_ex.o
                0x00000000080093d0                HAL_I2SEx_TxRxCpltCallback
 .text.I2SEx_TxISR_I2S
                0x00000000080093e4       0x62 Drivers/STM32F4xx_HAL_Driver/Src/stm32f4xx_hal_i2s_ex.o
 *fill*         0x0000000008009446        0x2 
 .text.I2SEx_TxISR_I2SExt
                0x0000000008009448       0x98 Drivers/STM32F4xx_HAL_Driver/Src/stm32f4xx_hal_i2s_ex.o
 .text.I2SEx_RxISR_I2S
                0x00000000080094e0       0x64 Drivers/STM32F4xx_HAL_Driver/Src/stm32f4xx_hal_i2s_ex.o
 .text.I2SEx_RxISR_I2SExt
                0x0000000008009544       0x98 Drivers/STM32F4xx_HAL_Driver/Src/stm32f4xx_hal_i2s_ex.o
 .text.HAL_RCC_OscConfig
                0x00000000080095dc      0x4f0 Drivers/STM32F4xx_HAL_Driver/Src/stm32f4xx_hal_rcc.o
                0x00000000080095dc                HAL_RCC_OscConfig
 .text.HAL_RCC_ClockConfig
                0x0000000008009acc      0x1cc Drivers/STM32F4xx_HAL_Driver/Src/stm32f4xx_hal_rcc.o
                0x0000000008009acc                HAL_RCC_ClockConfig
 .text.HAL_RCC_GetSysClockFreq
                0x0000000008009c98      0x1c4 Drivers/STM32F4xx_HAL_Driver/Src/stm32f4xx_hal_rcc.o
                0x0000000008009c98                HAL_RCC_GetSysClockFreq
 .text.HAL_RCC_GetHCLKFreq
                0x0000000008009e5c       0x18 Drivers/STM32F4xx_HAL_Driver/Src/stm32f4xx_hal_rcc.o
                0x0000000008009e5c                HAL_RCC_GetHCLKFreq
 .text.HAL_RCC_GetPCLK1Freq
                0x0000000008009e74       0x28 Drivers/STM32F4xx_HAL_Driver/Src/stm32f4xx_hal_rcc.o
                0x0000000008009e74                HAL_RCC_GetPCLK1Freq
 .text.HAL_RCCEx_PeriphCLKConfig
                0x0000000008009e9c      0x1c4 Drivers/STM32F4xx_HAL_Driver/Src/stm32f4xx_hal_rcc_ex.o
                0x0000000008009e9c                HAL_RCCEx_PeriphCLKConfig
 .text.HAL_RCCEx_GetPeriphCLKFreq
                0x000000000800a060       0xbc Drivers/STM32F4xx_HAL_Driver/Src/stm32f4xx_hal_rcc_ex.o
                0x000000000800a060                HAL_RCCEx_GetPeriphCLKFreq
 .text.HAL_RNG_Init
                0x000000000800a11c       0x54 Drivers/STM32F4xx_HAL_Driver/Src/stm32f4xx_hal_rng.o
                0x000000000800a11c                HAL_RNG_Init
 .text.HAL_RNG_GenerateRandomNumber
                0x000000000800a170       0x9e Drivers/STM32F4xx_HAL_Driver/Src/stm32f4xx_hal_rng.o
                0x000000000800a170                HAL_RNG_GenerateRandomNumber
 .text.HAL_RNG_GetRandomNumber
                0x000000000800a20e       0x2a Drivers/STM32F4xx_HAL_Driver/Src/stm32f4xx_hal_rng.o
                0x000000000800a20e                HAL_RNG_GetRandomNumber
 .text.HAL_SPI_Init
                0x000000000800a238      0x112 Drivers/STM32F4xx_HAL_Driver/Src/stm32f4xx_hal_spi.o
                0x000000000800a238                HAL_SPI_Init
 .text.HAL_SPI_Transmit
                0x000000000800a34a      0x278 Drivers/STM32F4xx_HAL_Driver/Src/stm32f4xx_hal_spi.o
                0x000000000800a34a                HAL_SPI_Transmit
 *fill*         0x000000000800a5c2        0x2 
 .text.SPI_WaitFlagStateUntilTimeout
                0x000000000800a5c4      0x110 Drivers/STM32F4xx_HAL_Driver/Src/stm32f4xx_hal_spi.o
 .text.SPI_EndRxTxTransaction
                0x000000000800a6d4       0x84 Drivers/STM32F4xx_HAL_Driver/Src/stm32f4xx_hal_spi.o
 .text.HAL_TIM_Base_Init
                0x000000000800a758       0x9e Drivers/STM32F4xx_HAL_Driver/Src/stm32f4xx_hal_tim.o
                0x000000000800a758                HAL_TIM_Base_Init
 *fill*         0x000000000800a7f6        0x2 
 .text.HAL_TIM_Base_Start_IT
                0x000000000800a7f8       0xe0 Drivers/STM32F4xx_HAL_Driver/Src/stm32f4xx_hal_tim.o
                0x000000000800a7f8                HAL_TIM_Base_Start_IT
 .text.HAL_TIM_OC_Start_IT
                0x000000000800a8d8      0x21c Drivers/STM32F4xx_HAL_Driver/Src/stm32f4xx_hal_tim.o
                0x000000000800a8d8                HAL_TIM_OC_Start_IT
 .text.HAL_TIM_PWM_Init
                0x000000000800aaf4       0x9e Drivers/STM32F4xx_HAL_Driver/Src/stm32f4xx_hal_tim.o
                0x000000000800aaf4                HAL_TIM_PWM_Init
 .text.HAL_TIM_PWM_MspInit
                0x000000000800ab92       0x14 Drivers/STM32F4xx_HAL_Driver/Src/stm32f4xx_hal_tim.o
                0x000000000800ab92                HAL_TIM_PWM_MspInit
 .text.HAL_TIM_Encoder_Init
                0x000000000800aba6      0x14c Drivers/STM32F4xx_HAL_Driver/Src/stm32f4xx_hal_tim.o
                0x000000000800aba6                HAL_TIM_Encoder_Init
 .text.HAL_TIM_IRQHandler
                0x000000000800acf2      0x210 Drivers/STM32F4xx_HAL_Driver/Src/stm32f4xx_hal_tim.o
                0x000000000800acf2                HAL_TIM_IRQHandler
 *fill*         0x000000000800af02        0x2 
 .text.HAL_TIM_PWM_ConfigChannel
                0x000000000800af04      0x17c Drivers/STM32F4xx_HAL_Driver/Src/stm32f4xx_hal_tim.o
                0x000000000800af04                HAL_TIM_PWM_ConfigChannel
 .text.HAL_TIM_ConfigClockSource
                0x000000000800b080      0x188 Drivers/STM32F4xx_HAL_Driver/Src/stm32f4xx_hal_tim.o
                0x000000000800b080                HAL_TIM_ConfigClockSource
 .text.HAL_TIM_PeriodElapsedCallback
                0x000000000800b208       0x14 Drivers/STM32F4xx_HAL_Driver/Src/stm32f4xx_hal_tim.o
                0x000000000800b208                HAL_TIM_PeriodElapsedCallback
 .text.HAL_TIM_OC_DelayElapsedCallback
                0x000000000800b21c       0x14 Drivers/STM32F4xx_HAL_Driver/Src/stm32f4xx_hal_tim.o
                0x000000000800b21c                HAL_TIM_OC_DelayElapsedCallback
 .text.HAL_TIM_IC_CaptureCallback
                0x000000000800b230       0x14 Drivers/STM32F4xx_HAL_Driver/Src/stm32f4xx_hal_tim.o
                0x000000000800b230                HAL_TIM_IC_CaptureCallback
 .text.HAL_TIM_PWM_PulseFinishedCallback
                0x000000000800b244       0x14 Drivers/STM32F4xx_HAL_Driver/Src/stm32f4xx_hal_tim.o
                0x000000000800b244                HAL_TIM_PWM_PulseFinishedCallback
 .text.HAL_TIM_TriggerCallback
                0x000000000800b258       0x14 Drivers/STM32F4xx_HAL_Driver/Src/stm32f4xx_hal_tim.o
                0x000000000800b258                HAL_TIM_TriggerCallback
 .text.TIM_Base_SetConfig
                0x000000000800b26c      0x140 Drivers/STM32F4xx_HAL_Driver/Src/stm32f4xx_hal_tim.o
                0x000000000800b26c                TIM_Base_SetConfig
 .text.TIM_OC1_SetConfig
                0x000000000800b3ac       0xe0 Drivers/STM32F4xx_HAL_Driver/Src/stm32f4xx_hal_tim.o
 .text.TIM_OC2_SetConfig
                0x000000000800b48c       0xec Drivers/STM32F4xx_HAL_Driver/Src/stm32f4xx_hal_tim.o
                0x000000000800b48c                TIM_OC2_SetConfig
 .text.TIM_OC3_SetConfig
                0x000000000800b578       0xe8 Drivers/STM32F4xx_HAL_Driver/Src/stm32f4xx_hal_tim.o
 .text.TIM_OC4_SetConfig
                0x000000000800b660       0xac Drivers/STM32F4xx_HAL_Driver/Src/stm32f4xx_hal_tim.o
 .text.TIM_TI1_ConfigInputStage
                0x000000000800b70c       0x5e Drivers/STM32F4xx_HAL_Driver/Src/stm32f4xx_hal_tim.o
 .text.TIM_TI2_ConfigInputStage
                0x000000000800b76a       0x60 Drivers/STM32F4xx_HAL_Driver/Src/stm32f4xx_hal_tim.o
 .text.TIM_ITRx_SetConfig
                0x000000000800b7ca       0x36 Drivers/STM32F4xx_HAL_Driver/Src/stm32f4xx_hal_tim.o
 .text.TIM_ETR_SetConfig
                0x000000000800b800       0x40 Drivers/STM32F4xx_HAL_Driver/Src/stm32f4xx_hal_tim.o
                0x000000000800b800                TIM_ETR_SetConfig
 .text.TIM_CCxChannelCmd
                0x000000000800b840       0x4a Drivers/STM32F4xx_HAL_Driver/Src/stm32f4xx_hal_tim.o
                0x000000000800b840                TIM_CCxChannelCmd
 *fill*         0x000000000800b88a        0x2 
 .text.HAL_TIMEx_MasterConfigSynchronization
                0x000000000800b88c       0xf8 Drivers/STM32F4xx_HAL_Driver/Src/stm32f4xx_hal_tim_ex.o
                0x000000000800b88c                HAL_TIMEx_MasterConfigSynchronization
 .text.HAL_TIMEx_CommutCallback
                0x000000000800b984       0x14 Drivers/STM32F4xx_HAL_Driver/Src/stm32f4xx_hal_tim_ex.o
                0x000000000800b984                HAL_TIMEx_CommutCallback
 .text.HAL_TIMEx_BreakCallback
                0x000000000800b998       0x14 Drivers/STM32F4xx_HAL_Driver/Src/stm32f4xx_hal_tim_ex.o
                0x000000000800b998                HAL_TIMEx_BreakCallback
 .text.USB_CoreInit
                0x000000000800b9ac       0xc2 Drivers/STM32F4xx_HAL_Driver/Src/stm32f4xx_ll_usb.o
                0x000000000800b9ac                USB_CoreInit
 .text.USB_EnableGlobalInt
                0x000000000800ba6e       0x22 Drivers/STM32F4xx_HAL_Driver/Src/stm32f4xx_ll_usb.o
                0x000000000800ba6e                USB_EnableGlobalInt
 .text.USB_DisableGlobalInt
                0x000000000800ba90       0x22 Drivers/STM32F4xx_HAL_Driver/Src/stm32f4xx_ll_usb.o
                0x000000000800ba90                USB_DisableGlobalInt
 .text.USB_SetCurrentMode
                0x000000000800bab2       0x54 Drivers/STM32F4xx_HAL_Driver/Src/stm32f4xx_ll_usb.o
                0x000000000800bab2                USB_SetCurrentMode
 *fill*         0x000000000800bb06        0x2 
 .text.USB_FlushTxFifo
                0x000000000800bb08       0x4c Drivers/STM32F4xx_HAL_Driver/Src/stm32f4xx_ll_usb.o
                0x000000000800bb08                USB_FlushTxFifo
 .text.USB_FlushRxFifo
                0x000000000800bb54       0x44 Drivers/STM32F4xx_HAL_Driver/Src/stm32f4xx_ll_usb.o
                0x000000000800bb54                USB_FlushRxFifo
 .text.USB_WritePacket
                0x000000000800bb98       0x6a Drivers/STM32F4xx_HAL_Driver/Src/stm32f4xx_ll_usb.o
                0x000000000800bb98                USB_WritePacket
 .text.USB_ReadPacket
                0x000000000800bc02       0x52 Drivers/STM32F4xx_HAL_Driver/Src/stm32f4xx_ll_usb.o
                0x000000000800bc02                USB_ReadPacket
 .text.USB_ReadInterrupts
                0x000000000800bc54       0x26 Drivers/STM32F4xx_HAL_Driver/Src/stm32f4xx_ll_usb.o
                0x000000000800bc54                USB_ReadInterrupts
 .text.USB_GetMode
                0x000000000800bc7a       0x1c Drivers/STM32F4xx_HAL_Driver/Src/stm32f4xx_ll_usb.o
                0x000000000800bc7a                USB_GetMode
 *fill*         0x000000000800bc96        0x2 
 .text.USB_CoreReset
                0x000000000800bc98       0x68 Drivers/STM32F4xx_HAL_Driver/Src/stm32f4xx_ll_usb.o
 .text.USB_HostInit
                0x000000000800bd00      0x178 Drivers/STM32F4xx_HAL_Driver/Src/stm32f4xx_ll_usb.o
                0x000000000800bd00                USB_HostInit
 .text.USB_InitFSLSPClkSel
                0x000000000800be78       0x74 Drivers/STM32F4xx_HAL_Driver/Src/stm32f4xx_ll_usb.o
                0x000000000800be78                USB_InitFSLSPClkSel
 .text.USB_ResetPort
                0x000000000800beec       0x54 Drivers/STM32F4xx_HAL_Driver/Src/stm32f4xx_ll_usb.o
                0x000000000800beec                USB_ResetPort
 .text.USB_DriveVbus
                0x000000000800bf40       0x72 Drivers/STM32F4xx_HAL_Driver/Src/stm32f4xx_ll_usb.o
                0x000000000800bf40                USB_DriveVbus
 .text.USB_GetHostSpeed
                0x000000000800bfb2       0x2e Drivers/STM32F4xx_HAL_Driver/Src/stm32f4xx_ll_usb.o
                0x000000000800bfb2                USB_GetHostSpeed
 .text.USB_GetCurrentFrame
                0x000000000800bfe0       0x22 Drivers/STM32F4xx_HAL_Driver/Src/stm32f4xx_ll_usb.o
                0x000000000800bfe0                USB_GetCurrentFrame
 *fill*         0x000000000800c002        0x2 
 .text.USB_HC_Init
                0x000000000800c004      0x21c Drivers/STM32F4xx_HAL_Driver/Src/stm32f4xx_ll_usb.o
                0x000000000800c004                USB_HC_Init
 .text.USB_HC_StartXfer
                0x000000000800c220      0x284 Drivers/STM32F4xx_HAL_Driver/Src/stm32f4xx_ll_usb.o
                0x000000000800c220                USB_HC_StartXfer
 .text.USB_HC_ReadInterrupt
                0x000000000800c4a4       0x22 Drivers/STM32F4xx_HAL_Driver/Src/stm32f4xx_ll_usb.o
                0x000000000800c4a4                USB_HC_ReadInterrupt
 .text.USB_HC_Halt
                0x000000000800c4c6      0x238 Drivers/STM32F4xx_HAL_Driver/Src/stm32f4xx_ll_usb.o
                0x000000000800c4c6                USB_HC_Halt
 *fill*         0x000000000800c6fe        0x2 
 .text.USB_DoPing
                0x000000000800c700       0x78 Drivers/STM32F4xx_HAL_Driver/Src/stm32f4xx_ll_usb.o
                0x000000000800c700                USB_DoPing
 .text.USB_StopHost
                0x000000000800c778      0x10c Drivers/STM32F4xx_HAL_Driver/Src/stm32f4xx_ll_usb.o
                0x000000000800c778                USB_StopHost
 .text.USBH_CDC_InterfaceInit
                0x000000000800c884      0x2ac Middlewares/ST/STM32_USB_Host_Library/Class/CDC/Src/usbh_cdc.o
 .text.USBH_CDC_InterfaceDeInit
                0x000000000800cb30       0xb2 Middlewares/ST/STM32_USB_Host_Library/Class/CDC/Src/usbh_cdc.o
 .text.USBH_CDC_ClassRequest
                0x000000000800cbe2       0x3e Middlewares/ST/STM32_USB_Host_Library/Class/CDC/Src/usbh_cdc.o
 .text.USBH_CDC_Process
                0x000000000800cc20      0x12c Middlewares/ST/STM32_USB_Host_Library/Class/CDC/Src/usbh_cdc.o
 .text.USBH_CDC_SOFProcess
                0x000000000800cd4c       0x16 Middlewares/ST/STM32_USB_Host_Library/Class/CDC/Src/usbh_cdc.o
 .text.GetLineCoding
                0x000000000800cd62       0x3e Middlewares/ST/STM32_USB_Host_Library/Class/CDC/Src/usbh_cdc.o
 .text.SetLineCoding
                0x000000000800cda0       0x3e Middlewares/ST/STM32_USB_Host_Library/Class/CDC/Src/usbh_cdc.o
 .text.CDC_ProcessTransmission
                0x000000000800cdde       0xec Middlewares/ST/STM32_USB_Host_Library/Class/CDC/Src/usbh_cdc.o
 .text.CDC_ProcessReception
                0x000000000800ceca       0xb6 Middlewares/ST/STM32_USB_Host_Library/Class/CDC/Src/usbh_cdc.o
 .text.USBH_CDC_TransmitCallback
                0x000000000800cf80       0x14 Middlewares/ST/STM32_USB_Host_Library/Class/CDC/Src/usbh_cdc.o
                0x000000000800cf80                USBH_CDC_TransmitCallback
 .text.USBH_CDC_ReceiveCallback
                0x000000000800cf94       0x14 Middlewares/ST/STM32_USB_Host_Library/Class/CDC/Src/usbh_cdc.o
                0x000000000800cf94                USBH_CDC_ReceiveCallback
 .text.USBH_CDC_LineCodingChanged
                0x000000000800cfa8       0x14 Middlewares/ST/STM32_USB_Host_Library/Class/CDC/Src/usbh_cdc.o
                0x000000000800cfa8                USBH_CDC_LineCodingChanged
 .text.USBH_Init
                0x000000000800cfbc       0x74 Middlewares/ST/STM32_USB_Host_Library/Core/Src/usbh_core.o
                0x000000000800cfbc                USBH_Init
 .text.DeInitStateMachine
                0x000000000800d030       0xa8 Middlewares/ST/STM32_USB_Host_Library/Core/Src/usbh_core.o
 .text.USBH_RegisterClass
                0x000000000800d0d8       0x54 Middlewares/ST/STM32_USB_Host_Library/Core/Src/usbh_core.o
                0x000000000800d0d8                USBH_RegisterClass
 .text.USBH_SelectInterface
                0x000000000800d12c       0x38 Middlewares/ST/STM32_USB_Host_Library/Core/Src/usbh_core.o
                0x000000000800d12c                USBH_SelectInterface
 .text.USBH_FindInterface
                0x000000000800d164       0x8c Middlewares/ST/STM32_USB_Host_Library/Core/Src/usbh_core.o
                0x000000000800d164                USBH_FindInterface
 .text.USBH_Start
                0x000000000800d1f0       0x20 Middlewares/ST/STM32_USB_Host_Library/Core/Src/usbh_core.o
                0x000000000800d1f0                USBH_Start
 .text.USBH_Process
                0x000000000800d210      0x3c0 Middlewares/ST/STM32_USB_Host_Library/Core/Src/usbh_core.o
                0x000000000800d210                USBH_Process
 .text.USBH_HandleEnum
                0x000000000800d5d0      0x3c8 Middlewares/ST/STM32_USB_Host_Library/Core/Src/usbh_core.o
 .text.USBH_LL_SetTimer
                0x000000000800d998       0x1e Middlewares/ST/STM32_USB_Host_Library/Core/Src/usbh_core.o
                0x000000000800d998                USBH_LL_SetTimer
 .text.USBH_LL_IncTimer
                0x000000000800d9b6       0x24 Middlewares/ST/STM32_USB_Host_Library/Core/Src/usbh_core.o
                0x000000000800d9b6                USBH_LL_IncTimer
 .text.USBH_HandleSof
                0x000000000800d9da       0x30 Middlewares/ST/STM32_USB_Host_Library/Core/Src/usbh_core.o
 .text.USBH_LL_PortEnabled
                0x000000000800da0a       0x1c Middlewares/ST/STM32_USB_Host_Library/Core/Src/usbh_core.o
                0x000000000800da0a                USBH_LL_PortEnabled
 .text.USBH_LL_PortDisabled
                0x000000000800da26       0x1c Middlewares/ST/STM32_USB_Host_Library/Core/Src/usbh_core.o
                0x000000000800da26                USBH_LL_PortDisabled
 .text.USBH_LL_Connect
                0x000000000800da42       0x2e Middlewares/ST/STM32_USB_Host_Library/Core/Src/usbh_core.o
                0x000000000800da42                USBH_LL_Connect
 .text.USBH_LL_Disconnect
                0x000000000800da70       0x48 Middlewares/ST/STM32_USB_Host_Library/Core/Src/usbh_core.o
                0x000000000800da70                USBH_LL_Disconnect
 .text.USBH_Get_DevDesc
                0x000000000800dab8       0x50 Middlewares/ST/STM32_USB_Host_Library/Core/Src/usbh_ctlreq.o
                0x000000000800dab8                USBH_Get_DevDesc
 .text.USBH_Get_CfgDesc
                0x000000000800db08       0x48 Middlewares/ST/STM32_USB_Host_Library/Core/Src/usbh_ctlreq.o
                0x000000000800db08                USBH_Get_CfgDesc
 .text.USBH_Get_StringDesc
                0x000000000800db50       0x56 Middlewares/ST/STM32_USB_Host_Library/Core/Src/usbh_ctlreq.o
                0x000000000800db50                USBH_Get_StringDesc
 .text.USBH_GetDescriptor
                0x000000000800dba6       0x6a Middlewares/ST/STM32_USB_Host_Library/Core/Src/usbh_ctlreq.o
                0x000000000800dba6                USBH_GetDescriptor
 .text.USBH_SetAddress
                0x000000000800dc10       0x48 Middlewares/ST/STM32_USB_Host_Library/Core/Src/usbh_ctlreq.o
                0x000000000800dc10                USBH_SetAddress
 .text.USBH_SetCfg
                0x000000000800dc58       0x46 Middlewares/ST/STM32_USB_Host_Library/Core/Src/usbh_ctlreq.o
                0x000000000800dc58                USBH_SetCfg
 .text.USBH_SetFeature
                0x000000000800dc9e       0x48 Middlewares/ST/STM32_USB_Host_Library/Core/Src/usbh_ctlreq.o
                0x000000000800dc9e                USBH_SetFeature
 .text.USBH_ClrFeature
                0x000000000800dce6       0x48 Middlewares/ST/STM32_USB_Host_Library/Core/Src/usbh_ctlreq.o
                0x000000000800dce6                USBH_ClrFeature
 .text.USBH_ParseDevDesc
                0x000000000800dd2e       0xe0 Middlewares/ST/STM32_USB_Host_Library/Core/Src/usbh_ctlreq.o
 .text.USBH_ParseCfgDesc
                0x000000000800de0e      0x144 Middlewares/ST/STM32_USB_Host_Library/Core/Src/usbh_ctlreq.o
 .text.USBH_ParseInterfaceDesc
                0x000000000800df52       0x5e Middlewares/ST/STM32_USB_Host_Library/Core/Src/usbh_ctlreq.o
 .text.USBH_ParseEPDesc
                0x000000000800dfb0       0x5a Middlewares/ST/STM32_USB_Host_Library/Core/Src/usbh_ctlreq.o
 .text.USBH_ParseStringDesc
                0x000000000800e00a       0x66 Middlewares/ST/STM32_USB_Host_Library/Core/Src/usbh_ctlreq.o
 .text.USBH_GetNextDesc
                0x000000000800e070       0x36 Middlewares/ST/STM32_USB_Host_Library/Core/Src/usbh_ctlreq.o
                0x000000000800e070                USBH_GetNextDesc
 .text.USBH_CtlReq
                0x000000000800e0a6       0x7a Middlewares/ST/STM32_USB_Host_Library/Core/Src/usbh_ctlreq.o
                0x000000000800e0a6                USBH_CtlReq
 .text.USBH_HandleControl
                0x000000000800e120      0x2e8 Middlewares/ST/STM32_USB_Host_Library/Core/Src/usbh_ctlreq.o
 .text.USBH_CtlSendSetup
                0x000000000800e408       0x34 Middlewares/ST/STM32_USB_Host_Library/Core/Src/usbh_ioreq.o
                0x000000000800e408                USBH_CtlSendSetup
 .text.USBH_CtlSendData
                0x000000000800e43c       0x4a Middlewares/ST/STM32_USB_Host_Library/Core/Src/usbh_ioreq.o
                0x000000000800e43c                USBH_CtlSendData
 .text.USBH_CtlReceiveData
                0x000000000800e486       0x3c Middlewares/ST/STM32_USB_Host_Library/Core/Src/usbh_ioreq.o
                0x000000000800e486                USBH_CtlReceiveData
 .text.USBH_BulkSendData
                0x000000000800e4c2       0x4a Middlewares/ST/STM32_USB_Host_Library/Core/Src/usbh_ioreq.o
                0x000000000800e4c2                USBH_BulkSendData
 .text.USBH_BulkReceiveData
                0x000000000800e50c       0x3c Middlewares/ST/STM32_USB_Host_Library/Core/Src/usbh_ioreq.o
                0x000000000800e50c                USBH_BulkReceiveData
 .text.USBH_OpenPipe
                0x000000000800e548       0x3e Middlewares/ST/STM32_USB_Host_Library/Core/Src/usbh_pipes.o
                0x000000000800e548                USBH_OpenPipe
 .text.USBH_ClosePipe
                0x000000000800e586       0x20 Middlewares/ST/STM32_USB_Host_Library/Core/Src/usbh_pipes.o
                0x000000000800e586                USBH_ClosePipe
 .text.USBH_AllocPipe
                0x000000000800e5a6       0x42 Middlewares/ST/STM32_USB_Host_Library/Core/Src/usbh_pipes.o
                0x000000000800e5a6                USBH_AllocPipe
 .text.USBH_FreePipe
                0x000000000800e5e8       0x3c Middlewares/ST/STM32_USB_Host_Library/Core/Src/usbh_pipes.o
                0x000000000800e5e8                USBH_FreePipe
 .text.USBH_GetFreePipe
                0x000000000800e624       0x48 Middlewares/ST/STM32_USB_Host_Library/Core/Src/usbh_pipes.o
 .text.MX_USB_HOST_Init
                0x000000000800e66c       0x4c USB_HOST/App/usb_host.o
                0x000000000800e66c                MX_USB_HOST_Init
 .text.MX_USB_HOST_Process
                0x000000000800e6b8       0x14 USB_HOST/App/usb_host.o
                0x000000000800e6b8                MX_USB_HOST_Process
 .text.USBH_UserProcess
                0x000000000800e6cc       0x5c USB_HOST/App/usb_host.o
 .text.HAL_HCD_MspInit
                0x000000000800e728       0xc4 USB_HOST/Target/usbh_conf.o
                0x000000000800e728                HAL_HCD_MspInit
 .text.HAL_HCD_SOF_Callback
                0x000000000800e7ec       0x1c USB_HOST/Target/usbh_conf.o
                0x000000000800e7ec                HAL_HCD_SOF_Callback
 .text.HAL_HCD_Connect_Callback
                0x000000000800e808       0x1c USB_HOST/Target/usbh_conf.o
                0x000000000800e808                HAL_HCD_Connect_Callback
 .text.HAL_HCD_Disconnect_Callback
                0x000000000800e824       0x1c USB_HOST/Target/usbh_conf.o
                0x000000000800e824                HAL_HCD_Disconnect_Callback
 .text.HAL_HCD_HC_NotifyURBChange_Callback
                0x000000000800e840       0x1c USB_HOST/Target/usbh_conf.o
                0x000000000800e840                HAL_HCD_HC_NotifyURBChange_Callback
 .text.HAL_HCD_PortEnabled_Callback
                0x000000000800e85c       0x1c USB_HOST/Target/usbh_conf.o
                0x000000000800e85c                HAL_HCD_PortEnabled_Callback
 .text.HAL_HCD_PortDisabled_Callback
                0x000000000800e878       0x1c USB_HOST/Target/usbh_conf.o
                0x000000000800e878                HAL_HCD_PortDisabled_Callback
 .text.USBH_LL_Init
                0x000000000800e894       0x78 USB_HOST/Target/usbh_conf.o
                0x000000000800e894                USBH_LL_Init
 .text.USBH_LL_Start
                0x000000000800e90c       0x36 USB_HOST/Target/usbh_conf.o
                0x000000000800e90c                USBH_LL_Start
 .text.USBH_LL_Stop
                0x000000000800e942       0x36 USB_HOST/Target/usbh_conf.o
                0x000000000800e942                USBH_LL_Stop
 .text.USBH_LL_GetSpeed
                0x000000000800e978       0x4e USB_HOST/Target/usbh_conf.o
                0x000000000800e978                USBH_LL_GetSpeed
 .text.USBH_LL_ResetPort
                0x000000000800e9c6       0x36 USB_HOST/Target/usbh_conf.o
                0x000000000800e9c6                USBH_LL_ResetPort
 .text.USBH_LL_GetLastXferSize
                0x000000000800e9fc       0x26 USB_HOST/Target/usbh_conf.o
                0x000000000800e9fc                USBH_LL_GetLastXferSize
 .text.USBH_LL_OpenPipe
                0x000000000800ea22       0x5e USB_HOST/Target/usbh_conf.o
                0x000000000800ea22                USBH_LL_OpenPipe
 .text.USBH_LL_ClosePipe
                0x000000000800ea80       0x3e USB_HOST/Target/usbh_conf.o
                0x000000000800ea80                USBH_LL_ClosePipe
 .text.USBH_LL_SubmitURB
                0x000000000800eabe       0x62 USB_HOST/Target/usbh_conf.o
                0x000000000800eabe                USBH_LL_SubmitURB
 .text.USBH_LL_GetURBState
                0x000000000800eb20       0x26 USB_HOST/Target/usbh_conf.o
                0x000000000800eb20                USBH_LL_GetURBState
 .text.USBH_LL_DriverVBUS
                0x000000000800eb46       0x2e USB_HOST/Target/usbh_conf.o
                0x000000000800eb46                USBH_LL_DriverVBUS
 .text.USBH_LL_SetToggle
                0x000000000800eb74       0x60 USB_HOST/Target/usbh_conf.o
                0x000000000800eb74                USBH_LL_SetToggle
 .text.USBH_Delay
                0x000000000800ebd4       0x16 USB_HOST/Target/usbh_conf.o
                0x000000000800ebd4                USBH_Delay
 *fill*         0x000000000800ebea        0x2 
 .text.USBH_Get_USB_Status
                0x000000000800ebec       0x58 USB_HOST/Target/usbh_conf.o
                0x000000000800ebec                USBH_Get_USB_Status
 .text.MX_DriverVbusFS
                0x000000000800ec44       0x38 USB_HOST/Target/usbh_platform.o
                0x000000000800ec44                MX_DriverVbusFS
 .text.__errno  0x000000000800ec7c        0xc /home/odemki/Programs/programs/STM32IDE/1/en.en-st-stm32cubeide_1-5-0_8698_20201117_1050_amd64_sh/makeself_dir_5QpOGP/y/plugins/com.st.stm32cube.ide.mcu.externaltools.gnu-tools-for-stm32.9-2020-q2-update.linux64_1.5.0.202011040924/tools/bin/../lib/gcc/arm-none-eabi/9.3.1/../../../../arm-none-eabi/lib/thumb/v7e-m+fp/hard/libc_nano.a(lib_a-errno.o)
                0x000000000800ec7c                __errno
 .text.__libc_init_array
                0x000000000800ec88       0x48 /home/odemki/Programs/programs/STM32IDE/1/en.en-st-stm32cubeide_1-5-0_8698_20201117_1050_amd64_sh/makeself_dir_5QpOGP/y/plugins/com.st.stm32cube.ide.mcu.externaltools.gnu-tools-for-stm32.9-2020-q2-update.linux64_1.5.0.202011040924/tools/bin/../lib/gcc/arm-none-eabi/9.3.1/../../../../arm-none-eabi/lib/thumb/v7e-m+fp/hard/libc_nano.a(lib_a-init.o)
                0x000000000800ec88                __libc_init_array
 .text.malloc   0x000000000800ecd0       0x10 /home/odemki/Programs/programs/STM32IDE/1/en.en-st-stm32cubeide_1-5-0_8698_20201117_1050_amd64_sh/makeself_dir_5QpOGP/y/plugins/com.st.stm32cube.ide.mcu.externaltools.gnu-tools-for-stm32.9-2020-q2-update.linux64_1.5.0.202011040924/tools/bin/../lib/gcc/arm-none-eabi/9.3.1/../../../../arm-none-eabi/lib/thumb/v7e-m+fp/hard/libc_nano.a(lib_a-malloc.o)
                0x000000000800ecd0                malloc
 .text.free     0x000000000800ece0       0x10 /home/odemki/Programs/programs/STM32IDE/1/en.en-st-stm32cubeide_1-5-0_8698_20201117_1050_amd64_sh/makeself_dir_5QpOGP/y/plugins/com.st.stm32cube.ide.mcu.externaltools.gnu-tools-for-stm32.9-2020-q2-update.linux64_1.5.0.202011040924/tools/bin/../lib/gcc/arm-none-eabi/9.3.1/../../../../arm-none-eabi/lib/thumb/v7e-m+fp/hard/libc_nano.a(lib_a-malloc.o)
                0x000000000800ece0                free
 .text.memcpy   0x000000000800ecf0       0x1c /home/odemki/Programs/programs/STM32IDE/1/en.en-st-stm32cubeide_1-5-0_8698_20201117_1050_amd64_sh/makeself_dir_5QpOGP/y/plugins/com.st.stm32cube.ide.mcu.externaltools.gnu-tools-for-stm32.9-2020-q2-update.linux64_1.5.0.202011040924/tools/bin/../lib/gcc/arm-none-eabi/9.3.1/../../../../arm-none-eabi/lib/thumb/v7e-m+fp/hard/libc_nano.a(lib_a-memcpy-stub.o)
                0x000000000800ecf0                memcpy
 .text.memset   0x000000000800ed0c       0x10 /home/odemki/Programs/programs/STM32IDE/1/en.en-st-stm32cubeide_1-5-0_8698_20201117_1050_amd64_sh/makeself_dir_5QpOGP/y/plugins/com.st.stm32cube.ide.mcu.externaltools.gnu-tools-for-stm32.9-2020-q2-update.linux64_1.5.0.202011040924/tools/bin/../lib/gcc/arm-none-eabi/9.3.1/../../../../arm-none-eabi/lib/thumb/v7e-m+fp/hard/libc_nano.a(lib_a-memset.o)
                0x000000000800ed0c                memset
 .text._free_r  0x000000000800ed1c       0xa0 /home/odemki/Programs/programs/STM32IDE/1/en.en-st-stm32cubeide_1-5-0_8698_20201117_1050_amd64_sh/makeself_dir_5QpOGP/y/plugins/com.st.stm32cube.ide.mcu.externaltools.gnu-tools-for-stm32.9-2020-q2-update.linux64_1.5.0.202011040924/tools/bin/../lib/gcc/arm-none-eabi/9.3.1/../../../../arm-none-eabi/lib/thumb/v7e-m+fp/hard/libc_nano.a(lib_a-nano-freer.o)
                0x000000000800ed1c                _free_r
 .text._malloc_r
                0x000000000800edbc       0xb4 /home/odemki/Programs/programs/STM32IDE/1/en.en-st-stm32cubeide_1-5-0_8698_20201117_1050_amd64_sh/makeself_dir_5QpOGP/y/plugins/com.st.stm32cube.ide.mcu.externaltools.gnu-tools-for-stm32.9-2020-q2-update.linux64_1.5.0.202011040924/tools/bin/../lib/gcc/arm-none-eabi/9.3.1/../../../../arm-none-eabi/lib/thumb/v7e-m+fp/hard/libc_nano.a(lib_a-nano-mallocr.o)
                0x000000000800edbc                _malloc_r
 .text._sbrk_r  0x000000000800ee70       0x20 /home/odemki/Programs/programs/STM32IDE/1/en.en-st-stm32cubeide_1-5-0_8698_20201117_1050_amd64_sh/makeself_dir_5QpOGP/y/plugins/com.st.stm32cube.ide.mcu.externaltools.gnu-tools-for-stm32.9-2020-q2-update.linux64_1.5.0.202011040924/tools/bin/../lib/gcc/arm-none-eabi/9.3.1/../../../../arm-none-eabi/lib/thumb/v7e-m+fp/hard/libc_nano.a(lib_a-sbrkr.o)
                0x000000000800ee70                _sbrk_r
 .text.strncat  0x000000000800ee90       0x26 /home/odemki/Programs/programs/STM32IDE/1/en.en-st-stm32cubeide_1-5-0_8698_20201117_1050_amd64_sh/makeself_dir_5QpOGP/y/plugins/com.st.stm32cube.ide.mcu.externaltools.gnu-tools-for-stm32.9-2020-q2-update.linux64_1.5.0.202011040924/tools/bin/../lib/gcc/arm-none-eabi/9.3.1/../../../../arm-none-eabi/lib/thumb/v7e-m+fp/hard/libc_nano.a(lib_a-strncat.o)
                0x000000000800ee90                strncat
 *fill*         0x000000000800eeb6        0x2 
 .text.__malloc_lock
                0x000000000800eeb8        0xc /home/odemki/Programs/programs/STM32IDE/1/en.en-st-stm32cubeide_1-5-0_8698_20201117_1050_amd64_sh/makeself_dir_5QpOGP/y/plugins/com.st.stm32cube.ide.mcu.externaltools.gnu-tools-for-stm32.9-2020-q2-update.linux64_1.5.0.202011040924/tools/bin/../lib/gcc/arm-none-eabi/9.3.1/../../../../arm-none-eabi/lib/thumb/v7e-m+fp/hard/libc_nano.a(lib_a-mlock.o)
                0x000000000800eeb8                __malloc_lock
 .text.__malloc_unlock
                0x000000000800eec4        0xc /home/odemki/Programs/programs/STM32IDE/1/en.en-st-stm32cubeide_1-5-0_8698_20201117_1050_amd64_sh/makeself_dir_5QpOGP/y/plugins/com.st.stm32cube.ide.mcu.externaltools.gnu-tools-for-stm32.9-2020-q2-update.linux64_1.5.0.202011040924/tools/bin/../lib/gcc/arm-none-eabi/9.3.1/../../../../arm-none-eabi/lib/thumb/v7e-m+fp/hard/libc_nano.a(lib_a-mlock.o)
                0x000000000800eec4                __malloc_unlock
 .text.__retarget_lock_acquire_recursive
                0x000000000800eed0        0x2 /home/odemki/Programs/programs/STM32IDE/1/en.en-st-stm32cubeide_1-5-0_8698_20201117_1050_amd64_sh/makeself_dir_5QpOGP/y/plugins/com.st.stm32cube.ide.mcu.externaltools.gnu-tools-for-stm32.9-2020-q2-update.linux64_1.5.0.202011040924/tools/bin/../lib/gcc/arm-none-eabi/9.3.1/../../../../arm-none-eabi/lib/thumb/v7e-m+fp/hard/libc_nano.a(lib_a-lock.o)
                0x000000000800eed0                __retarget_lock_acquire_recursive
 .text.__retarget_lock_release_recursive
                0x000000000800eed2        0x2 /home/odemki/Programs/programs/STM32IDE/1/en.en-st-stm32cubeide_1-5-0_8698_20201117_1050_amd64_sh/makeself_dir_5QpOGP/y/plugins/com.st.stm32cube.ide.mcu.externaltools.gnu-tools-for-stm32.9-2020-q2-update.linux64_1.5.0.202011040924/tools/bin/../lib/gcc/arm-none-eabi/9.3.1/../../../../arm-none-eabi/lib/thumb/v7e-m+fp/hard/libc_nano.a(lib_a-lock.o)
                0x000000000800eed2                __retarget_lock_release_recursive
 *(.glue_7)
 .glue_7        0x000000000800eed4        0x0 linker stubs
 *(.glue_7t)
 .glue_7t       0x000000000800eed4        0x0 linker stubs
 *(.eh_frame)
 .eh_frame      0x000000000800eed4        0x0 /home/odemki/Programs/programs/STM32IDE/1/en.en-st-stm32cubeide_1-5-0_8698_20201117_1050_amd64_sh/makeself_dir_5QpOGP/y/plugins/com.st.stm32cube.ide.mcu.externaltools.gnu-tools-for-stm32.9-2020-q2-update.linux64_1.5.0.202011040924/tools/bin/../lib/gcc/arm-none-eabi/9.3.1/thumb/v7e-m+fp/hard/crtbegin.o
 *(.init)
 .init          0x000000000800eed4        0x4 /home/odemki/Programs/programs/STM32IDE/1/en.en-st-stm32cubeide_1-5-0_8698_20201117_1050_amd64_sh/makeself_dir_5QpOGP/y/plugins/com.st.stm32cube.ide.mcu.externaltools.gnu-tools-for-stm32.9-2020-q2-update.linux64_1.5.0.202011040924/tools/bin/../lib/gcc/arm-none-eabi/9.3.1/thumb/v7e-m+fp/hard/crti.o
                0x000000000800eed4                _init
 .init          0x000000000800eed8        0x8 /home/odemki/Programs/programs/STM32IDE/1/en.en-st-stm32cubeide_1-5-0_8698_20201117_1050_amd64_sh/makeself_dir_5QpOGP/y/plugins/com.st.stm32cube.ide.mcu.externaltools.gnu-tools-for-stm32.9-2020-q2-update.linux64_1.5.0.202011040924/tools/bin/../lib/gcc/arm-none-eabi/9.3.1/thumb/v7e-m+fp/hard/crtn.o
 *(.fini)
 .fini          0x000000000800eee0        0x4 /home/odemki/Programs/programs/STM32IDE/1/en.en-st-stm32cubeide_1-5-0_8698_20201117_1050_amd64_sh/makeself_dir_5QpOGP/y/plugins/com.st.stm32cube.ide.mcu.externaltools.gnu-tools-for-stm32.9-2020-q2-update.linux64_1.5.0.202011040924/tools/bin/../lib/gcc/arm-none-eabi/9.3.1/thumb/v7e-m+fp/hard/crti.o
                0x000000000800eee0                _fini
 .fini          0x000000000800eee4        0x8 /home/odemki/Programs/programs/STM32IDE/1/en.en-st-stm32cubeide_1-5-0_8698_20201117_1050_amd64_sh/makeself_dir_5QpOGP/y/plugins/com.st.stm32cube.ide.mcu.externaltools.gnu-tools-for-stm32.9-2020-q2-update.linux64_1.5.0.202011040924/tools/bin/../lib/gcc/arm-none-eabi/9.3.1/thumb/v7e-m+fp/hard/crtn.o
                0x000000000800eeec                . = ALIGN (0x4)
                0x000000000800eeec                _etext = .

.vfp11_veneer   0x000000000800eeec        0x0
 .vfp11_veneer  0x000000000800eeec        0x0 linker stubs

.v4_bx          0x000000000800eeec        0x0
 .v4_bx         0x000000000800eeec        0x0 linker stubs

.iplt           0x000000000800eeec        0x0
 .iplt          0x000000000800eeec        0x0 /home/odemki/Programs/programs/STM32IDE/1/en.en-st-stm32cubeide_1-5-0_8698_20201117_1050_amd64_sh/makeself_dir_5QpOGP/y/plugins/com.st.stm32cube.ide.mcu.externaltools.gnu-tools-for-stm32.9-2020-q2-update.linux64_1.5.0.202011040924/tools/bin/../lib/gcc/arm-none-eabi/9.3.1/thumb/v7e-m+fp/hard/crtbegin.o

.rodata         0x000000000800eeec      0x564
                0x000000000800eeec                . = ALIGN (0x4)
 *(.rodata)
 .rodata        0x000000000800eeec      0x112 Core/Src/screens/lcd/LCD.o
 *fill*         0x000000000800effe        0x2 
 .rodata        0x000000000800f000        0x4 Middlewares/ST/STM32_USB_Host_Library/Class/CDC/Src/usbh_cdc.o
 *(.rodata*)
 .rodata.AHBPrescTable
                0x000000000800f004       0x10 Core/Src/system_stm32f4xx.o
                0x000000000800f004                AHBPrescTable
 .rodata.APBPrescTable
                0x000000000800f014        0x8 Core/Src/system_stm32f4xx.o
                0x000000000800f014                APBPrescTable
 .rodata.font   0x000000000800f01c      0x240 Core/Src/screens/lcd/ILI9341_GFX.o
 .rodata.NULL_MENU
                0x000000000800f25c       0x18 Core/Src/screens/lcd/LCD.o
                0x000000000800f25c                NULL_MENU
 .rodata.Menu_1
                0x000000000800f274       0x32 Core/Src/screens/lcd/LCD.o
                0x000000000800f274                Menu_1
 *fill*         0x000000000800f2a6        0x2 
 .rodata.Menu_2
                0x000000000800f2a8       0x23 Core/Src/screens/lcd/LCD.o
                0x000000000800f2a8                Menu_2
 *fill*         0x000000000800f2cb        0x1 
 .rodata.Menu_3
                0x000000000800f2cc       0x28 Core/Src/screens/lcd/LCD.o
                0x000000000800f2cc                Menu_3
 .rodata.Menu_4
                0x000000000800f2f4       0x29 Core/Src/screens/lcd/LCD.o
                0x000000000800f2f4                Menu_4
 *fill*         0x000000000800f31d        0x3 
 .rodata.Menu_5
                0x000000000800f320       0x20 Core/Src/screens/lcd/LCD.o
                0x000000000800f320                Menu_5
 .rodata.Menu_1_1
                0x000000000800f340       0x1f Core/Src/screens/lcd/LCD.o
                0x000000000800f340                Menu_1_1
 *fill*         0x000000000800f35f        0x1 
 .rodata.Menu_1_2
                0x000000000800f360       0x1f Core/Src/screens/lcd/LCD.o
                0x000000000800f360                Menu_1_2
 *fill*         0x000000000800f37f        0x1 
 .rodata.Menu_1_3
                0x000000000800f380       0x1f Core/Src/screens/lcd/LCD.o
                0x000000000800f380                Menu_1_3
 *fill*         0x000000000800f39f        0x1 
 .rodata.Menu_1_4
                0x000000000800f3a0       0x20 Core/Src/screens/lcd/LCD.o
                0x000000000800f3a0                Menu_1_4
 .rodata.Menu_1_1_1
                0x000000000800f3c0       0x23 Core/Src/screens/lcd/LCD.o
                0x000000000800f3c0                Menu_1_1_1
 *fill*         0x000000000800f3e3        0x1 
 .rodata.Menu_1_1_2
                0x000000000800f3e4       0x23 Core/Src/screens/lcd/LCD.o
                0x000000000800f3e4                Menu_1_1_2
 *fill*         0x000000000800f407        0x1 
 .rodata.Menu_1_1_3
                0x000000000800f408       0x23 Core/Src/screens/lcd/LCD.o
                0x000000000800f408                Menu_1_1_3
 *fill*         0x000000000800f42b        0x1 
 .rodata.Menu_1_1_4
                0x000000000800f42c       0x23 Core/Src/screens/lcd/LCD.o
                0x000000000800f42c                Menu_1_1_4
                0x000000000800f450                . = ALIGN (0x4)
 *fill*         0x000000000800f44f        0x1 

.ARM.extab      0x000000000800f450        0x0
                0x000000000800f450                . = ALIGN (0x4)
 *(.ARM.extab* .gnu.linkonce.armextab.*)
                0x000000000800f450                . = ALIGN (0x4)

.ARM            0x000000000800f450        0x8
                0x000000000800f450                . = ALIGN (0x4)
                0x000000000800f450                __exidx_start = .
 *(.ARM.exidx*)
 .ARM.exidx     0x000000000800f450        0x8 /home/odemki/Programs/programs/STM32IDE/1/en.en-st-stm32cubeide_1-5-0_8698_20201117_1050_amd64_sh/makeself_dir_5QpOGP/y/plugins/com.st.stm32cube.ide.mcu.externaltools.gnu-tools-for-stm32.9-2020-q2-update.linux64_1.5.0.202011040924/tools/bin/../lib/gcc/arm-none-eabi/9.3.1/thumb/v7e-m+fp/hard/libgcc.a(_udivmoddi4.o)
                0x000000000800f458                __exidx_end = .
                0x000000000800f458                . = ALIGN (0x4)

.rel.dyn        0x000000000800f458        0x0
 .rel.iplt      0x000000000800f458        0x0 /home/odemki/Programs/programs/STM32IDE/1/en.en-st-stm32cubeide_1-5-0_8698_20201117_1050_amd64_sh/makeself_dir_5QpOGP/y/plugins/com.st.stm32cube.ide.mcu.externaltools.gnu-tools-for-stm32.9-2020-q2-update.linux64_1.5.0.202011040924/tools/bin/../lib/gcc/arm-none-eabi/9.3.1/thumb/v7e-m+fp/hard/crtbegin.o

.preinit_array  0x000000000800f458        0x0
                0x000000000800f458                . = ALIGN (0x4)
                0x000000000800f458                PROVIDE (__preinit_array_start = .)
 *(.preinit_array*)
                0x000000000800f458                PROVIDE (__preinit_array_end = .)
                0x000000000800f458                . = ALIGN (0x4)

.init_array     0x000000000800f458        0x4
                0x000000000800f458                . = ALIGN (0x4)
                0x000000000800f458                PROVIDE (__init_array_start = .)
 *(SORT_BY_NAME(.init_array.*))
 *(.init_array*)
 .init_array    0x000000000800f458        0x4 /home/odemki/Programs/programs/STM32IDE/1/en.en-st-stm32cubeide_1-5-0_8698_20201117_1050_amd64_sh/makeself_dir_5QpOGP/y/plugins/com.st.stm32cube.ide.mcu.externaltools.gnu-tools-for-stm32.9-2020-q2-update.linux64_1.5.0.202011040924/tools/bin/../lib/gcc/arm-none-eabi/9.3.1/thumb/v7e-m+fp/hard/crtbegin.o
                0x000000000800f45c                PROVIDE (__init_array_end = .)
                0x000000000800f45c                . = ALIGN (0x4)

.fini_array     0x000000000800f45c        0x4
                0x000000000800f45c                . = ALIGN (0x4)
                [!provide]                        PROVIDE (__fini_array_start = .)
 *(SORT_BY_NAME(.fini_array.*))
 *(.fini_array*)
 .fini_array    0x000000000800f45c        0x4 /home/odemki/Programs/programs/STM32IDE/1/en.en-st-stm32cubeide_1-5-0_8698_20201117_1050_amd64_sh/makeself_dir_5QpOGP/y/plugins/com.st.stm32cube.ide.mcu.externaltools.gnu-tools-for-stm32.9-2020-q2-update.linux64_1.5.0.202011040924/tools/bin/../lib/gcc/arm-none-eabi/9.3.1/thumb/v7e-m+fp/hard/crtbegin.o
                [!provide]                        PROVIDE (__fini_array_end = .)
                0x000000000800f460                . = ALIGN (0x4)
                0x000000000800f460                _sidata = LOADADDR (.data)

.data           0x0000000020000000      0x1d8 load address 0x000000000800f460
                0x0000000020000000                . = ALIGN (0x4)
                0x0000000020000000                _sdata = .
 *(.data)
 *(.data*)
 .data.i        0x0000000020000000        0x4 Core/Src/stm32f4xx_it.o
                0x0000000020000000                i
 .data.SystemCoreClock
                0x0000000020000004        0x4 Core/Src/system_stm32f4xx.o
                0x0000000020000004                SystemCoreClock
 .data.LCD_HEIGHT
                0x0000000020000008        0x2 Core/Src/screens/lcd/ILI9341_STM32_Driver.o
                0x0000000020000008                LCD_HEIGHT
 .data.LCD_WIDTH
                0x000000002000000a        0x2 Core/Src/screens/lcd/ILI9341_STM32_Driver.o
                0x000000002000000a                LCD_WIDTH
 .data.CurrentMenuItem
                0x000000002000000c        0x4 Core/Src/screens/lcd/LCD.o
 .data.main_menus
                0x0000000020000010       0x96 Core/Src/screens/lcd/LCD.o
                0x0000000020000010                main_menus
 *fill*         0x00000000200000a6        0x2 
 .data.menu_1   0x00000000200000a8       0x50 Core/Src/screens/lcd/LCD.o
                0x00000000200000a8                menu_1
 .data.menu_1_1
                0x00000000200000f8       0x50 Core/Src/screens/lcd/LCD.o
                0x00000000200000f8                menu_1_1
 .data.pointer_on_selected_menu
                0x0000000020000148        0x1 Core/Src/screens/lcd/LCD.o
                0x0000000020000148                pointer_on_selected_menu
 *fill*         0x0000000020000149        0x3 
 .data.uwTickPrio
                0x000000002000014c        0x4 Drivers/STM32F4xx_HAL_Driver/Src/stm32f4xx_hal.o
                0x000000002000014c                uwTickPrio
 .data.uwTickFreq
                0x0000000020000150        0x1 Drivers/STM32F4xx_HAL_Driver/Src/stm32f4xx_hal.o
                0x0000000020000150                uwTickFreq
 *fill*         0x0000000020000151        0x3 
 .data.CDC_Class
                0x0000000020000154       0x20 Middlewares/ST/STM32_USB_Host_Library/Class/CDC/Src/usbh_cdc.o
                0x0000000020000154                CDC_Class
 .data._impure_ptr
                0x0000000020000174        0x4 /home/odemki/Programs/programs/STM32IDE/1/en.en-st-stm32cubeide_1-5-0_8698_20201117_1050_amd64_sh/makeself_dir_5QpOGP/y/plugins/com.st.stm32cube.ide.mcu.externaltools.gnu-tools-for-stm32.9-2020-q2-update.linux64_1.5.0.202011040924/tools/bin/../lib/gcc/arm-none-eabi/9.3.1/../../../../arm-none-eabi/lib/thumb/v7e-m+fp/hard/libc_nano.a(lib_a-impure.o)
                0x0000000020000174                _impure_ptr
 .data.impure_data
                0x0000000020000178       0x60 /home/odemki/Programs/programs/STM32IDE/1/en.en-st-stm32cubeide_1-5-0_8698_20201117_1050_amd64_sh/makeself_dir_5QpOGP/y/plugins/com.st.stm32cube.ide.mcu.externaltools.gnu-tools-for-stm32.9-2020-q2-update.linux64_1.5.0.202011040924/tools/bin/../lib/gcc/arm-none-eabi/9.3.1/../../../../arm-none-eabi/lib/thumb/v7e-m+fp/hard/libc_nano.a(lib_a-impure.o)
 *(.RamFunc)
 *(.RamFunc*)
                0x00000000200001d8                . = ALIGN (0x4)
                0x00000000200001d8                _edata = .

.igot.plt       0x00000000200001d8        0x0 load address 0x000000000800f638
 .igot.plt      0x00000000200001d8        0x0 /home/odemki/Programs/programs/STM32IDE/1/en.en-st-stm32cubeide_1-5-0_8698_20201117_1050_amd64_sh/makeself_dir_5QpOGP/y/plugins/com.st.stm32cube.ide.mcu.externaltools.gnu-tools-for-stm32.9-2020-q2-update.linux64_1.5.0.202011040924/tools/bin/../lib/gcc/arm-none-eabi/9.3.1/thumb/v7e-m+fp/hard/crtbegin.o
                0x00000000200001d8                . = ALIGN (0x4)

.bss            0x00000000200001d8      0xa68 load address 0x000000000800f638
                0x00000000200001d8                _sbss = .
                0x00000000200001d8                __bss_start__ = _sbss
 *(.bss)
 .bss           0x00000000200001d8       0x1c /home/odemki/Programs/programs/STM32IDE/1/en.en-st-stm32cubeide_1-5-0_8698_20201117_1050_amd64_sh/makeself_dir_5QpOGP/y/plugins/com.st.stm32cube.ide.mcu.externaltools.gnu-tools-for-stm32.9-2020-q2-update.linux64_1.5.0.202011040924/tools/bin/../lib/gcc/arm-none-eabi/9.3.1/thumb/v7e-m+fp/hard/crtbegin.o
 *(.bss*)
 .bss.movement  0x00000000200001f4        0x4 Core/Src/stm32f4xx_it.o
                0x00000000200001f4                movement
 .bss.__sbrk_heap_end
                0x00000000200001f8        0x4 Core/Src/sysmem.o
 .bss.MenuWriteFunc
                0x00000000200001fc        0x4 Core/Src/screens/lcd/LCD.o
 .bss.flagPressed
                0x0000000020000200        0x1 Core/Src/screens/lcd/LCD.o
                0x0000000020000200                flagPressed
 .bss.Appli_state
                0x0000000020000201        0x1 USB_HOST/App/usb_host.o
                0x0000000020000201                Appli_state
 *fill*         0x0000000020000202        0x2 
 .bss.__malloc_free_list
                0x0000000020000204        0x4 /home/odemki/Programs/programs/STM32IDE/1/en.en-st-stm32cubeide_1-5-0_8698_20201117_1050_amd64_sh/makeself_dir_5QpOGP/y/plugins/com.st.stm32cube.ide.mcu.externaltools.gnu-tools-for-stm32.9-2020-q2-update.linux64_1.5.0.202011040924/tools/bin/../lib/gcc/arm-none-eabi/9.3.1/../../../../arm-none-eabi/lib/thumb/v7e-m+fp/hard/libc_nano.a(lib_a-nano-mallocr.o)
                0x0000000020000204                __malloc_free_list
 .bss.__malloc_sbrk_start