Archive member included to satisfy reference by file (symbol)

/home/odemki/Programs/programs/STM32IDE/1/en.en-st-stm32cubeide_1-5-0_8698_20201117_1050_amd64_sh/makeself_dir_5QpOGP/y/plugins/com.st.stm32cube.ide.mcu.externaltools.gnu-tools-for-stm32.9-2020-q2-update.linux64_1.5.0.202011040924/tools/bin/../lib/gcc/arm-none-eabi/9.3.1/../../../../arm-none-eabi/lib/thumb/v7e-m+fp/hard/libc_nano.a(lib_a-errno.o)
                              Core/Src/syscalls.o (__errno)
/home/odemki/Programs/programs/STM32IDE/1/en.en-st-stm32cubeide_1-5-0_8698_20201117_1050_amd64_sh/makeself_dir_5QpOGP/y/plugins/com.st.stm32cube.ide.mcu.externaltools.gnu-tools-for-stm32.9-2020-q2-update.linux64_1.5.0.202011040924/tools/bin/../lib/gcc/arm-none-eabi/9.3.1/../../../../arm-none-eabi/lib/thumb/v7e-m+fp/hard/libc_nano.a(lib_a-exit.o)
                              /home/odemki/Programs/programs/STM32IDE/1/en.en-st-stm32cubeide_1-5-0_8698_20201117_1050_amd64_sh/makeself_dir_5QpOGP/y/plugins/com.st.stm32cube.ide.mcu.externaltools.gnu-tools-for-stm32.9-2020-q2-update.linux64_1.5.0.202011040924/tools/bin/../lib/gcc/arm-none-eabi/9.3.1/../../../../arm-none-eabi/lib/thumb/v7e-m+fp/hard/crt0.o (exit)
/home/odemki/Programs/programs/STM32IDE/1/en.en-st-stm32cubeide_1-5-0_8698_20201117_1050_amd64_sh/makeself_dir_5QpOGP/y/plugins/com.st.stm32cube.ide.mcu.externaltools.gnu-tools-for-stm32.9-2020-q2-update.linux64_1.5.0.202011040924/tools/bin/../lib/gcc/arm-none-eabi/9.3.1/../../../../arm-none-eabi/lib/thumb/v7e-m+fp/hard/libc_nano.a(lib_a-impure.o)
                              /home/odemki/Programs/programs/STM32IDE/1/en.en-st-stm32cubeide_1-5-0_8698_20201117_1050_amd64_sh/makeself_dir_5QpOGP/y/plugins/com.st.stm32cube.ide.mcu.externaltools.gnu-tools-for-stm32.9-2020-q2-update.linux64_1.5.0.202011040924/tools/bin/../lib/gcc/arm-none-eabi/9.3.1/../../../../arm-none-eabi/lib/thumb/v7e-m+fp/hard/libc_nano.a(lib_a-exit.o) (_global_impure_ptr)
/home/odemki/Programs/programs/STM32IDE/1/en.en-st-stm32cubeide_1-5-0_8698_20201117_1050_amd64_sh/makeself_dir_5QpOGP/y/plugins/com.st.stm32cube.ide.mcu.externaltools.gnu-tools-for-stm32.9-2020-q2-update.linux64_1.5.0.202011040924/tools/bin/../lib/gcc/arm-none-eabi/9.3.1/../../../../arm-none-eabi/lib/thumb/v7e-m+fp/hard/libc_nano.a(lib_a-init.o)
                              /home/odemki/Programs/programs/STM32IDE/1/en.en-st-stm32cubeide_1-5-0_8698_20201117_1050_amd64_sh/makeself_dir_5QpOGP/y/plugins/com.st.stm32cube.ide.mcu.externaltools.gnu-tools-for-stm32.9-2020-q2-update.linux64_1.5.0.202011040924/tools/bin/../lib/gcc/arm-none-eabi/9.3.1/../../../../arm-none-eabi/lib/thumb/v7e-m+fp/hard/crt0.o (__libc_init_array)
/home/odemki/Programs/programs/STM32IDE/1/en.en-st-stm32cubeide_1-5-0_8698_20201117_1050_amd64_sh/makeself_dir_5QpOGP/y/plugins/com.st.stm32cube.ide.mcu.externaltools.gnu-tools-for-stm32.9-2020-q2-update.linux64_1.5.0.202011040924/tools/bin/../lib/gcc/arm-none-eabi/9.3.1/../../../../arm-none-eabi/lib/thumb/v7e-m+fp/hard/libc_nano.a(lib_a-malloc.o)
                              Middlewares/ST/STM32_USB_Host_Library/Class/CDC/Src/usbh_cdc.o (malloc)
/home/odemki/Programs/programs/STM32IDE/1/en.en-st-stm32cubeide_1-5-0_8698_20201117_1050_amd64_sh/makeself_dir_5QpOGP/y/plugins/com.st.stm32cube.ide.mcu.externaltools.gnu-tools-for-stm32.9-2020-q2-update.linux64_1.5.0.202011040924/tools/bin/../lib/gcc/arm-none-eabi/9.3.1/../../../../arm-none-eabi/lib/thumb/v7e-m+fp/hard/libc_nano.a(lib_a-memset.o)
                              /home/odemki/Programs/programs/STM32IDE/1/en.en-st-stm32cubeide_1-5-0_8698_20201117_1050_amd64_sh/makeself_dir_5QpOGP/y/plugins/com.st.stm32cube.ide.mcu.externaltools.gnu-tools-for-stm32.9-2020-q2-update.linux64_1.5.0.202011040924/tools/bin/../lib/gcc/arm-none-eabi/9.3.1/../../../../arm-none-eabi/lib/thumb/v7e-m+fp/hard/crt0.o (memset)
/home/odemki/Programs/programs/STM32IDE/1/en.en-st-stm32cubeide_1-5-0_8698_20201117_1050_amd64_sh/makeself_dir_5QpOGP/y/plugins/com.st.stm32cube.ide.mcu.externaltools.gnu-tools-for-stm32.9-2020-q2-update.linux64_1.5.0.202011040924/tools/bin/../lib/gcc/arm-none-eabi/9.3.1/../../../../arm-none-eabi/lib/thumb/v7e-m+fp/hard/libc_nano.a(lib_a-nano-freer.o)
                              /home/odemki/Programs/programs/STM32IDE/1/en.en-st-stm32cubeide_1-5-0_8698_20201117_1050_amd64_sh/makeself_dir_5QpOGP/y/plugins/com.st.stm32cube.ide.mcu.externaltools.gnu-tools-for-stm32.9-2020-q2-update.linux64_1.5.0.202011040924/tools/bin/../lib/gcc/arm-none-eabi/9.3.1/../../../../arm-none-eabi/lib/thumb/v7e-m+fp/hard/libc_nano.a(lib_a-malloc.o) (_free_r)
/home/odemki/Programs/programs/STM32IDE/1/en.en-st-stm32cubeide_1-5-0_8698_20201117_1050_amd64_sh/makeself_dir_5QpOGP/y/plugins/com.st.stm32cube.ide.mcu.externaltools.gnu-tools-for-stm32.9-2020-q2-update.linux64_1.5.0.202011040924/tools/bin/../lib/gcc/arm-none-eabi/9.3.1/../../../../arm-none-eabi/lib/thumb/v7e-m+fp/hard/libc_nano.a(lib_a-nano-mallocr.o)
[...]
Memory Configuration

Name             Origin             Length             Attributes
CCMRAM           0x0000000010000000 0x0000000000010000 xrw
RAM              0x0000000020000000 0x0000000000020000 xrw
FLASH            0x0000000008000000 0x0000000000100000 xr
*default*        0x0000000000000000 0xffffffffffffffff

Linker script and memory map

LOAD /home/odemki/Programs/programs/STM32IDE/1/en.en-st-stm32cubeide_1-5-0_8698_20201117_1050_amd64_sh/makeself_dir_5QpOGP/y/plugins/com.st.stm32cube.ide.mcu.externaltools.gnu-tools-for-stm32.9-2020-q2-update.linux64_1.5.0.202011040924/tools/bin/../lib/gcc/arm-none-eabi/9.3.1/thumb/v7e-m+fp/hard/crti.o
LOAD /home/odemki/Programs/programs/STM32IDE/1/en.en-st-stm32cubeide_1-5-0_8698_20201117_1050_amd64_sh/makeself_dir_5QpOGP/y/plugins/com.st.stm32cube.ide.mcu.externaltools.gnu-tools-for-stm32.9-2020-q2-update.linux64_1.5.0.202011040924/tools/bin/../lib/gcc/arm-none-eabi/9.3.1/thumb/v7e-m+fp/hard/crtbegin.o
LOAD /home/odemki/Programs/programs/STM32IDE/1/en.en-st-stm32cubeide_1-5-0_8698_20201117_1050_amd64_sh/makeself_dir_5QpOGP/y/plugins/com.st.stm32cube.ide.mcu.externaltools.gnu-tools-for-stm32.9-2020-q2-update.linux64_1.5.0.202011040924/tools/bin/../lib/gcc/arm-none-eabi/9.3.1/../../../../arm-none-eabi/lib/thumb/v7e-m+fp/hard/crt0.o
LOAD Core/Src/ILI9341_GFX.o
LOAD Core/Src/ILI9341_STM32_Driver.o
LOAD Core/Src/ILI9341_Touchscreen.o
LOAD Core/Src/LCD.o
LOAD Core/Src/keyboard.o
LOAD Core/Src/main.o
LOAD Core/Src/stm32f4xx_hal_msp.o
LOAD Core/Src/stm32f4xx_it.o
LOAD Core/Src/syscalls.o
LOAD Core/Src/sysmem.o
LOAD Core/Src/system_stm32f4xx.o
LOAD Core/Startup/startup_stm32f407vgtx.o
LOAD Drivers/STM32F4xx_HAL_Driver/Src/stm32f4xx_hal.o
LOAD Drivers/STM32F4xx_HAL_Driver/Src/stm32f4xx_hal_cortex.o
LOAD Drivers/STM32F4xx_HAL_Driver/Src/stm32f4xx_hal_dma.o
LOAD Drivers/STM32F4xx_HAL_Driver/Src/stm32f4xx_hal_dma_ex.o
LOAD Drivers/STM32F4xx_HAL_Driver/Src/stm32f4xx_hal_exti.o
LOAD Drivers/STM32F4xx_HAL_Driver/Src/stm32f4xx_hal_flash.o
LOAD Drivers/STM32F4xx_HAL_Driver/Src/stm32f4xx_hal_flash_ex.o
LOAD Drivers/STM32F4xx_HAL_Driver/Src/stm32f4xx_hal_flash_ramfunc.o
LOAD Drivers/STM32F4xx_HAL_Driver/Src/stm32f4xx_hal_gpio.o
LOAD Drivers/STM32F4xx_HAL_Driver/Src/stm32f4xx_hal_hcd.o
LOAD Drivers/STM32F4xx_HAL_Driver/Src/stm32f4xx_hal_i2c.o
LOAD Drivers/STM32F4xx_HAL_Driver/Src/stm32f4xx_hal_i2c_ex.o
LOAD Drivers/STM32F4xx_HAL_Driver/Src/stm32f4xx_hal_i2s.o
LOAD Drivers/STM32F4xx_HAL_Driver/Src/stm32f4xx_hal_i2s_ex.o
LOAD Drivers/STM32F4xx_HAL_Driver/Src/stm32f4xx_hal_pwr.o
LOAD Drivers/STM32F4xx_HAL_Driver/Src/stm32f4xx_hal_pwr_ex.o
LOAD Drivers/STM32F4xx_HAL_Driver/Src/stm32f4xx_hal_rcc.o
LOAD Drivers/STM32F4xx_HAL_Driver/Src/stm32f4xx_hal_rcc_ex.o
LOAD Drivers/STM32F4xx_HAL_Driver/Src/stm32f4xx_hal_rng.o
LOAD Drivers/STM32F4xx_HAL_Driver/Src/stm32f4xx_hal_spi.o
LOAD Drivers/STM32F4xx_HAL_Driver/Src/stm32f4xx_hal_tim.o
LOAD Drivers/STM32F4xx_HAL_Driver/Src/stm32f4xx_hal_tim_ex.o
LOAD Drivers/STM32F4xx_HAL_Driver/Src/stm32f4xx_ll_usb.o
LOAD Middlewares/ST/STM32_USB_Host_Library/Class/CDC/Src/usbh_cdc.o
LOAD Middlewares/ST/STM32_USB_Host_Library/Core/Src/usbh_core.o
LOAD Middlewares/ST/STM32_USB_Host_Library/Core/Src/usbh_ctlreq.o
LOAD Middlewares/ST/STM32_USB_Host_Library/Core/Src/usbh_ioreq.o
LOAD Middlewares/ST/STM32_USB_Host_Library/Core/Src/usbh_pipes.o
LOAD USB_HOST/App/usb_host.o
LOAD USB_HOST/Target/usbh_conf.o
LOAD USB_HOST/Target/usbh_platform.o
START GROUP
LOAD /home/odemki/Programs/programs/STM32IDE/1/en.en-st-stm32cubeide_1-5-0_8698_20201117_1050_amd64_sh/makeself_dir_5QpOGP/y/plugins/com.st.stm32cube.ide.mcu.externaltools.gnu-tools-for-stm32.9-2020-q2-update.linux64_1.5.0.202011040924/tools/bin/../lib/gcc/arm-none-eabi/9.3.1/../../../../arm-none-eabi/lib/thumb/v7e-m+fp/hard/libc_nano.a
LOAD /home/odemki/Programs/programs/STM32IDE/1/en.en-st-stm32cubeide_1-5-0_8698_20201117_1050_amd64_sh/makeself_dir_5QpOGP/y/plugins/com.st.stm32cube.ide.mcu.externaltools.gnu-tools-for-stm32.9-2020-q2-update.linux64_1.5.0.202011040924/tools/bin/../lib/gcc/arm-none-eabi/9.3.1/../../../../arm-none-eabi/lib/thumb/v7e-m+fp/hard/libm.a
END GROUP
START GROUP
LOAD /home/odemki/Programs/programs/STM32IDE/1/en.en-st-stm32cubeide_1-5-0_8698_20201117_1050_amd64_sh/makeself_dir_5QpOGP/y/plugins/com.st.stm32cube.ide.mcu.externaltools.gnu-tools-for-stm32.9-2020-q2-update.linux64_1.5.0.202011040924/tools/bin/../lib/gcc/arm-none-eabi/9.3.1/thumb/v7e-m+fp/hard/libgcc.a
LOAD /home/odemki/Programs/programs/STM32IDE/1/en.en-st-stm32cubeide_1-5-0_8698_20201117_1050_amd64_sh/makeself_dir_5QpOGP/y/plugins/com.st.stm32cube.ide.mcu.externaltools.gnu-tools-for-stm32.9-2020-q2-update.linux64_1.5.0.202011040924/tools/bin/../lib/gcc/arm-none-eabi/9.3.1/../../../../arm-none-eabi/lib/thumb/v7e-m+fp/hard/libc_nano.a
END GROUP
START GROUP
LOAD /home/odemki/Programs/programs/STM32IDE/1/en.en-st-stm32cubeide_1-5-0_8698_20201117_1050_amd64_sh/makeself_dir_5QpOGP/y/plugins/com.st.stm32cube.ide.mcu.externaltools.gnu-tools-for-stm32.9-2020-q2-update.linux64_1.5.0.202011040924/tools/bin/../lib/gcc/arm-none-eabi/9.3.1/thumb/v7e-m+fp/hard/libgcc.a
LOAD /home/odemki/Programs/programs/STM32IDE/1/en.en-st-stm32cubeide_1-5-0_8698_20201117_1050_amd64_sh/makeself_dir_5QpOGP/y/plugins/com.st.stm32cube.ide.mcu.externaltools.gnu-tools-for-stm32.9-2020-q2-update.linux64_1.5.0.202011040924/tools/bin/../lib/gcc/arm-none-eabi/9.3.1/../../../../arm-none-eabi/lib/thumb/v7e-m+fp/hard/libc_nano.a
LOAD /home/odemki/Programs/programs/STM32IDE/1/en.en-st-stm32cubeide_1-5-0_8698_20201117_1050_amd64_sh/makeself_dir_5QpOGP/y/plugins/com.st.stm32cube.ide.mcu.externaltools.gnu-tools-for-stm32.9-2020-q2-update.linux64_1.5.0.202011040924/tools/bin/../lib/gcc/arm-none-eabi/9.3.1/../../../../arm-none-eabi/lib/thumb/v7e-m+fp/hard/libnosys.a
END GROUP
START GROUP
LOAD /home/odemki/Programs/programs/STM32IDE/1/en.en-st-stm32cubeide_1-5-0_8698_20201117_1050_amd64_sh/makeself_dir_5QpOGP/y/plugins/com.st.stm32cube.ide.mcu.externaltools.gnu-tools-for-stm32.9-2020-q2-update.linux64_1.5.0.202011040924/tools/bin/../lib/gcc/arm-none-eabi/9.3.1/thumb/v7e-m+fp/hard/libgcc.a
LOAD /home/odemki/Programs/programs/STM32IDE/1/en.en-st-stm32cubeide_1-5-0_8698_20201117_1050_amd64_sh/makeself_dir_5QpOGP/y/plugins/com.st.stm32cube.ide.mcu.externaltools.gnu-tools-for-stm32.9-2020-q2-update.linux64_1.5.0.202011040924/tools/bin/../lib/gcc/arm-none-eabi/9.3.1/../../../../arm-none-eabi/lib/thumb/v7e-m+fp/hard/libc_nano.a
LOAD /home/odemki/Programs/programs/STM32IDE/1/en.en-st-stm32cubeide_1-5-0_8698_20201117_1050_amd64_sh/makeself_dir_5QpOGP/y/plugins/com.st.stm32cube.ide.mcu.externaltools.gnu-tools-for-stm32.9-2020-q2-update.linux64_1.5.0.202011040924/tools/bin/../lib/gcc/arm-none-eabi/9.3.1/../../../../arm-none-eabi/lib/thumb/v7e-m+fp/hard/libnosys.a
END GROUP
LOAD /home/odemki/Programs/programs/STM32IDE/1/en.en-st-stm32cubeide_1-5-0_8698_20201117_1050_amd64_sh/makeself_dir_5QpOGP/y/plugins/com.st.stm32cube.ide.mcu.externaltools.gnu-tools-for-stm32.9-2020-q2-update.linux64_1.5.0.202011040924/tools/bin/../lib/gcc/arm-none-eabi/9.3.1/thumb/v7e-m+fp/hard/crtend.o
LOAD /home/odemki/Programs/programs/STM32IDE/1/en.en-st-stm32cubeide_1-5-0_8698_20201117_1050_amd64_sh/makeself_dir_5QpOGP/y/plugins/com.st.stm32cube.ide.mcu.externaltools.gnu-tools-for-stm32.9-2020-q2-update.linux64_1.5.0.202011040924/tools/bin/../lib/gcc/arm-none-eabi/9.3.1/thumb/v7e-m+fp/hard/crtn.o
                0x0000000020020000                _estack = (ORIGIN (RAM) + LENGTH (RAM))
                0x0000000000000200                _Min_Heap_Size = 0x200
                0x0000000000000400                _Min_Stack_Size = 0x400

.isr_vector     0x0000000008000000      0x188
                0x0000000008000000                . = ALIGN (0x4)
 *(.isr_vector)
 .isr_vector    0x0000000008000000      0x188 Core/Startup/startup_stm32f407vgtx.o
                0x0000000008000000                g_pfnVectors
                0x0000000008000188                . = ALIGN (0x4)

.text           0x0000000008000188     0xacac
                0x0000000008000188                . = ALIGN (0x4)
 *(.text)
 .text          0x0000000008000188       0x40 /home/odemki/Programs/programs/STM32IDE/1/en.en-st-stm32cubeide_1-5-0_8698_20201117_1050_amd64_sh/makeself_dir_5QpOGP/y/plugins/com.st.stm32cube.ide.mcu.externaltools.gnu-tools-for-stm32.9-2020-q2-update.linux64_1.5.0.202011040924/tools/bin/../lib/gcc/arm-none-eabi/9.3.1/thumb/v7e-m+fp/hard/crtbegin.o
 .text          0x00000000080001c8       0x30 /home/odemki/Programs/programs/STM32IDE/1/en.en-st-stm32cubeide_1-5-0_8698_20201117_1050_amd64_sh/makeself_dir_5QpOGP/y/plugins/com.st.stm32cube.ide.mcu.externaltools.gnu-tools-for-stm32.9-2020-q2-update.linux64_1.5.0.202011040924/tools/bin/../lib/gcc/arm-none-eabi/9.3.1/thumb/v7e-m+fp/hard/libgcc.a(_aeabi_uldivmod.o)
                0x00000000080001c8                __aeabi_uldivmod
 .text          0x00000000080001f8      0x2c4 /home/odemki/Programs/programs/STM32IDE/1/en.en-st-stm32cubeide_1-5-0_8698_20201117_1050_amd64_sh/makeself_dir_5QpOGP/y/plugins/com.st.stm32cube.ide.mcu.externaltools.gnu-tools-for-stm32.9-2020-q2-update.linux64_1.5.0.202011040924/tools/bin/../lib/gcc/arm-none-eabi/9.3.1/thumb/v7e-m+fp/hard/libgcc.a(_udivmoddi4.o)
                0x00000000080001f8                __udivmoddi4
 .text          0x00000000080004bc        0x4 /home/odemki/Programs/programs/STM32IDE/1/en.en-st-stm32cubeide_1-5-0_8698_20201117_1050_amd64_sh/makeself_dir_5QpOGP/y/plugins/com.st.stm32cube.ide.mcu.externaltools.gnu-tools-for-stm32.9-2020-q2-update.linux64_1.5.0.202011040924/tools/bin/../lib/gcc/arm-none-eabi/9.3.1/thumb/v7e-m+fp/hard/libgcc.a(_dvmd_tls.o)
                0x00000000080004bc                __aeabi_ldiv0
                0x00000000080004bc                __aeabi_idiv0
 *(.text*)
 .text.ILI9341_Draw_Filled_Circle
                0x00000000080004c0      0x110 Core/Src/ILI9341_GFX.o
                0x00000000080004c0                ILI9341_Draw_Filled_Circle
 .text.ILI9341_Draw_Char
                0x00000000080005d0      0x12c Core/Src/ILI9341_GFX.o
                0x00000000080005d0                ILI9341_Draw_Char
 .text.ILI9341_Draw_Text
                0x00000000080006fc       0x5c Core/Src/ILI9341_GFX.o
                0x00000000080006fc                ILI9341_Draw_Text
 .text.ILI9341_SPI_Init
                0x0000000008000758       0x18 Core/Src/ILI9341_STM32_Driver.o
                0x0000000008000758                ILI9341_SPI_Init
 .text.ILI9341_SPI_Send
                0x0000000008000770       0x24 Core/Src/ILI9341_STM32_Driver.o
                0x0000000008000770                ILI9341_SPI_Send
 .text.ILI9341_Write_Command
                0x0000000008000794       0x3c Core/Src/ILI9341_STM32_Driver.o
                0x0000000008000794                ILI9341_Write_Command
 .text.ILI9341_Write_Data
                0x00000000080007d0       0x3c Core/Src/ILI9341_STM32_Driver.o
                0x00000000080007d0                ILI9341_Write_Data
 .text.ILI9341_Set_Address
                0x000000000800080c       0x98 Core/Src/ILI9341_STM32_Driver.o
                0x000000000800080c                ILI9341_Set_Address
 .text.ILI9341_Reset
                0x00000000080008a4       0x38 Core/Src/ILI9341_STM32_Driver.o
                0x00000000080008a4                ILI9341_Reset
 .text.ILI9341_Set_Rotation
                0x00000000080008dc       0xa4 Core/Src/ILI9341_STM32_Driver.o
                0x00000000080008dc                ILI9341_Set_Rotation
 .text.ILI9341_Enable
                0x0000000008000980       0x18 Core/Src/ILI9341_STM32_Driver.o
                0x0000000008000980                ILI9341_Enable
 .text.ILI9341_Init
                0x0000000008000998      0x220 Core/Src/ILI9341_STM32_Driver.o
                0x0000000008000998                ILI9341_Init
 .text.ILI9341_Draw_Colour_Burst
                0x0000000008000bb8      0x12c Core/Src/ILI9341_STM32_Driver.o
                0x0000000008000bb8                ILI9341_Draw_Colour_Burst
 .text.ILI9341_Fill_Screen
                0x0000000008000ce4       0x4c Core/Src/ILI9341_STM32_Driver.o
                0x0000000008000ce4                ILI9341_Fill_Screen
 .text.ILI9341_Draw_Pixel
                0x0000000008000d30      0x190 Core/Src/ILI9341_STM32_Driver.o
                0x0000000008000d30                ILI9341_Draw_Pixel
 .text.ILI9341_Draw_Rectangle
                0x0000000008000ec0       0xb8 Core/Src/ILI9341_STM32_Driver.o
                0x0000000008000ec0                ILI9341_Draw_Rectangle
 .text.menu     0x0000000008000f78       0xc4 Core/Src/LCD.o
                0x0000000008000f78                menu
 .text.RED_LED_ON
                0x000000000800103c       0x18 Core/Src/LCD.o
                0x000000000800103c                RED_LED_ON
 .text.RED_LED_OFF
                0x0000000008001054       0x18 Core/Src/LCD.o
                0x0000000008001054                RED_LED_OFF
 .text.Level1Item3_Enter
                0x000000000800106c      0x10c Core/Src/LCD.o
 .text.getPressKey
                0x0000000008001178      0x130 Core/Src/LCD.o
 .text.Generic_Write
                0x00000000080012a8       0x48 Core/Src/LCD.o
 .text.Menu_GetCurrentMenu
                0x00000000080012f0       0x18 Core/Src/LCD.o
                0x00000000080012f0                Menu_GetCurrentMenu
 .text.Menu_Navigate
                0x0000000008001308       0x5c Core/Src/LCD.o
                0x0000000008001308                Menu_Navigate
 .text.Menu_SetGenericWriteCallback
                0x0000000008001364       0x28 Core/Src/LCD.o
                0x0000000008001364                Menu_SetGenericWriteCallback
 .text.Menu_EnterCurrentItem
                0x000000000800138c       0x3c Core/Src/LCD.o
                0x000000000800138c                Menu_EnterCurrentItem
 .text.speed_test_LCD
                0x00000000080013c8       0x94 Core/Src/LCD.o
                0x00000000080013c8                speed_test_LCD
 .text.read_digits
                0x000000000800145c       0xb4 Core/Src/keyboard.o
                0x000000000800145c                read_digits
 .text.read_one_digit_from_keyboard
                0x0000000008001510      0x358 Core/Src/keyboard.o
                0x0000000008001510                read_one_digit_from_keyboard
 .text.main     0x0000000008001868       0x88 Core/Src/main.o
                0x0000000008001868                main
 .text.SystemClock_Config
                0x00000000080018f0      0x104 Core/Src/main.o
                0x00000000080018f0                SystemClock_Config
 .text.MX_NVIC_Init
                0x00000000080019f4       0x18 Core/Src/main.o
 .text.MX_I2C3_Init
                0x0000000008001a0c       0x5c Core/Src/main.o
 .text.MX_I2S3_Init
                0x0000000008001a68       0x60 Core/Src/main.o
 .text.MX_RNG_Init
                0x0000000008001ac8       0x28 Core/Src/main.o
 .text.MX_SPI1_Init
                0x0000000008001af0       0x6c Core/Src/main.o
 .text.MX_SPI2_Init
                0x0000000008001b5c       0x6c Core/Src/main.o
 .text.MX_TIM1_Init
                0x0000000008001bc8       0xb0 Core/Src/main.o
 .text.MX_TIM2_Init
                0x0000000008001c78       0x9c Core/Src/main.o
 .text.MX_TIM3_Init
                0x0000000008001d14       0xe8 Core/Src/main.o
 .text.MX_GPIO_Init
                0x0000000008001dfc      0x2f4 Core/Src/main.o
 .text.Error_Handler
                0x00000000080020f0        0xa Core/Src/main.o
                0x00000000080020f0                Error_Handler
 *fill*         0x00000000080020fa        0x2 
 .text.HAL_MspInit
                0x00000000080020fc       0x60 Core/Src/stm32f4xx_hal_msp.o
                0x00000000080020fc                HAL_MspInit
 .text.HAL_I2C_MspInit
                0x000000000800215c       0xd4 Core/Src/stm32f4xx_hal_msp.o
                0x000000000800215c                HAL_I2C_MspInit
 .text.HAL_I2S_MspInit
                0x0000000008002230       0xd0 Core/Src/stm32f4xx_hal_msp.o
                0x0000000008002230                HAL_I2S_MspInit
 .text.HAL_RNG_MspInit
                0x0000000008002300       0x44 Core/Src/stm32f4xx_hal_msp.o
                0x0000000008002300                HAL_RNG_MspInit
 .text.HAL_SPI_MspInit
                0x0000000008002344      0x13c Core/Src/stm32f4xx_hal_msp.o
                0x0000000008002344                HAL_SPI_MspInit
 .text.HAL_TIM_Encoder_MspInit
                0x0000000008002480       0x90 Core/Src/stm32f4xx_hal_msp.o
                0x0000000008002480                HAL_TIM_Encoder_MspInit
 .text.HAL_TIM_Base_MspInit
                0x0000000008002510       0x78 Core/Src/stm32f4xx_hal_msp.o
                0x0000000008002510                HAL_TIM_Base_MspInit
 .text.NMI_Handler
                0x0000000008002588        0x6 Core/Src/stm32f4xx_it.o
                0x0000000008002588                NMI_Handler
 .text.HardFault_Handler
                0x000000000800258e        0x6 Core/Src/stm32f4xx_it.o
                0x000000000800258e                HardFault_Handler
 .text.MemManage_Handler
                0x0000000008002594        0x6 Core/Src/stm32f4xx_it.o
                0x0000000008002594                MemManage_Handler
 .text.BusFault_Handler
                0x000000000800259a        0x6 Core/Src/stm32f4xx_it.o
                0x000000000800259a                BusFault_Handler
 .text.UsageFault_Handler
                0x00000000080025a0        0x6 Core/Src/stm32f4xx_it.o
                0x00000000080025a0                UsageFault_Handler
 .text.SVC_Handler
                0x00000000080025a6        0xe Core/Src/stm32f4xx_it.o
                0x00000000080025a6                SVC_Handler
 .text.DebugMon_Handler
                0x00000000080025b4        0xe Core/Src/stm32f4xx_it.o
                0x00000000080025b4                DebugMon_Handler
 .text.PendSV_Handler
                0x00000000080025c2        0xe Core/Src/stm32f4xx_it.o
                0x00000000080025c2                PendSV_Handler
 .text.SysTick_Handler
                0x00000000080025d0        0xc Core/Src/stm32f4xx_it.o
                0x00000000080025d0                SysTick_Handler
 .text.RCC_IRQHandler
                0x00000000080025dc        0xe Core/Src/stm32f4xx_it.o
                0x00000000080025dc                RCC_IRQHandler
 *fill*         0x00000000080025ea        0x2 
 .text.TIM2_IRQHandler
                0x00000000080025ec       0x88 Core/Src/stm32f4xx_it.o
                0x00000000080025ec                TIM2_IRQHandler
 .text.TIM3_IRQHandler
                0x0000000008002674       0x24 Core/Src/stm32f4xx_it.o
                0x0000000008002674                TIM3_IRQHandler
 .text.OTG_FS_IRQHandler
                0x0000000008002698       0x14 Core/Src/stm32f4xx_it.o
                0x0000000008002698                OTG_FS_IRQHandler
 .text._sbrk    0x00000000080026ac       0x6c Core/Src/sysmem.o
                0x00000000080026ac                _sbrk
 .text.SystemInit
                0x0000000008002718       0x24 Core/Src/system_stm32f4xx.o
                0x0000000008002718                SystemInit
 .text.Reset_Handler
                0x000000000800273c       0x50 Core/Startup/startup_stm32f407vgtx.o
                0x000000000800273c                Reset_Handler
 .text.Default_Handler
                0x000000000800278c        0x2 Core/Startup/startup_stm32f407vgtx.o
                0x000000000800278c                RTC_Alarm_IRQHandler
                0x000000000800278c                HASH_RNG_IRQHandler
                0x000000000800278c                EXTI2_IRQHandler
                0x000000000800278c                TIM8_CC_IRQHandler
                0x000000000800278c                TIM1_CC_IRQHandler
                0x000000000800278c                DMA2_Stream5_IRQHandler
                0x000000000800278c                DMA1_Stream5_IRQHandler
                0x000000000800278c                PVD_IRQHandler
                0x000000000800278c                SDIO_IRQHandler
                0x000000000800278c                TAMP_STAMP_IRQHandler
                0x000000000800278c                CAN2_RX1_IRQHandler
                0x000000000800278c                EXTI3_IRQHandler
                0x000000000800278c                TIM8_TRG_COM_TIM14_IRQHandler
                0x000000000800278c                TIM1_UP_TIM10_IRQHandler
                0x000000000800278c                TIM8_UP_TIM13_IRQHandler
                0x000000000800278c                I2C3_ER_IRQHandler
                0x000000000800278c                EXTI0_IRQHandler
                0x000000000800278c                I2C2_EV_IRQHandler
                0x000000000800278c                DMA1_Stream2_IRQHandler
                0x000000000800278c                CAN1_RX0_IRQHandler
                0x000000000800278c                FPU_IRQHandler
                0x000000000800278c                OTG_HS_WKUP_IRQHandler
                0x000000000800278c                CAN2_SCE_IRQHandler
                0x000000000800278c                DMA2_Stream2_IRQHandler
                0x000000000800278c                SPI1_IRQHandler
                0x000000000800278c                TIM6_DAC_IRQHandler
                0x000000000800278c                TIM1_BRK_TIM9_IRQHandler
                0x000000000800278c                DCMI_IRQHandler
                0x000000000800278c                CAN2_RX0_IRQHandler
                0x000000000800278c                DMA2_Stream3_IRQHandler
                0x000000000800278c                USART6_IRQHandler
                0x000000000800278c                USART3_IRQHandler
                0x000000000800278c                CAN1_RX1_IRQHandler
                0x000000000800278c                UART5_IRQHandler
                0x000000000800278c                DMA2_Stream0_IRQHandler
                0x000000000800278c                TIM4_IRQHandler
                0x000000000800278c                I2C1_EV_IRQHandler
                0x000000000800278c                DMA1_Stream6_IRQHandler
                0x000000000800278c                DMA1_Stream1_IRQHandler
                0x000000000800278c                UART4_IRQHandler
                0x000000000800278c                TIM8_BRK_TIM12_IRQHandler
                0x000000000800278c                Default_Handler
                0x000000000800278c                EXTI15_10_IRQHandler
                0x000000000800278c                ADC_IRQHandler
                0x000000000800278c                DMA1_Stream7_IRQHandler
                0x000000000800278c                TIM7_IRQHandler
                0x000000000800278c                CAN2_TX_IRQHandler
                0x000000000800278c                TIM5_IRQHandler
                0x000000000800278c                DMA2_Stream7_IRQHandler
                0x000000000800278c                I2C3_EV_IRQHandler
                0x000000000800278c                EXTI9_5_IRQHandler
                0x000000000800278c                RTC_WKUP_IRQHandler
                0x000000000800278c                ETH_WKUP_IRQHandler
                0x000000000800278c                SPI2_IRQHandler
                0x000000000800278c                OTG_HS_EP1_IN_IRQHandler
                0x000000000800278c                DMA1_Stream0_IRQHandler
                0x000000000800278c                CAN1_TX_IRQHandler
                0x000000000800278c                EXTI4_IRQHandler
                0x000000000800278c                FSMC_IRQHandler
                0x000000000800278c                ETH_IRQHandler
                0x000000000800278c                OTG_HS_EP1_OUT_IRQHandler
                0x000000000800278c                WWDG_IRQHandler
                0x000000000800278c                OTG_FS_WKUP_IRQHandler
                0x000000000800278c                TIM1_TRG_COM_TIM11_IRQHandler
                0x000000000800278c                OTG_HS_IRQHandler
                0x000000000800278c                EXTI1_IRQHandler
                0x000000000800278c                USART2_IRQHandler
                0x000000000800278c                I2C2_ER_IRQHandler
                0x000000000800278c                DMA2_Stream1_IRQHandler
                0x000000000800278c                CAN1_SCE_IRQHandler
                0x000000000800278c                FLASH_IRQHandler
                0x000000000800278c                DMA2_Stream4_IRQHandler
                0x000000000800278c                USART1_IRQHandler
                0x000000000800278c                SPI3_IRQHandler
                0x000000000800278c                DMA1_Stream4_IRQHandler
                0x000000000800278c                I2C1_ER_IRQHandler
                0x000000000800278c                DMA2_Stream6_IRQHandler
                0x000000000800278c                DMA1_Stream3_IRQHandler
 *fill*         0x000000000800278e        0x2 
 .text.HAL_Init
                0x0000000008002790       0x44 Drivers/STM32F4xx_HAL_Driver/Src/stm32f4xx_hal.o
                0x0000000008002790                HAL_Init
 .text.HAL_InitTick
                0x00000000080027d4       0x60 Drivers/STM32F4xx_HAL_Driver/Src/stm32f4xx_hal.o
                0x00000000080027d4                HAL_InitTick
 .text.HAL_IncTick
                0x0000000008002834       0x28 Drivers/STM32F4xx_HAL_Driver/Src/stm32f4xx_hal.o
                0x0000000008002834                HAL_IncTick
 .text.HAL_GetTick
                0x000000000800285c       0x18 Drivers/STM32F4xx_HAL_Driver/Src/stm32f4xx_hal.o
                0x000000000800285c                HAL_GetTick
 .text.HAL_Delay
                0x0000000008002874       0x48 Drivers/STM32F4xx_HAL_Driver/Src/stm32f4xx_hal.o
                0x0000000008002874                HAL_Delay
 .text.__NVIC_SetPriorityGrouping
                0x00000000080028bc       0x48 Drivers/STM32F4xx_HAL_Driver/Src/stm32f4xx_hal_cortex.o
 .text.__NVIC_GetPriorityGrouping
                0x0000000008002904       0x1c Drivers/STM32F4xx_HAL_Driver/Src/stm32f4xx_hal_cortex.o
 .text.__NVIC_EnableIRQ
                0x0000000008002920       0x3c Drivers/STM32F4xx_HAL_Driver/Src/stm32f4xx_hal_cortex.o
 .text.__NVIC_SetPriority
                0x000000000800295c       0x54 Drivers/STM32F4xx_HAL_Driver/Src/stm32f4xx_hal_cortex.o
 .text.NVIC_EncodePriority
                0x00000000080029b0       0x66 Drivers/STM32F4xx_HAL_Driver/Src/stm32f4xx_hal_cortex.o
 *fill*         0x0000000008002a16        0x2 
 .text.SysTick_Config
                0x0000000008002a18       0x44 Drivers/STM32F4xx_HAL_Driver/Src/stm32f4xx_hal_cortex.o
 .text.HAL_NVIC_SetPriorityGrouping
                0x0000000008002a5c       0x16 Drivers/STM32F4xx_HAL_Driver/Src/stm32f4xx_hal_cortex.o
                0x0000000008002a5c                HAL_NVIC_SetPriorityGrouping
 .text.HAL_NVIC_SetPriority
                0x0000000008002a72       0x38 Drivers/STM32F4xx_HAL_Driver/Src/stm32f4xx_hal_cortex.o
                0x0000000008002a72                HAL_NVIC_SetPriority
 .text.HAL_NVIC_EnableIRQ
                0x0000000008002aaa       0x1c Drivers/STM32F4xx_HAL_Driver/Src/stm32f4xx_hal_cortex.o
                0x0000000008002aaa                HAL_NVIC_EnableIRQ
 .text.HAL_SYSTICK_Config
                0x0000000008002ac6       0x18 Drivers/STM32F4xx_HAL_Driver/Src/stm32f4xx_hal_cortex.o
                0x0000000008002ac6                HAL_SYSTICK_Config
 *fill*         0x0000000008002ade        0x2 
 .text.HAL_GPIO_Init
                0x0000000008002ae0      0x338 Drivers/STM32F4xx_HAL_Driver/Src/stm32f4xx_hal_gpio.o
                0x0000000008002ae0                HAL_GPIO_Init
 .text.HAL_GPIO_ReadPin
                0x0000000008002e18       0x30 Drivers/STM32F4xx_HAL_Driver/Src/stm32f4xx_hal_gpio.o
                0x0000000008002e18                HAL_GPIO_ReadPin
 .text.HAL_GPIO_WritePin
                0x0000000008002e48       0x32 Drivers/STM32F4xx_HAL_Driver/Src/stm32f4xx_hal_gpio.o
                0x0000000008002e48                HAL_GPIO_WritePin
 .text.HAL_GPIO_TogglePin
                0x0000000008002e7a       0x34 Drivers/STM32F4xx_HAL_Driver/Src/stm32f4xx_hal_gpio.o
                0x0000000008002e7a                HAL_GPIO_TogglePin
 .text.HAL_HCD_Init
                0x0000000008002eae       0xc4 Drivers/STM32F4xx_HAL_Driver/Src/stm32f4xx_hal_hcd.o
                0x0000000008002eae                HAL_HCD_Init
 .text.HAL_HCD_HC_Init
                0x0000000008002f72      0x11e Drivers/STM32F4xx_HAL_Driver/Src/stm32f4xx_hal_hcd.o
                0x0000000008002f72                HAL_HCD_HC_Init
 .text.HAL_HCD_HC_Halt
                0x0000000008003090       0x46 Drivers/STM32F4xx_HAL_Driver/Src/stm32f4xx_hal_hcd.o
                0x0000000008003090                HAL_HCD_HC_Halt
 *fill*         0x00000000080030d6        0x2 
 .text.HAL_HCD_HC_SubmitRequest
                0x00000000080030d8      0x2ac Drivers/STM32F4xx_HAL_Driver/Src/stm32f4xx_hal_hcd.o
                0x00000000080030d8                HAL_HCD_HC_SubmitRequest
 .text.HAL_HCD_IRQHandler
                0x0000000008003384      0x208 Drivers/STM32F4xx_HAL_Driver/Src/stm32f4xx_hal_hcd.o
                0x0000000008003384                HAL_HCD_IRQHandler
 .text.HAL_HCD_Start
                0x000000000800358c       0x46 Drivers/STM32F4xx_HAL_Driver/Src/stm32f4xx_hal_hcd.o
                0x000000000800358c                HAL_HCD_Start
 .text.HAL_HCD_Stop
                0x00000000080035d2       0x3a Drivers/STM32F4xx_HAL_Driver/Src/stm32f4xx_hal_hcd.o
                0x00000000080035d2                HAL_HCD_Stop
 .text.HAL_HCD_ResetPort
                0x000000000800360c       0x1c Drivers/STM32F4xx_HAL_Driver/Src/stm32f4xx_hal_hcd.o
                0x000000000800360c                HAL_HCD_ResetPort
 .text.HAL_HCD_HC_GetURBState
                0x0000000008003628       0x28 Drivers/STM32F4xx_HAL_Driver/Src/stm32f4xx_hal_hcd.o
                0x0000000008003628                HAL_HCD_HC_GetURBState
 .text.HAL_HCD_HC_GetXferCount
                0x0000000008003650       0x28 Drivers/STM32F4xx_HAL_Driver/Src/stm32f4xx_hal_hcd.o
                0x0000000008003650                HAL_HCD_HC_GetXferCount
 .text.HAL_HCD_GetCurrentFrame
                0x0000000008003678       0x1c Drivers/STM32F4xx_HAL_Driver/Src/stm32f4xx_hal_hcd.o
                0x0000000008003678                HAL_HCD_GetCurrentFrame
 .text.HAL_HCD_GetCurrentSpeed
                0x0000000008003694       0x1c Drivers/STM32F4xx_HAL_Driver/Src/stm32f4xx_hal_hcd.o
                0x0000000008003694                HAL_HCD_GetCurrentSpeed
 .text.HCD_HC_IN_IRQHandler
                0x00000000080036b0      0x844 Drivers/STM32F4xx_HAL_Driver/Src/stm32f4xx_hal_hcd.o
 .text.HCD_HC_OUT_IRQHandler
                0x0000000008003ef4      0x7fa Drivers/STM32F4xx_HAL_Driver/Src/stm32f4xx_hal_hcd.o
 .text.HCD_RXQLVL_IRQHandler
                0x00000000080046ee      0x1a4 Drivers/STM32F4xx_HAL_Driver/Src/stm32f4xx_hal_hcd.o
 .text.HCD_Port_IRQHandler
                0x0000000008004892       0xe6 Drivers/STM32F4xx_HAL_Driver/Src/stm32f4xx_hal_hcd.o
 .text.HAL_I2C_Init
                0x0000000008004978      0x288 Drivers/STM32F4xx_HAL_Driver/Src/stm32f4xx_hal_i2c.o
                0x0000000008004978                HAL_I2C_Init
 .text.HAL_I2S_Init
                0x0000000008004c00      0x280 Drivers/STM32F4xx_HAL_Driver/Src/stm32f4xx_hal_i2s.o
                0x0000000008004c00                HAL_I2S_Init
 .text.HAL_I2S_TxCpltCallback
                0x0000000008004e80       0x14 Drivers/STM32F4xx_HAL_Driver/Src/stm32f4xx_hal_i2s.o
                0x0000000008004e80                HAL_I2S_TxCpltCallback
 .text.HAL_I2S_RxCpltCallback
                0x0000000008004e94       0x14 Drivers/STM32F4xx_HAL_Driver/Src/stm32f4xx_hal_i2s.o
                0x0000000008004e94                HAL_I2S_RxCpltCallback
 .text.HAL_I2S_ErrorCallback
                0x0000000008004ea8       0x14 Drivers/STM32F4xx_HAL_Driver/Src/stm32f4xx_hal_i2s.o
                0x0000000008004ea8                HAL_I2S_ErrorCallback
 .text.I2S_Transmit_IT
                0x0000000008004ebc       0x5c Drivers/STM32F4xx_HAL_Driver/Src/stm32f4xx_hal_i2s.o
 .text.I2S_Receive_IT
                0x0000000008004f18       0x5e Drivers/STM32F4xx_HAL_Driver/Src/stm32f4xx_hal_i2s.o
 .text.I2S_IRQHandler
                0x0000000008004f76      0x114 Drivers/STM32F4xx_HAL_Driver/Src/stm32f4xx_hal_i2s.o
 *fill*         0x000000000800508a        0x2 
 .text.HAL_I2SEx_FullDuplex_IRQHandler
                0x000000000800508c      0x2a8 Drivers/STM32F4xx_HAL_Driver/Src/stm32f4xx_hal_i2s_ex.o
                0x000000000800508c                HAL_I2SEx_FullDuplex_IRQHandler
 .text.HAL_I2SEx_TxRxCpltCallback
                0x0000000008005334       0x14 Drivers/STM32F4xx_HAL_Driver/Src/stm32f4xx_hal_i2s_ex.o
                0x0000000008005334                HAL_I2SEx_TxRxCpltCallback
 .text.I2SEx_TxISR_I2S
                0x0000000008005348       0x62 Drivers/STM32F4xx_HAL_Driver/Src/stm32f4xx_hal_i2s_ex.o
 *fill*         0x00000000080053aa        0x2 
 .text.I2SEx_TxISR_I2SExt
                0x00000000080053ac       0x98 Drivers/STM32F4xx_HAL_Driver/Src/stm32f4xx_hal_i2s_ex.o
 .text.I2SEx_RxISR_I2S
                0x0000000008005444       0x64 Drivers/STM32F4xx_HAL_Driver/Src/stm32f4xx_hal_i2s_ex.o
 .text.I2SEx_RxISR_I2SExt
                0x00000000080054a8       0x98 Drivers/STM32F4xx_HAL_Driver/Src/stm32f4xx_hal_i2s_ex.o
 .text.HAL_RCC_OscConfig
                0x0000000008005540      0x4f0 Drivers/STM32F4xx_HAL_Driver/Src/stm32f4xx_hal_rcc.o
                0x0000000008005540                HAL_RCC_OscConfig
 .text.HAL_RCC_ClockConfig
                0x0000000008005a30      0x1cc Drivers/STM32F4xx_HAL_Driver/Src/stm32f4xx_hal_rcc.o
                0x0000000008005a30                HAL_RCC_ClockConfig
 .text.HAL_RCC_GetSysClockFreq
                0x0000000008005bfc      0x1c4 Drivers/STM32F4xx_HAL_Driver/Src/stm32f4xx_hal_rcc.o
                0x0000000008005bfc                HAL_RCC_GetSysClockFreq
 .text.HAL_RCC_GetHCLKFreq
                0x0000000008005dc0       0x18 Drivers/STM32F4xx_HAL_Driver/Src/stm32f4xx_hal_rcc.o
                0x0000000008005dc0                HAL_RCC_GetHCLKFreq
 .text.HAL_RCC_GetPCLK1Freq
                0x0000000008005dd8       0x28 Drivers/STM32F4xx_HAL_Driver/Src/stm32f4xx_hal_rcc.o
                0x0000000008005dd8                HAL_RCC_GetPCLK1Freq
 .text.HAL_RCCEx_PeriphCLKConfig
                0x0000000008005e00      0x1c4 Drivers/STM32F4xx_HAL_Driver/Src/stm32f4xx_hal_rcc_ex.o
                0x0000000008005e00                HAL_RCCEx_PeriphCLKConfig
 .text.HAL_RCCEx_GetPeriphCLKFreq
                0x0000000008005fc4       0xbc Drivers/STM32F4xx_HAL_Driver/Src/stm32f4xx_hal_rcc_ex.o
                0x0000000008005fc4                HAL_RCCEx_GetPeriphCLKFreq
 .text.HAL_RNG_Init
                0x0000000008006080       0x54 Drivers/STM32F4xx_HAL_Driver/Src/stm32f4xx_hal_rng.o
                0x0000000008006080                HAL_RNG_Init
 .text.HAL_RNG_GenerateRandomNumber
                0x00000000080060d4       0x9e Drivers/STM32F4xx_HAL_Driver/Src/stm32f4xx_hal_rng.o
                0x00000000080060d4                HAL_RNG_GenerateRandomNumber
 .text.HAL_RNG_GetRandomNumber
                0x0000000008006172       0x2a Drivers/STM32F4xx_HAL_Driver/Src/stm32f4xx_hal_rng.o
                0x0000000008006172                HAL_RNG_GetRandomNumber
 .text.HAL_SPI_Init
                0x000000000800619c      0x112 Drivers/STM32F4xx_HAL_Driver/Src/stm32f4xx_hal_spi.o
                0x000000000800619c                HAL_SPI_Init
 .text.HAL_SPI_Transmit
                0x00000000080062ae      0x278 Drivers/STM32F4xx_HAL_Driver/Src/stm32f4xx_hal_spi.o
                0x00000000080062ae                HAL_SPI_Transmit
 *fill*         0x0000000008006526        0x2 
 .text.SPI_WaitFlagStateUntilTimeout
                0x0000000008006528      0x110 Drivers/STM32F4xx_HAL_Driver/Src/stm32f4xx_hal_spi.o
 .text.SPI_EndRxTxTransaction
                0x0000000008006638       0x84 Drivers/STM32F4xx_HAL_Driver/Src/stm32f4xx_hal_spi.o
 .text.HAL_TIM_Base_Init
                0x00000000080066bc       0x9e Drivers/STM32F4xx_HAL_Driver/Src/stm32f4xx_hal_tim.o
                0x00000000080066bc                HAL_TIM_Base_Init
 *fill*         0x000000000800675a        0x2 
 .text.HAL_TIM_Base_Start_IT
                0x000000000800675c       0xe0 Drivers/STM32F4xx_HAL_Driver/Src/stm32f4xx_hal_tim.o
                0x000000000800675c                HAL_TIM_Base_Start_IT
 .text.HAL_TIM_OC_Start_IT
                0x000000000800683c      0x21c Drivers/STM32F4xx_HAL_Driver/Src/stm32f4xx_hal_tim.o
                0x000000000800683c                HAL_TIM_OC_Start_IT
 .text.HAL_TIM_PWM_Init
                0x0000000008006a58       0x9e Drivers/STM32F4xx_HAL_Driver/Src/stm32f4xx_hal_tim.o
                0x0000000008006a58                HAL_TIM_PWM_Init
 .text.HAL_TIM_PWM_MspInit
                0x0000000008006af6       0x14 Drivers/STM32F4xx_HAL_Driver/Src/stm32f4xx_hal_tim.o
                0x0000000008006af6                HAL_TIM_PWM_MspInit
 .text.HAL_TIM_Encoder_Init
                0x0000000008006b0a      0x14c Drivers/STM32F4xx_HAL_Driver/Src/stm32f4xx_hal_tim.o
                0x0000000008006b0a                HAL_TIM_Encoder_Init
 .text.HAL_TIM_IRQHandler
                0x0000000008006c56      0x210 Drivers/STM32F4xx_HAL_Driver/Src/stm32f4xx_hal_tim.o
                0x0000000008006c56                HAL_TIM_IRQHandler
 *fill*         0x0000000008006e66        0x2 
 .text.HAL_TIM_PWM_ConfigChannel
                0x0000000008006e68      0x17c Drivers/STM32F4xx_HAL_Driver/Src/stm32f4xx_hal_tim.o
                0x0000000008006e68                HAL_TIM_PWM_ConfigChannel
 .text.HAL_TIM_ConfigClockSource
                0x0000000008006fe4      0x188 Drivers/STM32F4xx_HAL_Driver/Src/stm32f4xx_hal_tim.o
                0x0000000008006fe4                HAL_TIM_ConfigClockSource
 .text.HAL_TIM_PeriodElapsedCallback
                0x000000000800716c       0x14 Drivers/STM32F4xx_HAL_Driver/Src/stm32f4xx_hal_tim.o
                0x000000000800716c                HAL_TIM_PeriodElapsedCallback
 .text.HAL_TIM_OC_DelayElapsedCallback
                0x0000000008007180       0x14 Drivers/STM32F4xx_HAL_Driver/Src/stm32f4xx_hal_tim.o
                0x0000000008007180                HAL_TIM_OC_DelayElapsedCallback
 .text.HAL_TIM_IC_CaptureCallback
                0x0000000008007194       0x14 Drivers/STM32F4xx_HAL_Driver/Src/stm32f4xx_hal_tim.o
                0x0000000008007194                HAL_TIM_IC_CaptureCallback
 .text.HAL_TIM_PWM_PulseFinishedCallback
                0x00000000080071a8       0x14 Drivers/STM32F4xx_HAL_Driver/Src/stm32f4xx_hal_tim.o
                0x00000000080071a8                HAL_TIM_PWM_PulseFinishedCallback
 .text.HAL_TIM_TriggerCallback
                0x00000000080071bc       0x14 Drivers/STM32F4xx_HAL_Driver/Src/stm32f4xx_hal_tim.o
                0x00000000080071bc                HAL_TIM_TriggerCallback
 .text.TIM_Base_SetConfig
                0x00000000080071d0      0x140 Drivers/STM32F4xx_HAL_Driver/Src/stm32f4xx_hal_tim.o
                0x00000000080071d0                TIM_Base_SetConfig
 .text.TIM_OC1_SetConfig
                0x0000000008007310       0xe0 Drivers/STM32F4xx_HAL_Driver/Src/stm32f4xx_hal_tim.o
 .text.TIM_OC2_SetConfig
                0x00000000080073f0       0xec Drivers/STM32F4xx_HAL_Driver/Src/stm32f4xx_hal_tim.o
                0x00000000080073f0                TIM_OC2_SetConfig
 .text.TIM_OC3_SetConfig
                0x00000000080074dc       0xe8 Drivers/STM32F4xx_HAL_Driver/Src/stm32f4xx_hal_tim.o
 .text.TIM_OC4_SetConfig
                0x00000000080075c4       0xac Drivers/STM32F4xx_HAL_Driver/Src/stm32f4xx_hal_tim.o
 .text.TIM_TI1_ConfigInputStage
                0x0000000008007670       0x5e Drivers/STM32F4xx_HAL_Driver/Src/stm32f4xx_hal_tim.o
 .text.TIM_TI2_ConfigInputStage
                0x00000000080076ce       0x60 Drivers/STM32F4xx_HAL_Driver/Src/stm32f4xx_hal_tim.o
 .text.TIM_ITRx_SetConfig
                0x000000000800772e       0x36 Drivers/STM32F4xx_HAL_Driver/Src/stm32f4xx_hal_tim.o
 .text.TIM_ETR_SetConfig
                0x0000000008007764       0x40 Drivers/STM32F4xx_HAL_Driver/Src/stm32f4xx_hal_tim.o
                0x0000000008007764                TIM_ETR_SetConfig
 .text.TIM_CCxChannelCmd
                0x00000000080077a4       0x4a Drivers/STM32F4xx_HAL_Driver/Src/stm32f4xx_hal_tim.o
                0x00000000080077a4                TIM_CCxChannelCmd
 *fill*         0x00000000080077ee        0x2 
 .text.HAL_TIMEx_MasterConfigSynchronization
                0x00000000080077f0       0xf8 Drivers/STM32F4xx_HAL_Driver/Src/stm32f4xx_hal_tim_ex.o
                0x00000000080077f0                HAL_TIMEx_MasterConfigSynchronization
 .text.HAL_TIMEx_CommutCallback
                0x00000000080078e8       0x14 Drivers/STM32F4xx_HAL_Driver/Src/stm32f4xx_hal_tim_ex.o
                0x00000000080078e8                HAL_TIMEx_CommutCallback
 .text.HAL_TIMEx_BreakCallback
                0x00000000080078fc       0x14 Drivers/STM32F4xx_HAL_Driver/Src/stm32f4xx_hal_tim_ex.o
                0x00000000080078fc                HAL_TIMEx_BreakCallback
 .text.USB_CoreInit
                0x0000000008007910       0xc2 Drivers/STM32F4xx_HAL_Driver/Src/stm32f4xx_ll_usb.o
                0x0000000008007910                USB_CoreInit
 .text.USB_EnableGlobalInt
                0x00000000080079d2       0x22 Drivers/STM32F4xx_HAL_Driver/Src/stm32f4xx_ll_usb.o
                0x00000000080079d2                USB_EnableGlobalInt
 .text.USB_DisableGlobalInt
                0x00000000080079f4       0x22 Drivers/STM32F4xx_HAL_Driver/Src/stm32f4xx_ll_usb.o
                0x00000000080079f4                USB_DisableGlobalInt
 .text.USB_SetCurrentMode
                0x0000000008007a16       0x54 Drivers/STM32F4xx_HAL_Driver/Src/stm32f4xx_ll_usb.o
                0x0000000008007a16                USB_SetCurrentMode
 *fill*         0x0000000008007a6a        0x2 
 .text.USB_FlushTxFifo
                0x0000000008007a6c       0x4c Drivers/STM32F4xx_HAL_Driver/Src/stm32f4xx_ll_usb.o
                0x0000000008007a6c                USB_FlushTxFifo
 .text.USB_FlushRxFifo
                0x0000000008007ab8       0x44 Drivers/STM32F4xx_HAL_Driver/Src/stm32f4xx_ll_usb.o
                0x0000000008007ab8                USB_FlushRxFifo
 .text.USB_WritePacket
                0x0000000008007afc       0x6a Drivers/STM32F4xx_HAL_Driver/Src/stm32f4xx_ll_usb.o
                0x0000000008007afc                USB_WritePacket
 .text.USB_ReadPacket
                0x0000000008007b66       0x52 Drivers/STM32F4xx_HAL_Driver/Src/stm32f4xx_ll_usb.o
                0x0000000008007b66                USB_ReadPacket
 .text.USB_ReadInterrupts
                0x0000000008007bb8       0x26 Drivers/STM32F4xx_HAL_Driver/Src/stm32f4xx_ll_usb.o
                0x0000000008007bb8                USB_ReadInterrupts
 .text.USB_GetMode
                0x0000000008007bde       0x1c Drivers/STM32F4xx_HAL_Driver/Src/stm32f4xx_ll_usb.o
                0x0000000008007bde                USB_GetMode
 *fill*         0x0000000008007bfa        0x2 
 .text.USB_CoreReset
                0x0000000008007bfc       0x68 Drivers/STM32F4xx_HAL_Driver/Src/stm32f4xx_ll_usb.o
 .text.USB_HostInit
                0x0000000008007c64      0x178 Drivers/STM32F4xx_HAL_Driver/Src/stm32f4xx_ll_usb.o
                0x0000000008007c64                USB_HostInit
 .text.USB_InitFSLSPClkSel
                0x0000000008007ddc       0x74 Drivers/STM32F4xx_HAL_Driver/Src/stm32f4xx_ll_usb.o
                0x0000000008007ddc                USB_InitFSLSPClkSel
 .text.USB_ResetPort
                0x0000000008007e50       0x54 Drivers/STM32F4xx_HAL_Driver/Src/stm32f4xx_ll_usb.o
                0x0000000008007e50                USB_ResetPort
 .text.USB_DriveVbus
                0x0000000008007ea4       0x72 Drivers/STM32F4xx_HAL_Driver/Src/stm32f4xx_ll_usb.o
                0x0000000008007ea4                USB_DriveVbus
 .text.USB_GetHostSpeed
                0x0000000008007f16       0x2e Drivers/STM32F4xx_HAL_Driver/Src/stm32f4xx_ll_usb.o
                0x0000000008007f16                USB_GetHostSpeed
 .text.USB_GetCurrentFrame
                0x0000000008007f44       0x22 Drivers/STM32F4xx_HAL_Driver/Src/stm32f4xx_ll_usb.o
                0x0000000008007f44                USB_GetCurrentFrame
 *fill*         0x0000000008007f66        0x2 
 .text.USB_HC_Init
                0x0000000008007f68      0x21c Drivers/STM32F4xx_HAL_Driver/Src/stm32f4xx_ll_usb.o
                0x0000000008007f68                USB_HC_Init
 .text.USB_HC_StartXfer
                0x0000000008008184      0x284 Drivers/STM32F4xx_HAL_Driver/Src/stm32f4xx_ll_usb.o
                0x0000000008008184                USB_HC_StartXfer
 .text.USB_HC_ReadInterrupt
                0x0000000008008408       0x22 Drivers/STM32F4xx_HAL_Driver/Src/stm32f4xx_ll_usb.o
                0x0000000008008408                USB_HC_ReadInterrupt
 .text.USB_HC_Halt
                0x000000000800842a      0x238 Drivers/STM32F4xx_HAL_Driver/Src/stm32f4xx_ll_usb.o
                0x000000000800842a                USB_HC_Halt
 *fill*         0x0000000008008662        0x2 
 .text.USB_DoPing
                0x0000000008008664       0x78 Drivers/STM32F4xx_HAL_Driver/Src/stm32f4xx_ll_usb.o
                0x0000000008008664                USB_DoPing
 .text.USB_StopHost
                0x00000000080086dc      0x10c Drivers/STM32F4xx_HAL_Driver/Src/stm32f4xx_ll_usb.o
                0x00000000080086dc                USB_StopHost
 .text.USBH_CDC_InterfaceInit
                0x00000000080087e8      0x2ac Middlewares/ST/STM32_USB_Host_Library/Class/CDC/Src/usbh_cdc.o
 .text.USBH_CDC_InterfaceDeInit
                0x0000000008008a94       0xb2 Middlewares/ST/STM32_USB_Host_Library/Class/CDC/Src/usbh_cdc.o
 .text.USBH_CDC_ClassRequest
                0x0000000008008b46       0x3e Middlewares/ST/STM32_USB_Host_Library/Class/CDC/Src/usbh_cdc.o
 .text.USBH_CDC_Process
                0x0000000008008b84      0x12c Middlewares/ST/STM32_USB_Host_Library/Class/CDC/Src/usbh_cdc.o
 .text.USBH_CDC_SOFProcess
                0x0000000008008cb0       0x16 Middlewares/ST/STM32_USB_Host_Library/Class/CDC/Src/usbh_cdc.o
 .text.GetLineCoding
                0x0000000008008cc6       0x3e Middlewares/ST/STM32_USB_Host_Library/Class/CDC/Src/usbh_cdc.o
 .text.SetLineCoding
                0x0000000008008d04       0x3e Middlewares/ST/STM32_USB_Host_Library/Class/CDC/Src/usbh_cdc.o
 .text.CDC_ProcessTransmission
                0x0000000008008d42       0xec Middlewares/ST/STM32_USB_Host_Library/Class/CDC/Src/usbh_cdc.o
 .text.CDC_ProcessReception
                0x0000000008008e2e       0xb6 Middlewares/ST/STM32_USB_Host_Library/Class/CDC/Src/usbh_cdc.o
 .text.USBH_CDC_TransmitCallback
                0x0000000008008ee4       0x14 Middlewares/ST/STM32_USB_Host_Library/Class/CDC/Src/usbh_cdc.o
                0x0000000008008ee4                USBH_CDC_TransmitCallback
 .text.USBH_CDC_ReceiveCallback
                0x0000000008008ef8       0x14 Middlewares/ST/STM32_USB_Host_Library/Class/CDC/Src/usbh_cdc.o
                0x0000000008008ef8                USBH_CDC_ReceiveCallback
 .text.USBH_CDC_LineCodingChanged
                0x0000000008008f0c       0x14 Middlewares/ST/STM32_USB_Host_Library/Class/CDC/Src/usbh_cdc.o
                0x0000000008008f0c                USBH_CDC_LineCodingChanged
 .text.USBH_Init
                0x0000000008008f20       0x74 Middlewares/ST/STM32_USB_Host_Library/Core/Src/usbh_core.o
                0x0000000008008f20                USBH_Init
 .text.DeInitStateMachine
                0x0000000008008f94       0xa8 Middlewares/ST/STM32_USB_Host_Library/Core/Src/usbh_core.o
 .text.USBH_RegisterClass
                0x000000000800903c       0x54 Middlewares/ST/STM32_USB_Host_Library/Core/Src/usbh_core.o
                0x000000000800903c                USBH_RegisterClass
 .text.USBH_SelectInterface
                0x0000000008009090       0x38 Middlewares/ST/STM32_USB_Host_Library/Core/Src/usbh_core.o
                0x0000000008009090                USBH_SelectInterface
 .text.USBH_FindInterface
                0x00000000080090c8       0x8c Middlewares/ST/STM32_USB_Host_Library/Core/Src/usbh_core.o
                0x00000000080090c8                USBH_FindInterface
 .text.USBH_Start
                0x0000000008009154       0x20 Middlewares/ST/STM32_USB_Host_Library/Core/Src/usbh_core.o
                0x0000000008009154                USBH_Start
 .text.USBH_Process
                0x0000000008009174      0x3c0 Middlewares/ST/STM32_USB_Host_Library/Core/Src/usbh_core.o
                0x0000000008009174                USBH_Process
 .text.USBH_HandleEnum
                0x0000000008009534      0x3c8 Middlewares/ST/STM32_USB_Host_Library/Core/Src/usbh_core.o
 .text.USBH_LL_SetTimer
                0x00000000080098fc       0x1e Middlewares/ST/STM32_USB_Host_Library/Core/Src/usbh_core.o
                0x00000000080098fc                USBH_LL_SetTimer
 .text.USBH_LL_IncTimer
                0x000000000800991a       0x24 Middlewares/ST/STM32_USB_Host_Library/Core/Src/usbh_core.o
                0x000000000800991a                USBH_LL_IncTimer
 .text.USBH_HandleSof
                0x000000000800993e       0x30 Middlewares/ST/STM32_USB_Host_Library/Core/Src/usbh_core.o
 .text.USBH_LL_PortEnabled
                0x000000000800996e       0x1c Middlewares/ST/STM32_USB_Host_Library/Core/Src/usbh_core.o
                0x000000000800996e                USBH_LL_PortEnabled
 .text.USBH_LL_PortDisabled
                0x000000000800998a       0x1c Middlewares/ST/STM32_USB_Host_Library/Core/Src/usbh_core.o
                0x000000000800998a                USBH_LL_PortDisabled
 .text.USBH_LL_Connect
                0x00000000080099a6       0x2e Middlewares/ST/STM32_USB_Host_Library/Core/Src/usbh_core.o
                0x00000000080099a6                USBH_LL_Connect
 .text.USBH_LL_Disconnect
                0x00000000080099d4       0x48 Middlewares/ST/STM32_USB_Host_Library/Core/Src/usbh_core.o
                0x00000000080099d4                USBH_LL_Disconnect
 .text.USBH_Get_DevDesc
                0x0000000008009a1c       0x50 Middlewares/ST/STM32_USB_Host_Library/Core/Src/usbh_ctlreq.o
                0x0000000008009a1c                USBH_Get_DevDesc
 .text.USBH_Get_CfgDesc
                0x0000000008009a6c       0x48 Middlewares/ST/STM32_USB_Host_Library/Core/Src/usbh_ctlreq.o
                0x0000000008009a6c                USBH_Get_CfgDesc
 .text.USBH_Get_StringDesc
                0x0000000008009ab4       0x56 Middlewares/ST/STM32_USB_Host_Library/Core/Src/usbh_ctlreq.o
                0x0000000008009ab4                USBH_Get_StringDesc
 .text.USBH_GetDescriptor
                0x0000000008009b0a       0x6a Middlewares/ST/STM32_USB_Host_Library/Core/Src/usbh_ctlreq.o
                0x0000000008009b0a                USBH_GetDescriptor
 .text.USBH_SetAddress
                0x0000000008009b74       0x48 Middlewares/ST/STM32_USB_Host_Library/Core/Src/usbh_ctlreq.o
                0x0000000008009b74                USBH_SetAddress
 .text.USBH_SetCfg
                0x0000000008009bbc       0x46 Middlewares/ST/STM32_USB_Host_Library/Core/Src/usbh_ctlreq.o
                0x0000000008009bbc                USBH_SetCfg
 .text.USBH_SetFeature
                0x0000000008009c02       0x48 Middlewares/ST/STM32_USB_Host_Library/Core/Src/usbh_ctlreq.o
                0x0000000008009c02                USBH_SetFeature
 .text.USBH_ClrFeature
                0x0000000008009c4a       0x48 Middlewares/ST/STM32_USB_Host_Library/Core/Src/usbh_ctlreq.o
                0x0000000008009c4a                USBH_ClrFeature
 .text.USBH_ParseDevDesc
                0x0000000008009c92       0xe0 Middlewares/ST/STM32_USB_Host_Library/Core/Src/usbh_ctlreq.o
 .text.USBH_ParseCfgDesc
                0x0000000008009d72      0x144 Middlewares/ST/STM32_USB_Host_Library/Core/Src/usbh_ctlreq.o
 .text.USBH_ParseInterfaceDesc
                0x0000000008009eb6       0x5e Middlewares/ST/STM32_USB_Host_Library/Core/Src/usbh_ctlreq.o
 .text.USBH_ParseEPDesc
                0x0000000008009f14       0x5a Middlewares/ST/STM32_USB_Host_Library/Core/Src/usbh_ctlreq.o
 .text.USBH_ParseStringDesc
                0x0000000008009f6e       0x66 Middlewares/ST/STM32_USB_Host_Library/Core/Src/usbh_ctlreq.o
 .text.USBH_GetNextDesc
                0x0000000008009fd4       0x36 Middlewares/ST/STM32_USB_Host_Library/Core/Src/usbh_ctlreq.o
                0x0000000008009fd4                USBH_GetNextDesc
 .text.USBH_CtlReq
                0x000000000800a00a       0x7a Middlewares/ST/STM32_USB_Host_Library/Core/Src/usbh_ctlreq.o
                0x000000000800a00a                USBH_CtlReq
 .text.USBH_HandleControl
                0x000000000800a084      0x2e8 Middlewares/ST/STM32_USB_Host_Library/Core/Src/usbh_ctlreq.o
 .text.USBH_CtlSendSetup
                0x000000000800a36c       0x34 Middlewares/ST/STM32_USB_Host_Library/Core/Src/usbh_ioreq.o
                0x000000000800a36c                USBH_CtlSendSetup
 .text.USBH_CtlSendData
                0x000000000800a3a0       0x4a Middlewares/ST/STM32_USB_Host_Library/Core/Src/usbh_ioreq.o
                0x000000000800a3a0                USBH_CtlSendData
 .text.USBH_CtlReceiveData
                0x000000000800a3ea       0x3c Middlewares/ST/STM32_USB_Host_Library/Core/Src/usbh_ioreq.o
                0x000000000800a3ea                USBH_CtlReceiveData
 .text.USBH_BulkSendData
                0x000000000800a426       0x4a Middlewares/ST/STM32_USB_Host_Library/Core/Src/usbh_ioreq.o
                0x000000000800a426                USBH_BulkSendData
 .text.USBH_BulkReceiveData
                0x000000000800a470       0x3c Middlewares/ST/STM32_USB_Host_Library/Core/Src/usbh_ioreq.o
                0x000000000800a470                USBH_BulkReceiveData
 .text.USBH_OpenPipe
                0x000000000800a4ac       0x3e Middlewares/ST/STM32_USB_Host_Library/Core/Src/usbh_pipes.o
                0x000000000800a4ac                USBH_OpenPipe
 .text.USBH_ClosePipe
                0x000000000800a4ea       0x20 Middlewares/ST/STM32_USB_Host_Library/Core/Src/usbh_pipes.o
                0x000000000800a4ea                USBH_ClosePipe
 .text.USBH_AllocPipe
                0x000000000800a50a       0x42 Middlewares/ST/STM32_USB_Host_Library/Core/Src/usbh_pipes.o
                0x000000000800a50a                USBH_AllocPipe
 .text.USBH_FreePipe
                0x000000000800a54c       0x3c Middlewares/ST/STM32_USB_Host_Library/Core/Src/usbh_pipes.o
                0x000000000800a54c                USBH_FreePipe
 .text.USBH_GetFreePipe
                0x000000000800a588       0x48 Middlewares/ST/STM32_USB_Host_Library/Core/Src/usbh_pipes.o
 .text.MX_USB_HOST_Init
                0x000000000800a5d0       0x4c USB_HOST/App/usb_host.o
                0x000000000800a5d0                MX_USB_HOST_Init
 .text.MX_USB_HOST_Process
                0x000000000800a61c       0x14 USB_HOST/App/usb_host.o
                0x000000000800a61c                MX_USB_HOST_Process
 .text.USBH_UserProcess
                0x000000000800a630       0x5c USB_HOST/App/usb_host.o
 .text.HAL_HCD_MspInit
                0x000000000800a68c       0xc4 USB_HOST/Target/usbh_conf.o
                0x000000000800a68c                HAL_HCD_MspInit
 .text.HAL_HCD_SOF_Callback
                0x000000000800a750       0x1c USB_HOST/Target/usbh_conf.o
                0x000000000800a750                HAL_HCD_SOF_Callback
 .text.HAL_HCD_Connect_Callback
                0x000000000800a76c       0x1c USB_HOST/Target/usbh_conf.o
                0x000000000800a76c                HAL_HCD_Connect_Callback
 .text.HAL_HCD_Disconnect_Callback
                0x000000000800a788       0x1c USB_HOST/Target/usbh_conf.o
                0x000000000800a788                HAL_HCD_Disconnect_Callback
 .text.HAL_HCD_HC_NotifyURBChange_Callback
                0x000000000800a7a4       0x1c USB_HOST/Target/usbh_conf.o
                0x000000000800a7a4                HAL_HCD_HC_NotifyURBChange_Callback
 .text.HAL_HCD_PortEnabled_Callback
                0x000000000800a7c0       0x1c USB_HOST/Target/usbh_conf.o
                0x000000000800a7c0                HAL_HCD_PortEnabled_Callback
 .text.HAL_HCD_PortDisabled_Callback
                0x000000000800a7dc       0x1c USB_HOST/Target/usbh_conf.o
                0x000000000800a7dc                HAL_HCD_PortDisabled_Callback
 .text.USBH_LL_Init
                0x000000000800a7f8       0x78 USB_HOST/Target/usbh_conf.o
                0x000000000800a7f8                USBH_LL_Init
 .text.USBH_LL_Start
                0x000000000800a870       0x36 USB_HOST/Target/usbh_conf.o
                0x000000000800a870                USBH_LL_Start
 .text.USBH_LL_Stop
                0x000000000800a8a6       0x36 USB_HOST/Target/usbh_conf.o
                0x000000000800a8a6                USBH_LL_Stop
 .text.USBH_LL_GetSpeed
                0x000000000800a8dc       0x4e USB_HOST/Target/usbh_conf.o
                0x000000000800a8dc                USBH_LL_GetSpeed
 .text.USBH_LL_ResetPort
                0x000000000800a92a       0x36 USB_HOST/Target/usbh_conf.o
                0x000000000800a92a                USBH_LL_ResetPort
 .text.USBH_LL_GetLastXferSize
                0x000000000800a960       0x26 USB_HOST/Target/usbh_conf.o
                0x000000000800a960                USBH_LL_GetLastXferSize
 .text.USBH_LL_OpenPipe
                0x000000000800a986       0x5e USB_HOST/Target/usbh_conf.o
                0x000000000800a986                USBH_LL_OpenPipe
 .text.USBH_LL_ClosePipe
                0x000000000800a9e4       0x3e USB_HOST/Target/usbh_conf.o
                0x000000000800a9e4                USBH_LL_ClosePipe
 .text.USBH_LL_SubmitURB
                0x000000000800aa22       0x62 USB_HOST/Target/usbh_conf.o
                0x000000000800aa22                USBH_LL_SubmitURB
 .text.USBH_LL_GetURBState
                0x000000000800aa84       0x26 USB_HOST/Target/usbh_conf.o
                0x000000000800aa84                USBH_LL_GetURBState
 .text.USBH_LL_DriverVBUS
                0x000000000800aaaa       0x2e USB_HOST/Target/usbh_conf.o
                0x000000000800aaaa                USBH_LL_DriverVBUS
 .text.USBH_LL_SetToggle
                0x000000000800aad8       0x60 USB_HOST/Target/usbh_conf.o
                0x000000000800aad8                USBH_LL_SetToggle
 .text.USBH_Delay
                0x000000000800ab38       0x16 USB_HOST/Target/usbh_conf.o
                0x000000000800ab38                USBH_Delay
 *fill*         0x000000000800ab4e        0x2 
 .text.USBH_Get_USB_Status
                0x000000000800ab50       0x58 USB_HOST/Target/usbh_conf.o
                0x000000000800ab50                USBH_Get_USB_Status
 .text.MX_DriverVbusFS
                0x000000000800aba8       0x38 USB_HOST/Target/usbh_platform.o
                0x000000000800aba8                MX_DriverVbusFS
 .text.__errno  0x000000000800abe0        0xc /home/odemki/Programs/programs/STM32IDE/1/en.en-st-stm32cubeide_1-5-0_8698_20201117_1050_amd64_sh/makeself_dir_5QpOGP/y/plugins/com.st.stm32cube.ide.mcu.externaltools.gnu-tools-for-stm32.9-2020-q2-update.linux64_1.5.0.202011040924/tools/bin/../lib/gcc/arm-none-eabi/9.3.1/../../../../arm-none-eabi/lib/thumb/v7e-m+fp/hard/libc_nano.a(lib_a-errno.o)
                0x000000000800abe0                __errno
 .text.__libc_init_array
                0x000000000800abec       0x48 /home/odemki/Programs/programs/STM32IDE/1/en.en-st-stm32cubeide_1-5-0_8698_20201117_1050_amd64_sh/makeself_dir_5QpOGP/y/plugins/com.st.stm32cube.ide.mcu.externaltools.gnu-tools-for-stm32.9-2020-q2-update.linux64_1.5.0.202011040924/tools/bin/../lib/gcc/arm-none-eabi/9.3.1/../../../../arm-none-eabi/lib/thumb/v7e-m+fp/hard/libc_nano.a(lib_a-init.o)
                0x000000000800abec                __libc_init_array
 .text.malloc   0x000000000800ac34       0x10 /home/odemki/Programs/programs/STM32IDE/1/en.en-st-stm32cubeide_1-5-0_8698_20201117_1050_amd64_sh/makeself_dir_5QpOGP/y/plugins/com.st.stm32cube.ide.mcu.externaltools.gnu-tools-for-stm32.9-2020-q2-update.linux64_1.5.0.202011040924/tools/bin/../lib/gcc/arm-none-eabi/9.3.1/../../../../arm-none-eabi/lib/thumb/v7e-m+fp/hard/libc_nano.a(lib_a-malloc.o)
                0x000000000800ac34                malloc
 .text.free     0x000000000800ac44       0x10 /home/odemki/Programs/programs/STM32IDE/1/en.en-st-stm32cubeide_1-5-0_8698_20201117_1050_amd64_sh/makeself_dir_5QpOGP/y/plugins/com.st.stm32cube.ide.mcu.externaltools.gnu-tools-for-stm32.9-2020-q2-update.linux64_1.5.0.202011040924/tools/bin/../lib/gcc/arm-none-eabi/9.3.1/../../../../arm-none-eabi/lib/thumb/v7e-m+fp/hard/libc_nano.a(lib_a-malloc.o)
                0x000000000800ac44                free
 .text.memset   0x000000000800ac54       0x10 /home/odemki/Programs/programs/STM32IDE/1/en.en-st-stm32cubeide_1-5-0_8698_20201117_1050_amd64_sh/makeself_dir_5QpOGP/y/plugins/com.st.stm32cube.ide.mcu.externaltools.gnu-tools-for-stm32.9-2020-q2-update.linux64_1.5.0.202011040924/tools/bin/../lib/gcc/arm-none-eabi/9.3.1/../../../../arm-none-eabi/lib/thumb/v7e-m+fp/hard/libc_nano.a(lib_a-memset.o)
                0x000000000800ac54                memset
 .text._free_r  0x000000000800ac64       0xa0 /home/odemki/Programs/programs/STM32IDE/1/en.en-st-stm32cubeide_1-5-0_8698_20201117_1050_amd64_sh/makeself_dir_5QpOGP/y/plugins/com.st.stm32cube.ide.mcu.externaltools.gnu-tools-for-stm32.9-2020-q2-update.linux64_1.5.0.202011040924/tools/bin/../lib/gcc/arm-none-eabi/9.3.1/../../../../arm-none-eabi/lib/thumb/v7e-m+fp/hard/libc_nano.a(lib_a-nano-freer.o)
                0x000000000800ac64                _free_r
 .text._malloc_r
                0x000000000800ad04       0xb4 /home/odemki/Programs/programs/STM32IDE/1/en.en-st-stm32cubeide_1-5-0_8698_20201117_1050_amd64_sh/makeself_dir_5QpOGP/y/plugins/com.st.stm32cube.ide.mcu.externaltools.gnu-tools-for-stm32.9-2020-q2-update.linux64_1.5.0.202011040924/tools/bin/../lib/gcc/arm-none-eabi/9.3.1/../../../../arm-none-eabi/lib/thumb/v7e-m+fp/hard/libc_nano.a(lib_a-nano-mallocr.o)
                0x000000000800ad04                _malloc_r
 .text._sbrk_r  0x000000000800adb8       0x20 /home/odemki/Programs/programs/STM32IDE/1/en.en-st-stm32cubeide_1-5-0_8698_20201117_1050_amd64_sh/makeself_dir_5QpOGP/y/plugins/com.st.stm32cube.ide.mcu.externaltools.gnu-tools-for-stm32.9-2020-q2-update.linux64_1.5.0.202011040924/tools/bin/../lib/gcc/arm-none-eabi/9.3.1/../../../../arm-none-eabi/lib/thumb/v7e-m+fp/hard/libc_nano.a(lib_a-sbrkr.o)
                0x000000000800adb8                _sbrk_r
 .text.strncat  0x000000000800add8       0x26 /home/odemki/Programs/programs/STM32IDE/1/en.en-st-stm32cubeide_1-5-0_8698_20201117_1050_amd64_sh/makeself_dir_5QpOGP/y/plugins/com.st.stm32cube.ide.mcu.externaltools.gnu-tools-for-stm32.9-2020-q2-update.linux64_1.5.0.202011040924/tools/bin/../lib/gcc/arm-none-eabi/9.3.1/../../../../arm-none-eabi/lib/thumb/v7e-m+fp/hard/libc_nano.a(lib_a-strncat.o)
                0x000000000800add8                strncat
 *fill*         0x000000000800adfe        0x2 
 .text.__malloc_lock
                0x000000000800ae00        0xc /home/odemki/Programs/programs/STM32IDE/1/en.en-st-stm32cubeide_1-5-0_8698_20201117_1050_amd64_sh/makeself_dir_5QpOGP/y/plugins/com.st.stm32cube.ide.mcu.externaltools.gnu-tools-for-stm32.9-2020-q2-update.linux64_1.5.0.202011040924/tools/bin/../lib/gcc/arm-none-eabi/9.3.1/../../../../arm-none-eabi/lib/thumb/v7e-m+fp/hard/libc_nano.a(lib_a-mlock.o)
                0x000000000800ae00                __malloc_lock
 .text.__malloc_unlock
                0x000000000800ae0c        0xc /home/odemki/Programs/programs/STM32IDE/1/en.en-st-stm32cubeide_1-5-0_8698_20201117_1050_amd64_sh/makeself_dir_5QpOGP/y/plugins/com.st.stm32cube.ide.mcu.externaltools.gnu-tools-for-stm32.9-2020-q2-update.linux64_1.5.0.202011040924/tools/bin/../lib/gcc/arm-none-eabi/9.3.1/../../../../arm-none-eabi/lib/thumb/v7e-m+fp/hard/libc_nano.a(lib_a-mlock.o)
                0x000000000800ae0c                __malloc_unlock
 .text.__retarget_lock_acquire_recursive
                0x000000000800ae18        0x2 /home/odemki/Programs/programs/STM32IDE/1/en.en-st-stm32cubeide_1-5-0_8698_20201117_1050_amd64_sh/makeself_dir_5QpOGP/y/plugins/com.st.stm32cube.ide.mcu.externaltools.gnu-tools-for-stm32.9-2020-q2-update.linux64_1.5.0.202011040924/tools/bin/../lib/gcc/arm-none-eabi/9.3.1/../../../../arm-none-eabi/lib/thumb/v7e-m+fp/hard/libc_nano.a(lib_a-lock.o)
                0x000000000800ae18                __retarget_lock_acquire_recursive
 .text.__retarget_lock_release_recursive
                0x000000000800ae1a        0x2 /home/odemki/Programs/programs/STM32IDE/1/en.en-st-stm32cubeide_1-5-0_8698_20201117_1050_amd64_sh/makeself_dir_5QpOGP/y/plugins/com.st.stm32cube.ide.mcu.externaltools.gnu-tools-for-stm32.9-2020-q2-update.linux64_1.5.0.202011040924/tools/bin/../lib/gcc/arm-none-eabi/9.3.1/../../../../arm-none-eabi/lib/thumb/v7e-m+fp/hard/libc_nano.a(lib_a-lock.o)
                0x000000000800ae1a                __retarget_lock_release_recursive
 *(.glue_7)
 .glue_7        0x000000000800ae1c        0x0 linker stubs
 *(.glue_7t)
 .glue_7t       0x000000000800ae1c        0x0 linker stubs
 *(.eh_frame)
 .eh_frame      0x000000000800ae1c        0x0 /home/odemki/Programs/programs/STM32IDE/1/en.en-st-stm32cubeide_1-5-0_8698_20201117_1050_amd64_sh/makeself_dir_5QpOGP/y/plugins/com.st.stm32cube.ide.mcu.externaltools.gnu-tools-for-stm32.9-2020-q2-update.linux64_1.5.0.202011040924/tools/bin/../lib/gcc/arm-none-eabi/9.3.1/thumb/v7e-m+fp/hard/crtbegin.o
 *(.init)
 .init          0x000000000800ae1c        0x4 /home/odemki/Programs/programs/STM32IDE/1/en.en-st-stm32cubeide_1-5-0_8698_20201117_1050_amd64_sh/makeself_dir_5QpOGP/y/plugins/com.st.stm32cube.ide.mcu.externaltools.gnu-tools-for-stm32.9-2020-q2-update.linux64_1.5.0.202011040924/tools/bin/../lib/gcc/arm-none-eabi/9.3.1/thumb/v7e-m+fp/hard/crti.o
                0x000000000800ae1c                _init
 .init          0x000000000800ae20        0x8 /home/odemki/Programs/programs/STM32IDE/1/en.en-st-stm32cubeide_1-5-0_8698_20201117_1050_amd64_sh/makeself_dir_5QpOGP/y/plugins/com.st.stm32cube.ide.mcu.externaltools.gnu-tools-for-stm32.9-2020-q2-update.linux64_1.5.0.202011040924/tools/bin/../lib/gcc/arm-none-eabi/9.3.1/thumb/v7e-m+fp/hard/crtn.o
 *(.fini)
 .fini          0x000000000800ae28        0x4 /home/odemki/Programs/programs/STM32IDE/1/en.en-st-stm32cubeide_1-5-0_8698_20201117_1050_amd64_sh/makeself_dir_5QpOGP/y/plugins/com.st.stm32cube.ide.mcu.externaltools.gnu-tools-for-stm32.9-2020-q2-update.linux64_1.5.0.202011040924/tools/bin/../lib/gcc/arm-none-eabi/9.3.1/thumb/v7e-m+fp/hard/crti.o
                0x000000000800ae28                _fini
 .fini          0x000000000800ae2c        0x8 /home/odemki/Programs/programs/STM32IDE/1/en.en-st-stm32cubeide_1-5-0_8698_20201117_1050_amd64_sh/makeself_dir_5QpOGP/y/plugins/com.st.stm32cube.ide.mcu.externaltools.gnu-tools-for-stm32.9-2020-q2-update.linux64_1.5.0.202011040924/tools/bin/../lib/gcc/arm-none-eabi/9.3.1/thumb/v7e-m+fp/hard/crtn.o
                0x000000000800ae34                . = ALIGN (0x4)
                0x000000000800ae34                _etext = .

.vfp11_veneer   0x000000000800ae34        0x0
 .vfp11_veneer  0x000000000800ae34        0x0 linker stubs

.v4_bx          0x000000000800ae34        0x0
 .v4_bx         0x000000000800ae34        0x0 linker stubs

.iplt           0x000000000800ae34        0x0
 .iplt          0x000000000800ae34        0x0 /home/odemki/Programs/programs/STM32IDE/1/en.en-st-stm32cubeide_1-5-0_8698_20201117_1050_amd64_sh/makeself_dir_5QpOGP/y/plugins/com.st.stm32cube.ide.mcu.externaltools.gnu-tools-for-stm32.9-2020-q2-update.linux64_1.5.0.202011040924/tools/bin/../lib/gcc/arm-none-eabi/9.3.1/thumb/v7e-m+fp/hard/crtbegin.o

.rodata         0x000000000800ae34      0x494
                0x000000000800ae34                . = ALIGN (0x4)
 *(.rodata)
 .rodata        0x000000000800ae34       0xd6 Core/Src/LCD.o
 *fill*         0x000000000800af0a        0x2 
 .rodata        0x000000000800af0c        0x4 Middlewares/ST/STM32_USB_Host_Library/Class/CDC/Src/usbh_cdc.o
 *(.rodata*)
 .rodata.font   0x000000000800af10      0x240 Core/Src/ILI9341_GFX.o
 .rodata.NULL_MENU
                0x000000000800b150       0x18 Core/Src/LCD.o
                0x000000000800b150                NULL_MENU
 .rodata.Menu_1
                0x000000000800b168       0x1f Core/Src/LCD.o
                0x000000000800b168                Menu_1
 *fill*         0x000000000800b187        0x1 
 .rodata.Menu_2
                0x000000000800b188       0x1f Core/Src/LCD.o
                0x000000000800b188                Menu_2
 *fill*         0x000000000800b1a7        0x1 
 .rodata.Menu_3
                0x000000000800b1a8       0x2d Core/Src/LCD.o
                0x000000000800b1a8                Menu_3
 *fill*         0x000000000800b1d5        0x3 
 .rodata.Menu_1_1
                0x000000000800b1d8       0x21 Core/Src/LCD.o
                0x000000000800b1d8                Menu_1_1
 *fill*         0x000000000800b1f9        0x3 
 .rodata.Menu_1_2
                0x000000000800b1fc       0x21 Core/Src/LCD.o
                0x000000000800b1fc                Menu_1_2
 *fill*         0x000000000800b21d        0x3 
 .rodata.Menu_1_1_1
                0x000000000800b220       0x23 Core/Src/LCD.o
                0x000000000800b220                Menu_1_1_1
 *fill*         0x000000000800b243        0x1 
 .rodata.Menu_1_1_2
                0x000000000800b244       0x23 Core/Src/LCD.o
                0x000000000800b244                Menu_1_1_2
 *fill*         0x000000000800b267        0x1 
 .rodata.Menu_1_1_3
                0x000000000800b268       0x23 Core/Src/LCD.o
                0x000000000800b268                Menu_1_1_3
 *fill*         0x000000000800b28b        0x1 
 .rodata.Menu_1_1_4
                0x000000000800b28c       0x23 Core/Src/LCD.o
                0x000000000800b28c                Menu_1_1_4
 *fill*         0x000000000800b2af        0x1 
 .rodata.AHBPrescTable
                0x000000000800b2b0       0x10 Core/Src/system_stm32f4xx.o
                0x000000000800b2b0                AHBPrescTable
 .rodata.APBPrescTable
                0x000000000800b2c0        0x8 Core/Src/system_stm32f4xx.o
                0x000000000800b2c0                APBPrescTable
                0x000000000800b2c8                . = ALIGN (0x4)

.ARM.extab      0x000000000800b2c8        0x0
                0x000000000800b2c8                . = ALIGN (0x4)
 *(.ARM.extab* .gnu.linkonce.armextab.*)
                0x000000000800b2c8                . = ALIGN (0x4)

.ARM            0x000000000800b2c8        0x8
                0x000000000800b2c8                . = ALIGN (0x4)
                0x000000000800b2c8                __exidx_start = .
 *(.ARM.exidx*)
 .ARM.exidx     0x000000000800b2c8        0x8 /home/odemki/Programs/programs/STM32IDE/1/en.en-st-stm32cubeide_1-5-0_8698_20201117_1050_amd64_sh/makeself_dir_5QpOGP/y/plugins/com.st.stm32cube.ide.mcu.externaltools.gnu-tools-for-stm32.9-2020-q2-update.linux64_1.5.0.202011040924/tools/bin/../lib/gcc/arm-none-eabi/9.3.1/thumb/v7e-m+fp/hard/libgcc.a(_udivmoddi4.o)
                0x000000000800b2d0                __exidx_end = .
                0x000000000800b2d0                . = ALIGN (0x4)

.rel.dyn        0x000000000800b2d0        0x0
 .rel.iplt      0x000000000800b2d0        0x0 /home/odemki/Programs/programs/STM32IDE/1/en.en-st-stm32cubeide_1-5-0_8698_20201117_1050_amd64_sh/makeself_dir_5QpOGP/y/plugins/com.st.stm32cube.ide.mcu.externaltools.gnu-tools-for-stm32.9-2020-q2-update.linux64_1.5.0.202011040924/tools/bin/../lib/gcc/arm-none-eabi/9.3.1/thumb/v7e-m+fp/hard/crtbegin.o

.preinit_array  0x000000000800b2d0        0x0
                0x000000000800b2d0                . = ALIGN (0x4)
                0x000000000800b2d0                PROVIDE (__preinit_array_start = .)
 *(.preinit_array*)
                0x000000000800b2d0                PROVIDE (__preinit_array_end = .)
                0x000000000800b2d0                . = ALIGN (0x4)

.init_array     0x000000000800b2d0        0x4
                0x000000000800b2d0                . = ALIGN (0x4)
                0x000000000800b2d0                PROVIDE (__init_array_start = .)
 *(SORT_BY_NAME(.init_array.*))
 *(.init_array*)
 .init_array    0x000000000800b2d0        0x4 /home/odemki/Programs/programs/STM32IDE/1/en.en-st-stm32cubeide_1-5-0_8698_20201117_1050_amd64_sh/makeself_dir_5QpOGP/y/plugins/com.st.stm32cube.ide.mcu.externaltools.gnu-tools-for-stm32.9-2020-q2-update.linux64_1.5.0.202011040924/tools/bin/../lib/gcc/arm-none-eabi/9.3.1/thumb/v7e-m+fp/hard/crtbegin.o
                0x000000000800b2d4                PROVIDE (__init_array_end = .)
                0x000000000800b2d4                . = ALIGN (0x4)

.fini_array     0x000000000800b2d4        0x4
                0x000000000800b2d4                . = ALIGN (0x4)
                [!provide]                        PROVIDE (__fini_array_start = .)
 *(SORT_BY_NAME(.fini_array.*))
 *(.fini_array*)
 .fini_array    0x000000000800b2d4        0x4 /home/odemki/Programs/programs/STM32IDE/1/en.en-st-stm32cubeide_1-5-0_8698_20201117_1050_amd64_sh/makeself_dir_5QpOGP/y/plugins/com.st.stm32cube.ide.mcu.externaltools.gnu-tools-for-stm32.9-2020-q2-update.linux64_1.5.0.202011040924/tools/bin/../lib/gcc/arm-none-eabi/9.3.1/thumb/v7e-m+fp/hard/crtbegin.o
                [!provide]                        PROVIDE (__fini_array_end = .)
                0x000000000800b2d8                . = ALIGN (0x4)
                0x000000000800b2d8                _sidata = LOADADDR (.data)

.data           0x0000000020000000       0x9c load address 0x000000000800b2d8
                0x0000000020000000                . = ALIGN (0x4)
                0x0000000020000000                _sdata = .
 *(.data)
 *(.data*)
 .data.LCD_HEIGHT
                0x0000000020000000        0x2 Core/Src/ILI9341_STM32_Driver.o
                0x0000000020000000                LCD_HEIGHT
 .data.LCD_WIDTH
                0x0000000020000002        0x2 Core/Src/ILI9341_STM32_Driver.o
                0x0000000020000002                LCD_WIDTH
 .data.CurrentMenuItem
                0x0000000020000004        0x4 Core/Src/LCD.o
 .data.i        0x0000000020000008        0x4 Core/Src/stm32f4xx_it.o
                0x0000000020000008                i
 .data.SystemCoreClock
                0x000000002000000c        0x4 Core/Src/system_stm32f4xx.o
                0x000000002000000c                SystemCoreClock
 .data.uwTickPrio
                0x0000000020000010        0x4 Drivers/STM32F4xx_HAL_Driver/Src/stm32f4xx_hal.o
                0x0000000020000010                uwTickPrio
 .data.uwTickFreq
                0x0000000020000014        0x1 Drivers/STM32F4xx_HAL_Driver/Src/stm32f4xx_hal.o
                0x0000000020000014                uwTickFreq
 *fill*         0x0000000020000015        0x3 
 .data.CDC_Class
                0x0000000020000018       0x20 Middlewares/ST/STM32_USB_Host_Library/Class/CDC/Src/usbh_cdc.o
                0x0000000020000018                CDC_Class
 .data._impure_ptr
                0x0000000020000038        0x4 /home/odemki/Programs/programs/STM32IDE/1/en.en-st-stm32cubeide_1-5-0_8698_20201117_1050_amd64_sh/makeself_dir_5QpOGP/y/plugins/com.st.stm32cube.ide.mcu.externaltools.gnu-tools-for-stm32.9-2020-q2-update.linux64_1.5.0.202011040924/tools/bin/../lib/gcc/arm-none-eabi/9.3.1/../../../../arm-none-eabi/lib/thumb/v7e-m+fp/hard/libc_nano.a(lib_a-impure.o)
                0x0000000020000038                _impure_ptr
 .data.impure_data
                0x000000002000003c       0x60 /home/odemki/Programs/programs/STM32IDE/1/en.en-st-stm32cubeide_1-5-0_8698_20201117_1050_amd64_sh/makeself_dir_5QpOGP/y/plugins/com.st.stm32cube.ide.mcu.externaltools.gnu-tools-for-stm32.9-2020-q2-update.linux64_1.5.0.202011040924/tools/bin/../lib/gcc/arm-none-eabi/9.3.1/../../../../arm-none-eabi/lib/thumb/v7e-m+fp/hard/libc_nano.a(lib_a-impure.o)
 *(.RamFunc)
 *(.RamFunc*)
                0x000000002000009c                . = ALIGN (0x4)
                0x000000002000009c                _edata = .

.igot.plt       0x000000002000009c        0x0 load address 0x000000000800b374
 .igot.plt      0x000000002000009c        0x0 /home/odemki/Programs/programs/STM32IDE/1/en.en-st-stm32cubeide_1-5-0_8698_20201117_1050_amd64_sh/makeself_dir_5QpOGP/y/plugins/com.st.stm32cube.ide.mcu.externaltools.gnu-tools-for-stm32.9-2020-q2-update.linux64_1.5.0.202011040924/tools/bin/../lib/gcc/arm-none-eabi/9.3.1/thumb/v7e-m+fp/hard/crtbegin.o
                0x000000002000009c                . = ALIGN (0x4)

.bss            0x000000002000009c      0x984 load address 0x000000000800b374
                0x000000002000009c                _sbss = .
                0x000000002000009c                __bss_start__ = _sbss
 *(.bss)
 .bss           0x000000002000009c       0x1c /home/odemki/Programs/programs/STM32IDE/1/en.en-st-stm32cubeide_1-5-0_8698_20201117_1050_amd64_sh/makeself_dir_5QpOGP/y/plugins/com.st.stm32cube.ide.mcu.externaltools.gnu-tools-for-stm32.9-2020-q2-update.linux64_1.5.0.202011040924/tools/bin/../lib/gcc/arm-none-eabi/9.3.1/thumb/v7e-m+fp/hard/crtbegin.o
 *(.bss*)
 .bss.MenuWriteFunc
                0x00000000200000b8        0x4 Core/Src/LCD.o
 .bss.flagPressed
                0x00000000200000bc        0x1 Core/Src/LCD.o
                0x00000000200000bc                flagPressed
 *fill*         0x00000000200000bd        0x3 
 .bss.movement  0x00000000200000c0        0x4 Core/Src/stm32f4xx_it.o
                0x00000000200000c0                movement
 .bss.__sbrk_heap_end
                0x00000000200000c4        0x4 Core/Src/sysmem.o
 .bss.Appli_state
                0x00000000200000c8        0x1 USB_HOST/App/usb_host.o
                0x00000000200000c8                Appli_state
 *fill*         0x00000000200000c9        0x3 
 .bss.__malloc_free_list
                0x00000000200000cc        0x4 /home/odemki/Programs/programs/STM32IDE/1/en.en-st-stm32cubeide_1-5-0_8698_20201117_1050_amd64_sh/makeself_dir_5QpOGP/y/plugins/com.st.stm32cube.ide.mcu.externaltools.gnu-tools-for-stm32.9-2020-q2-update.linux64_1.5.0.202011040924/tools/bin/../lib/gcc/arm-none-eabi/9.3.1/../../../../arm-none-eabi/lib/thumb/v7e-m+fp/hard/libc_nano.a(lib_a-nano-mallocr.o)
                0x00000000200000cc                __malloc_free_list
 .bss.__malloc_sbrk_start
                0x00000000200000d0        0x4 /home/odemki/Programs/programs/STM32IDE/1/en.en-st-stm32cubeide_1-5-0_8698_20201117_1050_amd64_sh/makeself_dir_5QpOGP/y/plugins/com.st.stm32cube.ide.mcu.externaltools.gnu-tools-for-stm32.9-2020-q2-update.linux64_1.5.0.202011040924/tools/bin/../lib/gcc/arm-none-eabi/9.3.1/../../../../arm-none-eabi/lib/thumb/v7e-m+fp/hard/libc_nano.a(lib_a-nano-mallocr.o)
                0x00000000200000d0                __malloc_sbrk_start
 *(COMMON)
 COMMON         0x00000000200000d4       0x28 Core/Src/ILI9341_GFX.o
                0x00000000200000d4                keyboard
 COMMON         0x00000000200000fc      0x234 Core/Src/main.o
                0x00000000200000fc                hi2c3
                0x0000000020000150                hspi2
                0x00000000200001a8                htim3
                0x00000000200001f0                htim1
                0x0000000020000238                hrng
                0x0000000020000248                hspi1
                0x00000000200002a0                htim2
                0x00000000200002e8                hi2s3
 COMMON         0x0000000020000330        0x4 Drivers/STM32F4xx_HAL_Driver/Src/stm32f4xx_hal.o
                0x0000000020000330                uwTick
 COMMON         0x0000000020000334      0x3d8 USB_HOST/App/usb_host.o
                0x0000000020000334                hUsbHostFS
 COMMON         0x000000002000070c      0x304 USB_HOST/Target/usbh_conf.o
                0x000000002000070c                hhcd_USB_OTG_FS
 COMMON         0x0000000020000a10        0x4 /home/odemki/Programs/programs/STM32IDE/1/en.en-st-stm32cubeide_1-5-0_8698_20201117_1050_amd64_sh/makeself_dir_5QpOGP/y/plugins/com.st.stm32cube.ide.mcu.externaltools.gnu-tools-for-stm32.9-2020-q2-update.linux64_1.5.0.202011040924/tools/bin/../lib/gcc/arm-none-eabi/9.3.1/../../../../arm-none-eabi/lib/thumb/v7e-m+fp/hard/libc_nano.a(lib_a-reent.o)
                0x0000000020000a10                errno
 COMMON         0x0000000020000a14        0x9 /home/odemki/Programs/programs/STM32IDE/1/en.en-st-stm32cubeide_1-5-0_8698_20201117_1050_amd64_sh/makeself_dir_5QpOGP/y/plugins/com.st.stm32cube.ide.mcu.externaltools.gnu-tools-for-stm32.9-2020-q2-update.linux64_1.5.0.202011040924/tools/bin/../lib/gcc/arm-none-eabi/9.3.1/../../../../arm-none-eabi/lib/thumb/v7e-m+fp/hard/libc_nano.a(lib_a-lock.o)
                0x0000000020000a14                __lock___atexit_recursive_mutex
                0x0000000020000a15                __lock___arc4random_mutex
                0x0000000020000a16                __lock___env_recursive_mutex
                0x0000000020000a17                __lock___sinit_recursive_mutex
                0x0000000020000a18                __lock___malloc_recursive_mutex
                0x0000000020000a19                __lock___at_quick_exit_mutex
                0x0000000020000a1a                __lock___dd_hash_mutex
                0x0000000020000a1b                __lock___tz_mutex
                0x0000000020000a1c                __lock___sfp_recursive_mutex
                0x0000000020000a20                . = ALIGN (0x4)
 *fill*         0x0000000020000a1d        0x3 
                0x0000000020000a20                _ebss = .
                0x0000000020000a20                __bss_end__ = _ebss

._user_heap_stack
                0x0000000020000a20      0x600 load address 0x000000000800b374
                0x0000000020000a20                . = ALIGN (0x8)
                [!provide]                        PROVIDE (end = .)
                0x0000000020000a20                PROVIDE (_end = .)
                0x0000000020000c20                . = (. + _Min_Heap_Size)
 *fill*         0x0000000020000a20      0x200 
                0x0000000020001020                . = (. + _Min_Stack_Size)
 *fill*         0x0000000020000c20      0x400 
                0x0000000020001020                . = ALIGN (0x8)

/DISCARD/
 libc.a(*)
 libm.a(*)
 libgcc.a(*)

.ARM.attributes
                0x0000000000000000       0x30
 *(.ARM.attributes)
 .ARM.attributes
                0x0000000000000000       0x1e /home/odemki/Programs/programs/STM32IDE/1/en.en-st-stm32cubeide_1-5-0_8698_20201117_1050_amd64_sh/makeself_dir_5QpOGP/y/plugins/com.st.stm32cube.ide.mcu.externaltools.gnu-tools-for-stm32.9-2020-q2-update.linux64_1.5.0.202011040924/tools/bin/../lib/gcc/arm-none-eabi/9.3.1/thumb/v7e-m+fp/hard/crti.o
 .ARM.attributes
                0x000000000000001e       0x34 /home/odemki/Programs/programs/STM32IDE/1/en.en-st-stm32cubeide_1-5-0_8698_20201117_1050_amd64_sh/makeself_dir_5QpOGP/y/plugins/com.st.stm32cube.ide.mcu.externaltools.gnu-tools-for-stm32.9-2020-q2-update.linux64_1.5.0.202011040924/tools/bin/../lib/gcc/arm-none-eabi/9.3.1/thumb/v7e-m+fp/hard/crtbegin.o
 .ARM.attributes
                0x0000000000000052       0x34 Core/Src/ILI9341_GFX.o
 .ARM.attributes
                0x0000000000000086       0x34 Core/Src/ILI9341_STM32_Driver.o
 .ARM.attributes
                0x00000000000000ba       0x34 Core/Src/LCD.o
 .ARM.attributes
                0x00000000000000ee       0x34 Core/Src/keyboard.o
 .ARM.attributes
                0x0000000000000122       0x34 Core/Src/main.o
 .ARM.attributes
                0x0000000000000156       0x34 Core/Src/stm32f4xx_hal_msp.o
 .ARM.attributes
                0x000000000000018a       0x34 Core/Src/stm32f4xx_it.o
 .ARM.attributes
                0x00000000000001be       0x34 Core/Src/sysmem.o
 .ARM.attributes
                0x00000000000001f2       0x34 Core/Src/system_stm32f4xx.o
 .ARM.attributes
                0x0000000000000226       0x21 Core/Startup/startup_stm32f407vgtx.o
 .ARM.attributes
                0x0000000000000247       0x34 Drivers/STM32F4xx_HAL_Driver/Src/stm32f4xx_hal.o
 .ARM.attributes
                0x000000000000027b       0x34 Drivers/STM32F4xx_HAL_Driver/Src/stm32f4xx_hal_cortex.o
 .ARM.attributes
                0x00000000000002af       0x34 Drivers/STM32F4xx_HAL_Driver/Src/stm32f4xx_hal_gpio.o
 .ARM.attributes
                0x00000000000002e3       0x34 Drivers/STM32F4xx_HAL_Driver/Src/stm32f4xx_hal_hcd.o
 .ARM.attributes
                0x0000000000000317       0x34 Drivers/STM32F4xx_HAL_Driver/Src/stm32f4xx_hal_i2c.o
 .ARM.attributes
                0x000000000000034b       0x34 Drivers/STM32F4xx_HAL_Driver/Src/stm32f4xx_hal_i2s.o
 .ARM.attributes
                0x000000000000037f       0x34 Drivers/STM32F4xx_HAL_Driver/Src/stm32f4xx_hal_i2s_ex.o
 .ARM.attributes
                0x00000000000003b3       0x34 Drivers/STM32F4xx_HAL_Driver/Src/stm32f4xx_hal_rcc.o
 .ARM.attributes
                0x00000000000003e7       0x34 Drivers/STM32F4xx_HAL_Driver/Src/stm32f4xx_hal_rcc_ex.o
 .ARM.attributes
                0x000000000000041b       0x34 Drivers/STM32F4xx_HAL_Driver/Src/stm32f4xx_hal_rng.o
 .ARM.attributes
                0x000000000000044f       0x34 Drivers/STM32F4xx_HAL_Driver/Src/stm32f4xx_hal_spi.o
 .ARM.attributes
                0x0000000000000483       0x34 Drivers/STM32F4xx_HAL_Driver/Src/stm32f4xx_hal_tim.o
 .ARM.attributes
                0x00000000000004b7       0x34 Drivers/STM32F4xx_HAL_Driver/Src/stm32f4xx_hal_tim_ex.o
 .ARM.attributes
                0x00000000000004eb       0x34 Drivers/STM32F4xx_HAL_Driver/Src/stm32f4xx_ll_usb.o
 .ARM.attributes
                0x000000000000051f       0x34 Middlewares/ST/STM32_USB_Host_Library/Class/CDC/Src/usbh_cdc.o
 .ARM.attributes
                0x0000000000000553       0x34 Middlewares/ST/STM32_USB_Host_Library/Core/Src/usbh_core.o
 .ARM.attributes
                0x0000000000000587       0x34 Middlewares/ST/STM32_USB_Host_Library/Core/Src/usbh_ctlreq.o
 .ARM.attributes
                0x00000000000005bb       0x34 Middlewares/ST/STM32_USB_Host_Library/Core/Src/usbh_ioreq.o
 .ARM.attributes
                0x00000000000005ef       0x34 Middlewares/ST/STM32_USB_Host_Library/Core/Src/usbh_pipes.o
 .ARM.attributes
                0x0000000000000623       0x34 USB_HOST/App/usb_host.o
 .ARM.attributes
                0x0000000000000657       0x34 USB_HOST/Target/usbh_conf.o
 .ARM.attributes
                0x000000000000068b       0x34 USB_HOST/Target/usbh_platform.o
 .ARM.attributes
                0x00000000000006bf       0x34 /home/odemki/Programs/programs/STM32IDE/1/en.en-st-stm32cubeide_1-5-0_8698_20201117_1050_amd64_sh/makeself_dir_5QpOGP/y/plugins/com.st.stm32cube.ide.mcu.externaltools.gnu-tools-for-stm32.9-2020-q2-update.linux64_1.5.0.202011040924/tools/bin/../lib/gcc/arm-none-eabi/9.3.1/../../../../arm-none-eabi/lib/thumb/v7e-m+fp/hard/libc_nano.a(lib_a-errno.o)
 .ARM.attributes
                0x00000000000006f3       0x32 /home/odemki/Programs/programs/STM32IDE/1/en.en-st-stm32cubeide_1-5-0_8698_20201117_1050_amd64_sh/makeself_dir_5QpOGP/y/plugins/com.st.stm32cube.ide.mcu.externaltools.gnu-tools-for-stm32.9-2020-q2-update.linux64_1.5.0.202011040924/tools/bin/../lib/gcc/arm-none-eabi/9.3.1/../../../../arm-none-eabi/lib/thumb/v7e-m+fp/hard/libc_nano.a(lib_a-impure.o)
 .ARM.attributes
                0x0000000000000725       0x34 /home/odemki/Programs/programs/STM32IDE/1/en.en-st-stm32cubeide_1-5-0_8698_20201117_1050_amd64_sh/makeself_dir_5QpOGP/y/plugins/com.st.stm32cube.ide.mcu.externaltools.gnu-tools-for-stm32.9-2020-q2-update.linux64_1.5.0.202011040924/tools/bin/../lib/gcc/arm-none-eabi/9.3.1/../../../../arm-none-eabi/lib/thumb/v7e-m+fp/hard/libc_nano.a(lib_a-init.o)
 .ARM.attributes
                0x0000000000000759       0x34 /home/odemki/Programs/programs/STM32IDE/1/en.en-st-stm32cubeide_1-5-0_8698_20201117_1050_amd64_sh/makeself_dir_5QpOGP/y/plugins/com.st.stm32cube.ide.mcu.externaltools.gnu-tools-for-stm32.9-2020-q2-update.linux64_1.5.0.202011040924/tools/bin/../lib/gcc/arm-none-eabi/9.3.1/../../../../arm-none-eabi/lib/thumb/v7e-m+fp/hard/libc_nano.a(lib_a-malloc.o)
 .ARM.attributes
                0x000000000000078d       0x34 /home/odemki/Programs/programs/STM32IDE/1/en.en-st-stm32cubeide_1-5-0_8698_20201117_1050_amd64_sh/makeself_dir_5QpOGP/y/plugins/com.st.stm32cube.ide.mcu.externaltools.gnu-tools-for-stm32.9-2020-q2-update.linux64_1.5.0.202011040924/tools/bin/../lib/gcc/arm-none-eabi/9.3.1/../../../../arm-none-eabi/lib/thumb/v7e-m+fp/hard/libc_nano.a(lib_a-memset.o)
 .ARM.attributes
                0x00000000000007c1       0x34 /home/odemki/Programs/programs/STM32IDE/1/en.en-st-stm32cubeide_1-5-0_8698_20201117_1050_amd64_sh/makeself_dir_5QpOGP/y/plugins/com.st.stm32cube.ide.mcu.externaltools.gnu-tools-for-stm32.9-2020-q2-update.linux64_1.5.0.202011040924/tools/bin/../lib/gcc/arm-none-eabi/9.3.1/../../../../arm-none-eabi/lib/thumb/v7e-m+fp/hard/libc_nano.a(lib_a-nano-freer.o)
 .ARM.attributes
                0x00000000000007f5       0x34 /home/odemki/Programs/programs/STM32IDE/1/en.en-st-stm32cubeide_1-5-0_8698_20201117_1050_amd64_sh/makeself_dir_5QpOGP/y/plugins/com.st.stm32cube.ide.mcu.externaltools.gnu-tools-for-stm32.9-2020-q2-update.linux64_1.5.0.202011040924/tools/bin/../lib/gcc/arm-none-eabi/9.3.1/../../../../arm-none-eabi/lib/thumb/v7e-m+fp/hard/libc_nano.a(lib_a-nano-mallocr.o)
 .ARM.attributes
                0x0000000000000829       0x34 /home/odemki/Programs/programs/STM32IDE/1/en.en-st-stm32cubeide_1-5-0_8698_20201117_1050_amd64_sh/makeself_dir_5QpOGP/y/plugins/com.st.stm32cube.ide.mcu.externaltools.gnu-tools-for-stm32.9-2020-q2-update.linux64_1.5.0.202011040924/tools/bin/../lib/gcc/arm-none-eabi/9.3.1/../../../../arm-none-eabi/lib/thumb/v7e-m+fp/hard/libc_nano.a(lib_a-sbrkr.o)
 .ARM.attributes
                0x000000000000085d       0x34 /home/odemki/Programs/programs/STM32IDE/1/en.en-st-stm32cubeide_1-5-0_8698_20201117_1050_amd64_sh/makeself_dir_5QpOGP/y/plugins/com.st.stm32cube.ide.mcu.externaltools.gnu-tools-for-stm32.9-2020-q2-update.linux64_1.5.0.202011040924/tools/bin/../lib/gcc/arm-none-eabi/9.3.1/../../../../arm-none-eabi/lib/thumb/v7e-m+fp/hard/libc_nano.a(lib_a-strncat.o)
 .ARM.attributes
                0x0000000000000891       0x34 /home/odemki/Programs/programs/STM32IDE/1/en.en-st-stm32cubeide_1-5-0_8698_20201117_1050_amd64_sh/makeself_dir_5QpOGP/y/plugins/com.st.stm32cube.ide.mcu.externaltools.gnu-tools-for-stm32.9-2020-q2-update.linux64_1.5.0.202011040924/tools/bin/../lib/gcc/arm-none-eabi/9.3.1/../../../../arm-none-eabi/lib/thumb/v7e-m+fp/hard/libc_nano.a(lib_a-mlock.o)
 .ARM.attributes
                0x00000000000008c5       0x34 /home/odemki/Programs/programs/STM32IDE/1/en.en-st-stm32cubeide_1-5-0_8698_20201117_1050_amd64_sh/makeself_dir_5QpOGP/y/plugins/com.st.stm32cube.ide.mcu.externaltools.gnu-tools-for-stm32.9-2020-q2-update.linux64_1.5.0.202011040924/tools/bin/../lib/gcc/arm-none-eabi/9.3.1/../../../../arm-none-eabi/lib/thumb/v7e-m+fp/hard/libc_nano.a(lib_a-reent.o)
 .ARM.attributes
                0x00000000000008f9       0x34 /home/odemki/Programs/programs/STM32IDE/1/en.en-st-stm32cubeide_1-5-0_8698_20201117_1050_amd64_sh/makeself_dir_5QpOGP/y/plugins/com.st.stm32cube.ide.mcu.externaltools.gnu-tools-for-stm32.9-2020-q2-update.linux64_1.5.0.202011040924/tools/bin/../lib/gcc/arm-none-eabi/9.3.1/../../../../arm-none-eabi/lib/thumb/v7e-m+fp/hard/libc_nano.a(lib_a-lock.o)
 .ARM.attributes
                0x000000000000092d       0x1e /home/odemki/Programs/programs/STM32IDE/1/en.en-st-stm32cubeide_1-5-0_8698_20201117_1050_amd64_sh/makeself_dir_5QpOGP/y/plugins/com.st.stm32cube.ide.mcu.externaltools.gnu-tools-for-stm32.9-2020-q2-update.linux64_1.5.0.202011040924/tools/bin/../lib/gcc/arm-none-eabi/9.3.1/thumb/v7e-m+fp/hard/libgcc.a(_aeabi_uldivmod.o)
 .ARM.attributes
                0x000000000000094b       0x34 /home/odemki/Programs/programs/STM32IDE/1/en.en-st-stm32cubeide_1-5-0_8698_20201117_1050_amd64_sh/makeself_dir_5QpOGP/y/plugins/com.st.stm32cube.ide.mcu.externaltools.gnu-tools-for-stm32.9-2020-q2-update.linux64_1.5.0.202011040924/tools/bin/../lib/gcc/arm-none-eabi/9.3.1/thumb/v7e-m+fp/hard/libgcc.a(_udivmoddi4.o)
 .ARM.attributes
                0x000000000000097f       0x1e /home/odemki/Programs/programs/STM32IDE/1/en.en-st-stm32cubeide_1-5-0_8698_20201117_1050_amd64_sh/makeself_dir_5QpOGP/y/plugins/com.st.stm32cube.ide.mcu.externaltools.gnu-tools-for-stm32.9-2020-q2-update.linux64_1.5.0.202011040924/tools/bin/../lib/gcc/arm-none-eabi/9.3.1/thumb/v7e-m+fp/hard/libgcc.a(_dvmd_tls.o)
 .ARM.attributes
                0x000000000000099d       0x1e /home/odemki/Programs/programs/STM32IDE/1/en.en-st-stm32cubeide_1-5-0_8698_20201117_1050_amd64_sh/makeself_dir_5QpOGP/y/plugins/com.st.stm32cube.ide.mcu.externaltools.gnu-tools-for-stm32.9-2020-q2-update.linux64_1.5.0.202011040924/tools/bin/../lib/gcc/arm-none-eabi/9.3.1/thumb/v7e-m+fp/hard/crtn.o
OUTPUT(STM32F407.elf elf32-littlearm)
LOAD linker stubs
LOAD /home/odemki/Programs/programs/STM32IDE/1/en.en-st-stm32cubeide_1-5-0_8698_20201117_1050_amd64_sh/makeself_dir_5QpOGP/y/plugins/com.st.stm32cube.ide.mcu.externaltools.gnu-tools-for-stm32.9-2020-q2-update.linux64_1.5.0.202011040924/tools/bin/../lib/gcc/arm-none-eabi/9.3.1/../../../../arm-none-eabi/lib/thumb/v7e-m+fp/hard/libc.a
LOAD /home/odemki/Programs/programs/STM32IDE/1/en.en-st-stm32cubeide_1-5-0_8698_20201117_1050_amd64_sh/makeself_dir_5QpOGP/y/plugins/com.st.stm32cube.ide.mcu.externaltools.gnu-tools-for-stm32.9-2020-q2-update.linux64_1.5.0.202011040924/tools/bin/../lib/gcc/arm-none-eabi/9.3.1/../../../../arm-none-eabi/lib/thumb/v7e-m+fp/hard/libm.a
LOAD /home/odemki/Programs/programs/STM32IDE/1/en.en-st-stm32cubeide_1-5-0_8698_20201117_1050_amd64_sh/makeself_dir_5QpOGP/y/plugins/com.st.stm32cube.ide.mcu.externaltools.gnu-tools-for-stm32.9-2020-q2-update.linux64_1.5.0.202011040924/tools/bin/../lib/gcc/arm-none-eabi/9.3.1/thumb/v7e-m+fp/hard/libgcc.a

.debug_info     0x0000000000000000    0x23be8
 .debug_info    0x0000000000000000      0xe03 Core/Src/ILI9341_GFX.o
 .debug_info    0x0000000000000e03      0xc36 Core/Src/ILI9341_STM32_Driver.o
 .debug_info    0x0000000000001a39     0x16a6 Core/Src/LCD.o
 .debug_info    0x00000000000030df      0x911 Core/Src/keyboard.o