nrf24l01.c:33:22:DelayMicro	24	static
nrf24l01.c:40:9:NRF24_ReadReg	32	static
nrf24l01.c:54:6:NRF24_WriteReg	16	static
nrf24l01.c:63:6:NRF24_ToggleFeatures	16	static
nrf24l01.c:74:6:NRF24_Read_Buf	16	static
nrf24l01.c:82:6:NRF24_Write_Buf	16	static
nrf24l01.c:92:6:NRF24_FlushRX	16	static
nrf24l01.c:101:6:NRF24_FlushTX	16	static
nrf24l01.c:110:6:NRF24L01_RX_Mode	16	static
nrf24l01.c:137:6:NRF24L01_Receive	16	static
nrf24l01.c:168:6:NRF24_ini	8	static
nrf24l01.c:197:6:test_nrf	40	static
nrf24l01.c:220:6:nrf_communication_test	8	static
