LCD.c:199:6:menu	16	static
LCD.c:256:6:print_all_top_menu	16	static
LCD.c:282:6:print_all_menu_level_1_a_communication	16	static
LCD.c:308:6:print_all_menu_level_1_b_sensors	16	static
LCD.c:342:6:print_all_menu_level_1_c_sensors	16	static
LCD.c:366:6:print_all_menu_1_1_menus	16	static
LCD.c:407:6:toggle_green_led	8	static
LCD.c:412:6:clean_all_lines_of_menu	24	static
LCD.c:421:6:clearn_all_pointers_on_menu	24	static
LCD.c:430:6:show_pointer_on_menu_item	24	static
LCD.c:471:6:print_status_resdy_all_sensors_on_lcd	16	static
LCD.c:528:6:measure_and_print_all_sensors	24	static
LCD.c:588:6:print_data_from_AM2302_on_lcd	72	static
LCD.c:616:6:print_data_from_MS5611_on_lcd	88	static
LCD.c:643:6:print_data_from_MPU6050_Acc_and_Gyro_on_lcd	40	static
LCD.c:707:6:print_data_from_BME280_on_lcd	104	static
LCD.c:749:6:RED_LED_ON	8	static
LCD.c:754:6:RED_LED_OFF	8	static
LCD.c:759:13:Level1Item3_Enter	24	static
LCD.c:811:16:getPressKey	40	static
LCD.c:855:6:Generic_Write	24	static
LCD.c:864:14:Menu_GetCurrentMenu	4	static
LCD.c:872:6:Menu_Navigate	24	static
LCD.c:901:6:Menu_SetGenericWriteCallback	16	static
LCD.c:910:6:Menu_EnterCurrentItem	16	static
LCD.c:931:6:speed_test_LCD	32	static
LCD.c:966:6:test_touchsreen	64	static
