LCD.c:181:6:menu	16	static
LCD.c:238:6:print_all_top_menu	16	static
LCD.c:264:6:print_all_menu_level_1_a_communication	16	static
LCD.c:290:6:print_all_menu_level_1_b_sensors	16	static
LCD.c:318:6:print_all_menu_level_1_c_sensors	16	static
LCD.c:342:6:print_all_menu_1_1_menus	16	static
LCD.c:383:6:toggle_green_led	8	static
LCD.c:388:6:clean_all_lines_of_menu	24	static
LCD.c:397:6:clearn_all_pointers_on_menu	24	static
LCD.c:405:6:show_pointer_on_menu_item	24	static
LCD.c:453:6:RED_LED_ON	8	static
LCD.c:458:6:RED_LED_OFF	8	static
LCD.c:463:13:Level1Item3_Enter	24	static
LCD.c:515:16:getPressKey	40	static
LCD.c:560:6:Generic_Write	24	static
LCD.c:569:14:Menu_GetCurrentMenu	4	static
LCD.c:577:6:Menu_Navigate	24	static
LCD.c:606:6:Menu_SetGenericWriteCallback	16	static
LCD.c:615:6:Menu_EnterCurrentItem	16	static
LCD.c:644:6:speed_test_LCD	32	static
LCD.c:679:6:test_touchsreen	64	static
