apds9960.c:55:5:i2c1_read	40	static
apds9960.c:69:5:i2c1_write	32	static
apds9960.c:99:5:apds9960init	16	static
apds9960.c:261:5:setMode	24	static
apds9960.c:310:9:getMode	16	static
apds9960.c:342:5:setLEDDrive	24	static
apds9960.c:384:5:setProximityGain	24	static
apds9960.c:426:5:setAmbientLightGain	24	static
apds9960.c:463:5:setProxIntLowThresh	16	static
apds9960.c:486:5:setProxIntHighThresh	16	static
apds9960.c:510:5:setLightIntLowThreshold	24	static
apds9960.c:547:5:setLightIntHighThreshold	24	static
apds9960.c:584:5:setGestureIntEnable	24	static
apds9960.c:630:5:setGestureWaitTime	24	static
apds9960.c:672:5:setGestureLEDDrive	24	static
apds9960.c:715:5:setGestureGain	24	static
apds9960.c:753:5:setGestureExitThresh	16	static
apds9960.c:778:5:setGestureEnterThresh	16	static
apds9960.c:802:5:enableGestureSensor	16	static
apds9960.c:864:6:resetGestureParameters	4	static
apds9960.c:901:5:setLEDBoost	24	static
apds9960.c:939:5:setGestureMode	24	static
apds9960.c:976:5:enablePower	8	static
apds9960.c:1001:5:isGestureAvailable	16	static
apds9960.c:1036:5:readGesture	160	static
apds9960.c:1161:5:processGestureData	48	static
apds9960.c:1380:5:decodeGesture	4	static
apds9960.c:1447:5:apds9960ReadSensor	16	static
