apds9960.c:55:5:i2c1_read	40	static
apds9960.c:69:5:i2c1_write	32	static
apds9960.c:99:5:apds9960init	80	static
apds9960.c:290:5:setMode	24	static
apds9960.c:339:9:getMode	16	static
apds9960.c:371:5:setLEDDrive	24	static
apds9960.c:413:5:setProximityGain	24	static
apds9960.c:455:5:setAmbientLightGain	24	static
apds9960.c:492:5:setProxIntLowThresh	16	static
apds9960.c:515:5:setProxIntHighThresh	16	static
apds9960.c:539:5:setLightIntLowThreshold	24	static
apds9960.c:576:5:setLightIntHighThreshold	24	static
apds9960.c:613:5:setGestureIntEnable	24	static
apds9960.c:659:5:setGestureWaitTime	24	static
apds9960.c:701:5:setGestureLEDDrive	24	static
apds9960.c:744:5:setGestureGain	24	static
apds9960.c:782:5:setGestureExitThresh	16	static
apds9960.c:807:5:setGestureEnterThresh	16	static
apds9960.c:844:5:enableGestureSensor	16	static
apds9960.c:906:6:resetGestureParameters	4	static
apds9960.c:943:5:setLEDBoost	24	static
apds9960.c:981:5:setGestureMode	24	static
apds9960.c:1018:5:enablePower	8	static
apds9960.c:1043:5:isGestureAvailable	16	static
apds9960.c:1078:5:readGesture	160	static
apds9960.c:1203:5:processGestureData	48	static
apds9960.c:1422:5:decodeGesture	4	static
apds9960.c:1489:5:apds9960ReadSensor	16	static
