apds9960.c:55:5:i2c1_read	40	static
apds9960.c:69:5:i2c1_write	32	static
apds9960.c:99:5:apds9960init	96	static
apds9960.c:294:5:setMode	24	static
apds9960.c:343:9:getMode	16	static
apds9960.c:375:5:setLEDDrive	24	static
apds9960.c:417:5:setProximityGain	24	static
apds9960.c:459:5:setAmbientLightGain	24	static
apds9960.c:496:5:setProxIntLowThresh	16	static
apds9960.c:519:5:setProxIntHighThresh	16	static
apds9960.c:543:5:setLightIntLowThreshold	24	static
apds9960.c:580:5:setLightIntHighThreshold	24	static
apds9960.c:617:5:setGestureIntEnable	24	static
apds9960.c:663:5:setGestureWaitTime	24	static
apds9960.c:705:5:setGestureLEDDrive	24	static
apds9960.c:748:5:setGestureGain	24	static
apds9960.c:786:5:setGestureExitThresh	16	static
apds9960.c:811:5:setGestureEnterThresh	16	static
apds9960.c:848:5:enableGestureSensor	16	static
apds9960.c:910:6:resetGestureParameters	4	static
apds9960.c:947:5:setLEDBoost	24	static
apds9960.c:985:5:setGestureMode	24	static
apds9960.c:1022:5:enablePower	8	static
apds9960.c:1047:5:isGestureAvailable	16	static
apds9960.c:1082:5:readGesture	160	static
apds9960.c:1207:5:processGestureData	48	static
apds9960.c:1426:5:decodeGesture	4	static
apds9960.c:1493:5:apds9960ReadSensor	16	static
