hmc5883l.c:15:8:HMC5883L_readRaw	40	static
hmc5883l.c:24:8:HMC5883L_readNormalize	40	static
hmc5883l.c:33:6:HMC5883L_setOffset	16	static
hmc5883l.c:39:6:HMC5883L_setRange	16	static
hmc5883l.c:82:18:HMC5883L_getRange	8	static
hmc5883l.c:87:6:HMC5883L_setMeasurementMode	24	static
hmc5883l.c:98:17:HMC5883L_getMeasurementMode	16	static
hmc5883l.c:108:6:HMC5883L_setDataRate	24	static
hmc5883l.c:119:21:HMC5883L_getDataRate	16	static
hmc5883l.c:130:6:HMC5883L_setSamples	24	static
hmc5883l.c:141:20:HMC5883L_getSamples	16	static
hmc5883l.c:153:6:HMC5883L_writeRegister8	32	static
hmc5883l.c:159:9:HMC5883L_fastRegister8	40	static
hmc5883l.c:168:9:HMC5883L_readRegister8	40	static
hmc5883l.c:176:9:HMC5883L_readRegister16	40	static
