main_sensor_file.c:44:8:user_i2c_read	24	static
main_sensor_file.c:52:6:user_delay_ms	16	static
main_sensor_file.c:57:8:user_i2c_write	32	static
main_sensor_file.c:112:6:detect_all_sensors_and_init	8	static
main_sensor_file.c:134:6:measure_sensors	8	static
main_sensor_file.c:145:8:init_mpu6050	4	static
main_sensor_file.c:150:6:mpu6050_measure	4	static
main_sensor_file.c:155:8:init_bme280	8	static
main_sensor_file.c:177:6:bme280_measure	8	static
main_sensor_file.c:223:6:detect_bme280	32	static
main_sensor_file.c:243:6:detect_mpu6050	40	static
main_sensor_file.c:283:6:denect_hmc5883l	32	static
main_sensor_file.c:312:6:detect_ms5611	32	static
main_sensor_file.c:331:6:detect_apds9960	32	static
main_sensor_file.c:351:6:detect_oled_screen	24	static
main_sensor_file.c:370:6:detect_ds3231	32	static
