main_sensor_file.c:44:8:user_i2c_read	24	static
main_sensor_file.c:52:6:user_delay_ms	16	static
main_sensor_file.c:57:8:user_i2c_write	32	static
main_sensor_file.c:115:6:detect_all_sensors_and_init	8	static
main_sensor_file.c:137:6:measure_sensors	8	static
main_sensor_file.c:149:8:init_mpu6050	8	static
main_sensor_file.c:161:6:mpu6050_measure	8	static
main_sensor_file.c:176:8:init_bme280	8	static
main_sensor_file.c:198:6:bme280_measure	8	static
main_sensor_file.c:244:6:detect_bme280	32	static
main_sensor_file.c:264:6:detect_mpu6050	40	static
main_sensor_file.c:304:6:denect_hmc5883l	32	static
main_sensor_file.c:333:6:detect_ms5611	32	static
main_sensor_file.c:352:6:detect_apds9960	32	static
main_sensor_file.c:372:6:detect_oled_screen	24	static
main_sensor_file.c:391:6:detect_ds3231	32	static
