main_sensor_file.c:51:8:user_i2c_read	24	static
main_sensor_file.c:59:6:user_delay_ms	16	static
main_sensor_file.c:64:8:user_i2c_write	32	static
main_sensor_file.c:147:6:detect_all_sensors_and_init	8	static
main_sensor_file.c:182:6:measure_sensors	8	static
main_sensor_file.c:203:6:am2302_measure	8	static
main_sensor_file.c:265:6:init_apds9960	24	static
main_sensor_file.c:381:6:apds9960_measure	4	static
main_sensor_file.c:386:8:init_ms5611	8	static
main_sensor_file.c:392:6:ms5611_measure	8	static
main_sensor_file.c:400:8:init_mpu6050	8	static
main_sensor_file.c:412:6:mpu6050_measure	8	static
main_sensor_file.c:427:8:init_bme280	8	static
main_sensor_file.c:449:6:bme280_measure	8	static
main_sensor_file.c:496:6:detect_bme280	32	static
main_sensor_file.c:518:6:detect_mpu6050	40	static
main_sensor_file.c:558:6:denect_hmc5883l	32	static
main_sensor_file.c:587:6:detect_ms5611	32	static
main_sensor_file.c:606:6:detect_apds9960	32	static
main_sensor_file.c:626:6:detect_oled_screen	24	static
main_sensor_file.c:645:6:detect_ds3231	32	static
