main_sensor_file.c:47:8:user_i2c_read	24	static
main_sensor_file.c:55:6:user_delay_ms	16	static
main_sensor_file.c:60:8:user_i2c_write	32	static
main_sensor_file.c:135:6:detect_all_sensors_and_init	8	static
main_sensor_file.c:170:6:measure_sensors	8	static
main_sensor_file.c:181:6:init_apds9960	16	static
main_sensor_file.c:195:6:apds9960_measure	4	static
main_sensor_file.c:200:8:init_ms5611	8	static
main_sensor_file.c:206:6:ms5611_measure	24	static
main_sensor_file.c:214:8:init_mpu6050	8	static
main_sensor_file.c:226:6:mpu6050_measure	8	static
main_sensor_file.c:241:8:init_bme280	8	static
main_sensor_file.c:263:6:bme280_measure	8	static
main_sensor_file.c:310:6:detect_bme280	32	static
main_sensor_file.c:332:6:detect_mpu6050	40	static
main_sensor_file.c:372:6:denect_hmc5883l	32	static
main_sensor_file.c:401:6:detect_ms5611	32	static
main_sensor_file.c:420:6:detect_apds9960	32	static
main_sensor_file.c:440:6:detect_oled_screen	24	static
main_sensor_file.c:459:6:detect_ds3231	32	static
