main_sensor_file.c:47:8:user_i2c_read	24	static
main_sensor_file.c:55:6:user_delay_ms	16	static
main_sensor_file.c:60:8:user_i2c_write	32	static
main_sensor_file.c:133:6:detect_all_sensors_and_init	8	static
main_sensor_file.c:163:6:measure_sensors	8	static
main_sensor_file.c:174:8:init_ms5611	8	static
main_sensor_file.c:181:6:ms5611_measure	24	static
main_sensor_file.c:189:8:init_mpu6050	8	static
main_sensor_file.c:201:6:mpu6050_measure	8	static
main_sensor_file.c:216:8:init_bme280	8	static
main_sensor_file.c:238:6:bme280_measure	8	static
main_sensor_file.c:285:6:detect_bme280	32	static
main_sensor_file.c:307:6:detect_mpu6050	40	static
main_sensor_file.c:347:6:denect_hmc5883l	32	static
main_sensor_file.c:376:6:detect_ms5611	32	static
main_sensor_file.c:395:6:detect_apds9960	32	static
main_sensor_file.c:415:6:detect_oled_screen	24	static
main_sensor_file.c:434:6:detect_ds3231	32	static
