main_sensor_file.c:51:8:user_i2c_read	24	static
main_sensor_file.c:59:6:user_delay_ms	16	static
main_sensor_file.c:64:8:user_i2c_write	32	static
main_sensor_file.c:153:6:detect_all_sensors_and_init	8	static
main_sensor_file.c:193:6:measure_sensors	16	static
main_sensor_file.c:220:6:init_apds9960	24	static
main_sensor_file.c:336:6:apds9960_measure	4	static
main_sensor_file.c:345:22:DelayMicro	24	static
main_sensor_file.c:352:6:init_am2302	8	static
main_sensor_file.c:362:6:am2302_measure	32	static
main_sensor_file.c:462:6:init_ms5611	8	static
main_sensor_file.c:468:6:ms5611_measure	8	static
main_sensor_file.c:476:8:init_mpu6050	8	static
main_sensor_file.c:488:6:mpu6050_measure	8	static
main_sensor_file.c:503:8:init_bme280	8	static
main_sensor_file.c:525:6:bme280_measure	8	static
main_sensor_file.c:572:6:detect_bme280	32	static
main_sensor_file.c:594:6:detect_mpu6050	40	static
main_sensor_file.c:634:6:denect_hmc5883l	32	static
main_sensor_file.c:663:6:detect_ms5611	32	static
main_sensor_file.c:682:6:detect_apds9960	32	static
main_sensor_file.c:702:6:detect_oled_screen	24	static
main_sensor_file.c:721:6:detect_ds3231	32	static
