main_sensor_file.c:46:8:user_i2c_read	24	static
main_sensor_file.c:54:6:user_delay_ms	16	static
main_sensor_file.c:59:8:user_i2c_write	32	static
main_sensor_file.c:126:6:detect_all_sensors_and_init	8	static
main_sensor_file.c:155:6:measure_sensors	8	static
main_sensor_file.c:168:8:init_ms5611	8	static
main_sensor_file.c:174:6:ms5611_measure	4	static
main_sensor_file.c:179:8:init_mpu6050	8	static
main_sensor_file.c:191:6:mpu6050_measure	8	static
main_sensor_file.c:206:8:init_bme280	8	static
main_sensor_file.c:228:6:bme280_measure	8	static
main_sensor_file.c:274:6:detect_bme280	32	static
main_sensor_file.c:294:6:detect_mpu6050	40	static
main_sensor_file.c:334:6:denect_hmc5883l	32	static
main_sensor_file.c:363:6:detect_ms5611	32	static
main_sensor_file.c:382:6:detect_apds9960	32	static
main_sensor_file.c:402:6:detect_oled_screen	24	static
main_sensor_file.c:421:6:detect_ds3231	32	static
