main_sensor_file.c:47:8:user_i2c_read	24	static
main_sensor_file.c:55:6:user_delay_ms	16	static
main_sensor_file.c:60:8:user_i2c_write	32	static
main_sensor_file.c:135:6:detect_all_sensors_and_init	8	static
main_sensor_file.c:170:6:measure_sensors	8	static
main_sensor_file.c:181:6:init_apds9960	16	static
main_sensor_file.c:211:6:apds9960_measure	4	static
main_sensor_file.c:216:8:init_ms5611	8	static
main_sensor_file.c:222:6:ms5611_measure	24	static
main_sensor_file.c:230:8:init_mpu6050	8	static
main_sensor_file.c:242:6:mpu6050_measure	8	static
main_sensor_file.c:257:8:init_bme280	8	static
main_sensor_file.c:279:6:bme280_measure	8	static
main_sensor_file.c:326:6:detect_bme280	32	static
main_sensor_file.c:348:6:detect_mpu6050	40	static
main_sensor_file.c:388:6:denect_hmc5883l	32	static
main_sensor_file.c:417:6:detect_ms5611	32	static
main_sensor_file.c:436:6:detect_apds9960	32	static
main_sensor_file.c:456:6:detect_oled_screen	24	static
main_sensor_file.c:475:6:detect_ds3231	32	static
