main_sensor_file.c:49:8:user_i2c_read	24	static
main_sensor_file.c:57:6:user_delay_ms	16	static
main_sensor_file.c:62:8:user_i2c_write	32	static
main_sensor_file.c:145:6:detect_all_sensors_and_init	8	static
main_sensor_file.c:180:6:measure_sensors	8	static
main_sensor_file.c:193:6:am2302_measure	4	static
main_sensor_file.c:199:6:init_apds9960	24	static
main_sensor_file.c:315:6:apds9960_measure	4	static
main_sensor_file.c:320:8:init_ms5611	8	static
main_sensor_file.c:326:6:ms5611_measure	24	static
main_sensor_file.c:334:8:init_mpu6050	8	static
main_sensor_file.c:346:6:mpu6050_measure	8	static
main_sensor_file.c:361:8:init_bme280	8	static
main_sensor_file.c:383:6:bme280_measure	8	static
main_sensor_file.c:430:6:detect_bme280	32	static
main_sensor_file.c:452:6:detect_mpu6050	40	static
main_sensor_file.c:492:6:denect_hmc5883l	32	static
main_sensor_file.c:521:6:detect_ms5611	32	static
main_sensor_file.c:540:6:detect_apds9960	32	static
main_sensor_file.c:560:6:detect_oled_screen	24	static
main_sensor_file.c:579:6:detect_ds3231	32	static
