main_sensor_file.c:51:8:user_i2c_read	24	static
main_sensor_file.c:59:6:user_delay_ms	16	static
main_sensor_file.c:64:8:user_i2c_write	32	static
main_sensor_file.c:147:6:detect_all_sensors_and_init	8	static
main_sensor_file.c:182:6:measure_sensors	8	static
main_sensor_file.c:202:6:am2302_measure	8	static
main_sensor_file.c:264:6:init_apds9960	24	static
main_sensor_file.c:380:6:apds9960_measure	4	static
main_sensor_file.c:385:8:init_ms5611	8	static
main_sensor_file.c:391:6:ms5611_measure	24	static
main_sensor_file.c:399:8:init_mpu6050	8	static
main_sensor_file.c:411:6:mpu6050_measure	8	static
main_sensor_file.c:426:8:init_bme280	8	static
main_sensor_file.c:448:6:bme280_measure	8	static
main_sensor_file.c:495:6:detect_bme280	32	static
main_sensor_file.c:517:6:detect_mpu6050	40	static
main_sensor_file.c:557:6:denect_hmc5883l	32	static
main_sensor_file.c:586:6:detect_ms5611	32	static
main_sensor_file.c:605:6:detect_apds9960	32	static
main_sensor_file.c:625:6:detect_oled_screen	24	static
main_sensor_file.c:644:6:detect_ds3231	32	static
