main_sensor_file.c:47:8:user_i2c_read	24	static
main_sensor_file.c:55:6:user_delay_ms	16	static
main_sensor_file.c:60:8:user_i2c_write	32	static
main_sensor_file.c:107:6:detect_all_sensors_and_init	8	static
main_sensor_file.c:124:6:measure	8	static
main_sensor_file.c:135:8:init_bme280	8	static
main_sensor_file.c:156:6:bme280_measure	8	static
main_sensor_file.c:172:6:mpu6050	4	static
main_sensor_file.c:205:6:detect_bme280	32	static
main_sensor_file.c:225:6:detect_mpu6050	40	static
main_sensor_file.c:265:6:denect_hmc5883l	32	static
main_sensor_file.c:294:6:detect_ms5611	32	static
main_sensor_file.c:313:6:detect_apds9960	32	static
main_sensor_file.c:333:6:detect_oled_screen	24	static
main_sensor_file.c:352:6:detect_ds3231	32	static
