main_sensor_file.c:51:8:user_i2c_read	24	static
main_sensor_file.c:59:6:user_delay_ms	16	static
main_sensor_file.c:64:8:user_i2c_write	32	static
main_sensor_file.c:153:6:detect_all_sensors_and_init	8	static
main_sensor_file.c:193:6:measure_sensors	8	static
main_sensor_file.c:212:6:init_apds9960	24	static
main_sensor_file.c:328:6:apds9960_measure	4	static
main_sensor_file.c:337:22:DelayMicro	24	static
main_sensor_file.c:344:6:init_am2302	8	static
main_sensor_file.c:354:6:am2302_measure	32	static
main_sensor_file.c:454:6:init_ms5611	8	static
main_sensor_file.c:460:6:ms5611_measure	8	static
main_sensor_file.c:468:8:init_mpu6050	8	static
main_sensor_file.c:480:6:mpu6050_measure	8	static
main_sensor_file.c:495:8:init_bme280	8	static
main_sensor_file.c:517:6:bme280_measure	8	static
main_sensor_file.c:564:6:detect_bme280	32	static
main_sensor_file.c:586:6:detect_mpu6050	40	static
main_sensor_file.c:626:6:denect_hmc5883l	32	static
main_sensor_file.c:655:6:detect_ms5611	32	static
main_sensor_file.c:674:6:detect_apds9960	32	static
main_sensor_file.c:694:6:detect_oled_screen	24	static
main_sensor_file.c:713:6:detect_ds3231	32	static
