main_sensor_file.c:48:8:user_i2c_read	24	static
main_sensor_file.c:56:6:user_delay_ms	16	static
main_sensor_file.c:61:8:user_i2c_write	32	static
main_sensor_file.c:108:6:detect_all_sensors	8	static
main_sensor_file.c:121:6:measure	8	static
main_sensor_file.c:135:8:init_bme280	8	static
main_sensor_file.c:157:6:bme280_measure	16	static
main_sensor_file.c:189:6:mpu6050	4	static
main_sensor_file.c:222:6:detect_bme280	32	static
main_sensor_file.c:242:6:detect_mpu6050	40	static
main_sensor_file.c:282:6:denect_hmc5883l	32	static
main_sensor_file.c:311:6:detect_ms5611	32	static
main_sensor_file.c:330:6:detect_apds9960	32	static
main_sensor_file.c:350:6:detect_oled_screen	24	static
main_sensor_file.c:369:6:detect_ds3231	32	static
