bme280.c:357:8:bme280_init	24	static
bme280.c:397:8:bme280_get_regs	40	static
bme280.c:422:8:bme280_set_regs	64	static
bme280.c:472:8:bme280_set_sensor_settings	24	static
bme280.c:503:8:bme280_get_sensor_settings	24	static
bme280.c:523:8:bme280_set_sensor_mode	24	static
bme280.c:548:8:bme280_get_sensor_mode	24	static
bme280.c:568:8:bme280_soft_reset	24	static
bme280.c:593:8:bme280_get_sensor_data	48	static
bme280.c:626:6:bme280_parse_sensor_data	32	static
bme280.c:657:8:bme280_compensate_data	32	static
bme280.c:691:15:set_osr_settings	32	static
bme280.c:707:15:set_osr_humidity_settings	24	static
bme280.c:733:15:set_osr_press_temp_settings	32	static
bme280.c:758:15:set_filter_standby_settings	32	static
bme280.c:783:13:fill_filter_settings	16	static
bme280.c:792:13:fill_standby_settings	16	static
bme280.c:801:13:fill_osr_press_settings	16	static
bme280.c:810:13:fill_osr_temp_settings	16	static
bme280.c:820:13:parse_device_settings	16	static
bme280.c:831:15:write_power_mode	24	static
bme280.c:853:15:put_device_to_sleep	32	static
bme280.c:874:15:reload_device_settings	24	static
bme280.c:890:15:compensate_temperature	64	static
bme280.c:918:15:compensate_pressure	72	static
bme280.c:958:15:compensate_humidity	96	static
bme280.c:1152:15:get_calib_data	48	static
bme280.c:1184:13:interleave_reg_addr	32	static
bme280.c:1198:13:parse_temp_press_calib_data	24	static
bme280.c:1222:13:parse_humidity_calib_data	32	static
bme280.c:1247:16:are_settings_changed	24	static
bme280.c:1266:15:null_ptr_check	24	static
