LCD.c:119:6:menu	16	static
LCD.c:174:6:print_all_top_menu	16	static
LCD.c:229:6:print_all_menu_1_menus	16	static
LCD.c:277:6:print_all_menu_1_1_menus	16	static
LCD.c:325:6:tongle_green_led	8	static
LCD.c:331:6:print_main_menus	16	static
LCD.c:345:6:RED_LED_ON	8	static
LCD.c:350:6:RED_LED_OFF	8	static
LCD.c:355:13:Level1Item3_Enter	24	static
LCD.c:407:16:getPressKey	40	static
LCD.c:452:6:Generic_Write	24	static
LCD.c:461:14:Menu_GetCurrentMenu	4	static
LCD.c:469:6:Menu_Navigate	24	static
LCD.c:498:6:Menu_SetGenericWriteCallback	16	static
LCD.c:507:6:Menu_EnterCurrentItem	16	static
LCD.c:531:6:lcd_menu	16	static
LCD.c:544:6:speed_test_LCD	32	static
LCD.c:579:6:test_touchsreen	64	static
