LCD.c:87:6:menu	16	static
LCD.c:140:6:print_all_top_menu	8	static
LCD.c:147:6:print_main_menus	24	static
LCD.c:157:6:print_sign	24	static
LCD.c:165:6:RED_LED_ON	8	static
LCD.c:170:6:RED_LED_OFF	8	static
LCD.c:175:13:Level1Item3_Enter	24	static
LCD.c:220:16:getPressKey	40	static
LCD.c:265:6:Generic_Write	24	static
LCD.c:274:14:Menu_GetCurrentMenu	4	static
LCD.c:282:6:Menu_Navigate	24	static
LCD.c:311:6:Menu_SetGenericWriteCallback	16	static
LCD.c:319:6:Menu_EnterCurrentItem	16	static
LCD.c:343:6:lcd_menu	16	static
LCD.c:356:6:speed_test_LCD	32	static
LCD.c:391:6:test_touchsreen	64	static
