main.c:118:5:main	48	static
main.c:375:6:SystemClock_Config	104	static
main.c:426:13:MX_NVIC_Init	8	static
main.c:438:13:MX_I2C2_Init	8	static
main.c:472:13:MX_I2C3_Init	8	static
main.c:506:13:MX_I2S3_Init	8	static
main.c:540:13:MX_RNG_Init	8	static
main.c:566:13:MX_SPI1_Init	8	static
main.c:604:13:MX_SPI2_Init	8	static
main.c:642:13:MX_TIM1_Init	56	static
main.c:692:13:MX_TIM2_Init	32	static
main.c:737:13:MX_TIM3_Init	64	static
main.c:795:13:MX_GPIO_Init	56	static
main.c:945:6:Error_Handler	4	static,ignoring_inline_asm
