main.c:118:5:main	48	static
main.c:384:6:SystemClock_Config	104	static
main.c:435:13:MX_NVIC_Init	8	static
main.c:447:13:MX_I2C2_Init	8	static
main.c:481:13:MX_I2C3_Init	8	static
main.c:515:13:MX_I2S3_Init	8	static
main.c:549:13:MX_RNG_Init	8	static
main.c:575:13:MX_SPI1_Init	8	static
main.c:613:13:MX_SPI2_Init	8	static
main.c:651:13:MX_TIM1_Init	56	static
main.c:701:13:MX_TIM2_Init	32	static
main.c:746:13:MX_TIM3_Init	64	static
main.c:804:13:MX_GPIO_Init	56	static
main.c:954:6:Error_Handler	4	static,ignoring_inline_asm
